Archive member included to satisfy reference by file (symbol)

/usr/lib/gcc/arm-none-eabi/9.2.1/thumb/v6-m/nofp/libgcc.a(_dvmd_tls.o)
                              CMakeFiles/UART_rs485_transceiver.dir/home/simone/pico/pico-sdk/src/rp2_common/pico_divider/divider.S.obj (__aeabi_idiv0)
/usr/lib/gcc/arm-none-eabi/9.2.1/../../../arm-none-eabi/lib/thumb/v6-m/nofp/libg.a(lib_a-atexit.o)
                              /usr/lib/gcc/arm-none-eabi/9.2.1/../../../arm-none-eabi/lib/thumb/v6-m/nofp/crt0.o (atexit)
/usr/lib/gcc/arm-none-eabi/9.2.1/../../../arm-none-eabi/lib/thumb/v6-m/nofp/libg.a(lib_a-atoi.o)
                              CMakeFiles/UART_rs485_transceiver.dir/UART_rs485_transceiver.c.obj (atoi)
/usr/lib/gcc/arm-none-eabi/9.2.1/../../../arm-none-eabi/lib/thumb/v6-m/nofp/libg.a(lib_a-calloc.o)
                              CMakeFiles/UART_rs485_transceiver.dir/home/simone/pico/pico-sdk/src/rp2_common/pico_malloc/pico_malloc.c.obj (calloc)
/usr/lib/gcc/arm-none-eabi/9.2.1/../../../arm-none-eabi/lib/thumb/v6-m/nofp/libg.a(lib_a-callocr.o)
                              /usr/lib/gcc/arm-none-eabi/9.2.1/../../../arm-none-eabi/lib/thumb/v6-m/nofp/libg.a(lib_a-calloc.o) (_calloc_r)
/usr/lib/gcc/arm-none-eabi/9.2.1/../../../arm-none-eabi/lib/thumb/v6-m/nofp/libg.a(lib_a-ctype_.o)
                              CMakeFiles/UART_rs485_transceiver.dir/home/simone/pico/pico-sdk/lib/tinyusb/src/tusb.c.obj (_ctype_)
/usr/lib/gcc/arm-none-eabi/9.2.1/../../../arm-none-eabi/lib/thumb/v6-m/nofp/libg.a(lib_a-fini.o)
                              /usr/lib/gcc/arm-none-eabi/9.2.1/../../../arm-none-eabi/lib/thumb/v6-m/nofp/crt0.o (__libc_fini_array)
/usr/lib/gcc/arm-none-eabi/9.2.1/../../../arm-none-eabi/lib/thumb/v6-m/nofp/libg.a(lib_a-impure.o)
                              /usr/lib/gcc/arm-none-eabi/9.2.1/../../../arm-none-eabi/lib/thumb/v6-m/nofp/libg.a(lib_a-calloc.o) (_impure_ptr)
/usr/lib/gcc/arm-none-eabi/9.2.1/../../../arm-none-eabi/lib/thumb/v6-m/nofp/libg.a(lib_a-init.o)
                              /usr/lib/gcc/arm-none-eabi/9.2.1/../../../arm-none-eabi/lib/thumb/v6-m/nofp/crt0.o (__libc_init_array)
/usr/lib/gcc/arm-none-eabi/9.2.1/../../../arm-none-eabi/lib/thumb/v6-m/nofp/libg.a(lib_a-malloc.o)
                              CMakeFiles/UART_rs485_transceiver.dir/home/simone/pico/pico-sdk/src/rp2_common/pico_malloc/pico_malloc.c.obj (malloc)
/usr/lib/gcc/arm-none-eabi/9.2.1/../../../arm-none-eabi/lib/thumb/v6-m/nofp/libg.a(lib_a-mallocr.o)
                              /usr/lib/gcc/arm-none-eabi/9.2.1/../../../arm-none-eabi/lib/thumb/v6-m/nofp/libg.a(lib_a-callocr.o) (_malloc_r)
/usr/lib/gcc/arm-none-eabi/9.2.1/../../../arm-none-eabi/lib/thumb/v6-m/nofp/libg.a(lib_a-mlock.o)
                              /usr/lib/gcc/arm-none-eabi/9.2.1/../../../arm-none-eabi/lib/thumb/v6-m/nofp/libg.a(lib_a-mallocr.o) (__malloc_lock)
/usr/lib/gcc/arm-none-eabi/9.2.1/../../../arm-none-eabi/lib/thumb/v6-m/nofp/libg.a(lib_a-sbrkr.o)
                              /usr/lib/gcc/arm-none-eabi/9.2.1/../../../arm-none-eabi/lib/thumb/v6-m/nofp/libg.a(lib_a-mallocr.o) (_sbrk_r)
/usr/lib/gcc/arm-none-eabi/9.2.1/../../../arm-none-eabi/lib/thumb/v6-m/nofp/libg.a(lib_a-scanf.o)
                              CMakeFiles/UART_rs485_transceiver.dir/UART_rs485_transceiver.c.obj (scanf)
/usr/lib/gcc/arm-none-eabi/9.2.1/../../../arm-none-eabi/lib/thumb/v6-m/nofp/libg.a(lib_a-strlen-stub.o)
                              CMakeFiles/UART_rs485_transceiver.dir/UART_rs485_transceiver.c.obj (strlen)
/usr/lib/gcc/arm-none-eabi/9.2.1/../../../arm-none-eabi/lib/thumb/v6-m/nofp/libg.a(lib_a-strtol.o)
                              /usr/lib/gcc/arm-none-eabi/9.2.1/../../../arm-none-eabi/lib/thumb/v6-m/nofp/libg.a(lib_a-atoi.o) (_strtol_r)
/usr/lib/gcc/arm-none-eabi/9.2.1/../../../arm-none-eabi/lib/thumb/v6-m/nofp/libg.a(lib_a-vfscanf.o)
                              /usr/lib/gcc/arm-none-eabi/9.2.1/../../../arm-none-eabi/lib/thumb/v6-m/nofp/libg.a(lib_a-scanf.o) (_vfscanf_r)
/usr/lib/gcc/arm-none-eabi/9.2.1/../../../arm-none-eabi/lib/thumb/v6-m/nofp/libg.a(lib_a-__atexit.o)
                              /usr/lib/gcc/arm-none-eabi/9.2.1/../../../arm-none-eabi/lib/thumb/v6-m/nofp/libg.a(lib_a-atexit.o) (__register_exitproc)
/usr/lib/gcc/arm-none-eabi/9.2.1/../../../arm-none-eabi/lib/thumb/v6-m/nofp/libg.a(lib_a-errno.o)
                              /usr/lib/gcc/arm-none-eabi/9.2.1/../../../arm-none-eabi/lib/thumb/v6-m/nofp/libg.a(lib_a-strtol.o) (__errno)
/usr/lib/gcc/arm-none-eabi/9.2.1/../../../arm-none-eabi/lib/thumb/v6-m/nofp/libg.a(lib_a-findfp.o)
                              /usr/lib/gcc/arm-none-eabi/9.2.1/../../../arm-none-eabi/lib/thumb/v6-m/nofp/libg.a(lib_a-vfscanf.o) (__sinit)
/usr/lib/gcc/arm-none-eabi/9.2.1/../../../arm-none-eabi/lib/thumb/v6-m/nofp/libg.a(lib_a-fread.o)
                              /usr/lib/gcc/arm-none-eabi/9.2.1/../../../arm-none-eabi/lib/thumb/v6-m/nofp/libg.a(lib_a-vfscanf.o) (_fread_r)
[...]
Memory Configuration

Name             Origin             Length             Attributes
FLASH            0x0000000010000000 0x0000000000200000 xr
RAM              0x0000000020000000 0x0000000000040000 xrw
SCRATCH_X        0x0000000020040000 0x0000000000001000 xrw
SCRATCH_Y        0x0000000020041000 0x0000000000001000 xrw
*default*        0x0000000000000000 0xffffffffffffffff

Linker script and memory map

LOAD /usr/lib/gcc/arm-none-eabi/9.2.1/thumb/v6-m/nofp/crti.o
LOAD /usr/lib/gcc/arm-none-eabi/9.2.1/thumb/v6-m/nofp/crtbegin.o
LOAD /usr/lib/gcc/arm-none-eabi/9.2.1/../../../arm-none-eabi/lib/thumb/v6-m/nofp/crt0.o

.flash_begin    0x0000000010000000        0x0
                0x0000000010000000                __flash_binary_start = .

.boot2          0x0000000010000000      0x100
                0x0000000010000000                __boot2_start__ = .
 *(.boot2)
 .boot2         0x0000000010000000      0x100 /tmp/ccFpIv4c.o
                0x0000000010000100                __boot2_end__ = .
                0x0000000000000001                ASSERT (((__boot2_end__ - __boot2_start__) == 0x100), ERROR: Pico second stage bootloader must be 256 bytes in size)

.text           0x0000000010000100     0xccd0
                0x0000000010000100                __logical_binary_start = .
 *(.vectors)
 .vectors       0x0000000010000100       0xd4 CMakeFiles/UART_rs485_transceiver.dir/home/simone/pico/pico-sdk/src/rp2_common/pico_standard_link/crt0.S.obj
                0x0000000010000100                __vectors
                0x0000000010000100                __VECTOR_TABLE
                0x00000000100001c0                isr_invalid
                0x00000000100001c0                __default_isrs_start
                0x00000000100001c2                isr_nmi
                0x00000000100001c4                isr_hardfault
                0x00000000100001c6                isr_svcall
                0x00000000100001c8                isr_pendsv
                0x00000000100001ca                isr_systick
                0x00000000100001cc                isr_irq30
                0x00000000100001cc                __unhandled_user_irq
                0x00000000100001cc                isr_irq13
                0x00000000100001cc                isr_irq27
                0x00000000100001cc                isr_irq31
                0x00000000100001cc                isr_irq5
                0x00000000100001cc                isr_irq11
                0x00000000100001cc                isr_irq23
                0x00000000100001cc                isr_irq18
                0x00000000100001cc                isr_irq28
                0x00000000100001cc                isr_irq19
                0x00000000100001cc                isr_irq0
                0x00000000100001cc                isr_irq6
                0x00000000100001cc                isr_irq22
                0x00000000100001cc                isr_irq17
                0x00000000100001cc                isr_irq14
                0x00000000100001cc                isr_irq2
                0x00000000100001cc                isr_irq10
                0x00000000100001cc                isr_irq8
                0x00000000100001cc                isr_irq24
                0x00000000100001cc                isr_irq1
                0x00000000100001cc                isr_irq7
                0x00000000100001cc                isr_irq21
                0x00000000100001cc                isr_irq20
                0x00000000100001cc                isr_irq15
                0x00000000100001cc                isr_irq25
                0x00000000100001cc                isr_irq4
                0x00000000100001cc                isr_irq16
                0x00000000100001cc                isr_irq29
                0x00000000100001cc                isr_irq26
                0x00000000100001cc                __default_isrs_end
                0x00000000100001cc                isr_irq3
                0x00000000100001cc                isr_irq12
                0x00000000100001cc                isr_irq9
                0x00000000100001d2                unhandled_user_irq_num_in_r0
 *(.binary_info_header)
 .binary_info_header
                0x00000000100001d4       0x14 CMakeFiles/UART_rs485_transceiver.dir/home/simone/pico/pico-sdk/src/rp2_common/pico_standard_link/crt0.S.obj
                0x00000000100001e8                __binary_info_header_end = .
 *(.reset)
 .reset         0x00000000100001e8       0xa8 CMakeFiles/UART_rs485_transceiver.dir/home/simone/pico/pico-sdk/src/rp2_common/pico_standard_link/crt0.S.obj
                0x00000000100001e8                _entry_point
                0x0000000010000266                __get_current_exception
 .reset         0x0000000010000290       0x30 CMakeFiles/UART_rs485_transceiver.dir/home/simone/pico/pico-sdk/src/rp2_common/pico_standard_link/binary_info.c.obj
 *(.init)
 .init          0x00000000100002c0        0x4 /usr/lib/gcc/arm-none-eabi/9.2.1/thumb/v6-m/nofp/crti.o
                0x00000000100002c0                _init
 *(EXCLUDE_FILE(*libm.a: *libc.a:*lib_a-mem*.o *libgcc.a:) .text*)
 .text          0x00000000100002c4       0x98 /usr/lib/gcc/arm-none-eabi/9.2.1/thumb/v6-m/nofp/crtbegin.o
 .text.uart_send
                0x000000001000035c       0xb4 CMakeFiles/UART_rs485_transceiver.dir/UART_rs485_transceiver.c.obj
                0x000000001000035c                uart_send
 .text.main     0x0000000010000410      0x1dc CMakeFiles/UART_rs485_transceiver.dir/UART_rs485_transceiver.c.obj
                0x0000000010000410                main
 .text.gpio_set_function
                0x00000000100005ec       0x30 CMakeFiles/UART_rs485_transceiver.dir/home/simone/pico/pico-sdk/src/rp2_common/hardware_gpio/gpio.c.obj
                0x00000000100005ec                gpio_set_function
 .text.gpio_set_pulls
                0x000000001000061c       0x34 CMakeFiles/UART_rs485_transceiver.dir/home/simone/pico/pico-sdk/src/rp2_common/hardware_gpio/gpio.c.obj
                0x000000001000061c                gpio_set_pulls
 .text.gpio_init
                0x0000000010000650       0x16 CMakeFiles/UART_rs485_transceiver.dir/home/simone/pico/pico-sdk/src/rp2_common/hardware_gpio/gpio.c.obj
                0x0000000010000650                gpio_init
 *fill*         0x0000000010000666        0x2 
 .text.hw_claim_lock
                0x0000000010000668       0x18 CMakeFiles/UART_rs485_transceiver.dir/home/simone/pico/pico-sdk/src/rp2_common/hardware_claim/claim.c.obj
                0x0000000010000668                hw_claim_lock
 .text.hw_claim_unlock
                0x0000000010000680       0x14 CMakeFiles/UART_rs485_transceiver.dir/home/simone/pico/pico-sdk/src/rp2_common/hardware_claim/claim.c.obj
                0x0000000010000680                hw_claim_unlock
 .text.hw_claim_or_assert
                0x0000000010000694       0x32 CMakeFiles/UART_rs485_transceiver.dir/home/simone/pico/pico-sdk/src/rp2_common/hardware_claim/claim.c.obj
                0x0000000010000694                hw_claim_or_assert
 .text.hw_claim_unused_from_range
                0x00000000100006c6       0x50 CMakeFiles/UART_rs485_transceiver.dir/home/simone/pico/pico-sdk/src/rp2_common/hardware_claim/claim.c.obj
                0x00000000100006c6                hw_claim_unused_from_range
 *fill*         0x0000000010000716        0x2 
 .text.running_on_fpga
                0x0000000010000718       0x14 CMakeFiles/UART_rs485_transceiver.dir/home/simone/pico/pico-sdk/src/rp2_common/pico_platform/platform.c.obj
                0x0000000010000718                running_on_fpga
 .text.spin_locks_reset
                0x000000001000072c       0x20 CMakeFiles/UART_rs485_transceiver.dir/home/simone/pico/pico-sdk/src/rp2_common/hardware_sync/sync.c.obj
                0x000000001000072c                spin_locks_reset
 .text.next_striped_spin_lock_num
                0x000000001000074c       0x1c CMakeFiles/UART_rs485_transceiver.dir/home/simone/pico/pico-sdk/src/rp2_common/hardware_sync/sync.c.obj
                0x000000001000074c                next_striped_spin_lock_num
 .text.spin_lock_claim_unused
                0x0000000010000768       0x20 CMakeFiles/UART_rs485_transceiver.dir/home/simone/pico/pico-sdk/src/rp2_common/hardware_sync/sync.c.obj
                0x0000000010000768                spin_lock_claim_unused
 .text.uart_set_baudrate
                0x0000000010000788       0x5c CMakeFiles/UART_rs485_transceiver.dir/home/simone/pico/pico-sdk/src/rp2_common/hardware_uart/uart.c.obj
                0x0000000010000788                uart_set_baudrate
 .text.uart_set_translate_crlf
                0x00000000100007e4       0x28 CMakeFiles/UART_rs485_transceiver.dir/home/simone/pico/pico-sdk/src/rp2_common/hardware_uart/uart.c.obj
                0x00000000100007e4                uart_set_translate_crlf
 .text.uart_init
                0x000000001000080c       0x80 CMakeFiles/UART_rs485_transceiver.dir/home/simone/pico/pico-sdk/src/rp2_common/hardware_uart/uart.c.obj
                0x000000001000080c                uart_init
 .text.uart_is_readable_within_us
                0x000000001000088c       0x20 CMakeFiles/UART_rs485_transceiver.dir/home/simone/pico/pico-sdk/src/rp2_common/hardware_uart/uart.c.obj
                0x000000001000088c                uart_is_readable_within_us
 .text.alarm_pool_post_alloc_init
                0x00000000100008ac       0x40 CMakeFiles/UART_rs485_transceiver.dir/home/simone/pico/pico-sdk/src/common/pico_time/time.c.obj
 .text.sleep_until_callback
                0x00000000100008ec       0x30 CMakeFiles/UART_rs485_transceiver.dir/home/simone/pico/pico-sdk/src/common/pico_time/time.c.obj
 .text.timer_pool_entry_comparator
                0x000000001000091c       0x7c CMakeFiles/UART_rs485_transceiver.dir/home/simone/pico/pico-sdk/src/common/pico_time/time.c.obj
                0x000000001000091c                timer_pool_entry_comparator
 .text.ph_add_child_node
                0x0000000010000998       0xa4 CMakeFiles/UART_rs485_transceiver.dir/home/simone/pico/pico-sdk/src/common/pico_time/time.c.obj
 .text.ph_merge_nodes
                0x0000000010000a3c       0x3e CMakeFiles/UART_rs485_transceiver.dir/home/simone/pico/pico-sdk/src/common/pico_time/time.c.obj
 *fill*         0x0000000010000a7a        0x2 
 .text.add_alarm_under_lock
                0x0000000010000a7c      0x174 CMakeFiles/UART_rs485_transceiver.dir/home/simone/pico/pico-sdk/src/common/pico_time/time.c.obj
 .text.alarm_pool_alarm_callback
                0x0000000010000bf0      0x32c CMakeFiles/UART_rs485_transceiver.dir/home/simone/pico/pico-sdk/src/common/pico_time/time.c.obj
 .text.alarm_pool_init_default
                0x0000000010000f1c       0x38 CMakeFiles/UART_rs485_transceiver.dir/home/simone/pico/pico-sdk/src/common/pico_time/time.c.obj
                0x0000000010000f1c                alarm_pool_init_default
 .text.alarm_pool_get_default
                0x0000000010000f54       0x2c CMakeFiles/UART_rs485_transceiver.dir/home/simone/pico/pico-sdk/src/common/pico_time/time.c.obj
                0x0000000010000f54                alarm_pool_get_default
 .text.alarm_pool_add_alarm_at
                0x0000000010000f80      0x170 CMakeFiles/UART_rs485_transceiver.dir/home/simone/pico/pico-sdk/src/common/pico_time/time.c.obj
                0x0000000010000f80                alarm_pool_add_alarm_at
 .text.alarm_pool_cancel_alarm
                0x00000000100010f0       0xec CMakeFiles/UART_rs485_transceiver.dir/home/simone/pico/pico-sdk/src/common/pico_time/time.c.obj
                0x00000000100010f0                alarm_pool_cancel_alarm
 .text.best_effort_wfe_or_timeout
                0x00000000100011dc       0x80 CMakeFiles/UART_rs485_transceiver.dir/home/simone/pico/pico-sdk/src/common/pico_time/time.c.obj
                0x00000000100011dc                best_effort_wfe_or_timeout
 .text.hardware_alarm_irq_handler
                0x000000001000125c       0x8c CMakeFiles/UART_rs485_transceiver.dir/home/simone/pico/pico-sdk/src/rp2_common/hardware_timer/timer.c.obj
 .text.hardware_alarm_claim
                0x00000000100012e8       0x18 CMakeFiles/UART_rs485_transceiver.dir/home/simone/pico/pico-sdk/src/rp2_common/hardware_timer/timer.c.obj
                0x00000000100012e8                hardware_alarm_claim
 .text.time_us_64
                0x0000000010001300       0x18 CMakeFiles/UART_rs485_transceiver.dir/home/simone/pico/pico-sdk/src/rp2_common/hardware_timer/timer.c.obj
                0x0000000010001300                time_us_64
 .text.busy_wait_until
                0x0000000010001318       0x24 CMakeFiles/UART_rs485_transceiver.dir/home/simone/pico/pico-sdk/src/rp2_common/hardware_timer/timer.c.obj
                0x0000000010001318                busy_wait_until
 .text.busy_wait_us
                0x000000001000133c       0x48 CMakeFiles/UART_rs485_transceiver.dir/home/simone/pico/pico-sdk/src/rp2_common/hardware_timer/timer.c.obj
                0x000000001000133c                busy_wait_us
 .text.hardware_alarm_set_callback
                0x0000000010001384       0x90 CMakeFiles/UART_rs485_transceiver.dir/home/simone/pico/pico-sdk/src/rp2_common/hardware_timer/timer.c.obj
                0x0000000010001384                hardware_alarm_set_callback
 .text.hardware_alarm_set_target
                0x0000000010001414       0xe8 CMakeFiles/UART_rs485_transceiver.dir/home/simone/pico/pico-sdk/src/rp2_common/hardware_timer/timer.c.obj
                0x0000000010001414                hardware_alarm_set_target
 .text.hardware_alarm_cancel
                0x00000000100014fc       0x40 CMakeFiles/UART_rs485_transceiver.dir/home/simone/pico/pico-sdk/src/rp2_common/hardware_timer/timer.c.obj
                0x00000000100014fc                hardware_alarm_cancel
 .text.lock_init
                0x000000001000153c       0x10 CMakeFiles/UART_rs485_transceiver.dir/home/simone/pico/pico-sdk/src/common/pico_sync/lock_core.c.obj
                0x000000001000153c                lock_init
 .text.mutex_init_internal
                0x000000001000154c       0x1e CMakeFiles/UART_rs485_transceiver.dir/home/simone/pico/pico-sdk/src/common/pico_sync/mutex.c.obj
 .text.mutex_init
                0x000000001000156a        0xa CMakeFiles/UART_rs485_transceiver.dir/home/simone/pico/pico-sdk/src/common/pico_sync/mutex.c.obj
                0x000000001000156a                mutex_init
 .text.recursive_mutex_init
                0x0000000010001574        0xa CMakeFiles/UART_rs485_transceiver.dir/home/simone/pico/pico-sdk/src/common/pico_sync/mutex.c.obj
                0x0000000010001574                recursive_mutex_init
 *fill*         0x000000001000157e        0x2 
 .text.critical_section_init_with_lock_num
                0x0000000010001580       0x14 CMakeFiles/UART_rs485_transceiver.dir/home/simone/pico/pico-sdk/src/common/pico_sync/critical_section.c.obj
                0x0000000010001580                critical_section_init_with_lock_num
 .text.critical_section_init
                0x0000000010001594       0x14 CMakeFiles/UART_rs485_transceiver.dir/home/simone/pico/pico-sdk/src/common/pico_sync/critical_section.c.obj
                0x0000000010001594                critical_section_init
 .text.ph_add_child_node
                0x00000000100015a8       0xa4 CMakeFiles/UART_rs485_transceiver.dir/home/simone/pico/pico-sdk/src/common/pico_util/pheap.c.obj
 .text.ph_merge_nodes
                0x000000001000164c       0x3e CMakeFiles/UART_rs485_transceiver.dir/home/simone/pico/pico-sdk/src/common/pico_util/pheap.c.obj
 *fill*         0x000000001000168a        0x2 
 .text.ph_clear
                0x000000001000168c       0x70 CMakeFiles/UART_rs485_transceiver.dir/home/simone/pico/pico-sdk/src/common/pico_util/pheap.c.obj
                0x000000001000168c                ph_clear
 .text.ph_post_alloc_init
                0x00000000100016fc        0xe CMakeFiles/UART_rs485_transceiver.dir/home/simone/pico/pico-sdk/src/common/pico_util/pheap.c.obj
                0x00000000100016fc                ph_post_alloc_init
 *fill*         0x000000001000170a        0x2 
 .text.ph_merge_two_pass
                0x000000001000170c       0xa8 CMakeFiles/UART_rs485_transceiver.dir/home/simone/pico/pico-sdk/src/common/pico_util/pheap.c.obj
                0x000000001000170c                ph_merge_two_pass
 .text.ph_remove_any_head
                0x00000000100017b4      0x108 CMakeFiles/UART_rs485_transceiver.dir/home/simone/pico/pico-sdk/src/common/pico_util/pheap.c.obj
 .text.ph_remove_head
                0x00000000100018bc       0x14 CMakeFiles/UART_rs485_transceiver.dir/home/simone/pico/pico-sdk/src/common/pico_util/pheap.c.obj
                0x00000000100018bc                ph_remove_head
 .text.ph_remove_and_free_node
                0x00000000100018d0       0xf8 CMakeFiles/UART_rs485_transceiver.dir/home/simone/pico/pico-sdk/src/common/pico_util/pheap.c.obj
                0x00000000100018d0                ph_remove_and_free_node
 .text.runtime_init
                0x00000000100019c8       0xd8 CMakeFiles/UART_rs485_transceiver.dir/home/simone/pico/pico-sdk/src/rp2_common/pico_runtime/runtime.c.obj
                0x00000000100019c8                runtime_init
 .text._exit    0x0000000010001aa0        0x4 CMakeFiles/UART_rs485_transceiver.dir/home/simone/pico/pico-sdk/src/rp2_common/pico_runtime/runtime.c.obj
                0x0000000010001aa0                _exit
 .text._sbrk    0x0000000010001aa4       0x38 CMakeFiles/UART_rs485_transceiver.dir/home/simone/pico/pico-sdk/src/rp2_common/pico_runtime/runtime.c.obj
                0x0000000010001aa4                _sbrk
 .text.exit     0x0000000010001adc        0x6 CMakeFiles/UART_rs485_transceiver.dir/home/simone/pico/pico-sdk/src/rp2_common/pico_runtime/runtime.c.obj
                0x0000000010001adc                exit
 *fill*         0x0000000010001ae2        0x2 
 .text.__assert_func
                0x0000000010001ae4       0x3c CMakeFiles/UART_rs485_transceiver.dir/home/simone/pico/pico-sdk/src/rp2_common/pico_runtime/runtime.c.obj
                0x0000000010001ae4                __assert_func
 .text.panic    0x0000000010001b20       0x30 CMakeFiles/UART_rs485_transceiver.dir/home/simone/pico/pico-sdk/src/rp2_common/pico_runtime/runtime.c.obj
                0x0000000010001b20                panic
 .text.clock_configure
                0x0000000010001b50      0x104 CMakeFiles/UART_rs485_transceiver.dir/home/simone/pico/pico-sdk/src/rp2_common/hardware_clocks/clocks.c.obj
                0x0000000010001b50                clock_configure
 .text.clocks_init
                0x0000000010001c54      0x100 CMakeFiles/UART_rs485_transceiver.dir/home/simone/pico/pico-sdk/src/rp2_common/hardware_clocks/clocks.c.obj
                0x0000000010001c54                clocks_init
 .text.clock_get_hz
                0x0000000010001d54        0xc CMakeFiles/UART_rs485_transceiver.dir/home/simone/pico/pico-sdk/src/rp2_common/hardware_clocks/clocks.c.obj
                0x0000000010001d54                clock_get_hz
 .text.set_raw_irq_handler_and_unlock
                0x0000000010001d60       0x28 CMakeFiles/UART_rs485_transceiver.dir/home/simone/pico/pico-sdk/src/rp2_common/hardware_irq/irq.c.obj
 .text.make_branch
                0x0000000010001d88       0x34 CMakeFiles/UART_rs485_transceiver.dir/home/simone/pico/pico-sdk/src/rp2_common/hardware_irq/irq.c.obj
 .text.insert_branch_and_link
                0x0000000010001dbc       0x40 CMakeFiles/UART_rs485_transceiver.dir/home/simone/pico/pico-sdk/src/rp2_common/hardware_irq/irq.c.obj
 .text.irq_is_enabled
                0x0000000010001dfc       0x18 CMakeFiles/UART_rs485_transceiver.dir/home/simone/pico/pico-sdk/src/rp2_common/hardware_irq/irq.c.obj
                0x0000000010001dfc                irq_is_enabled
 .text.irq_set_mask_enabled
                0x0000000010001e14       0x20 CMakeFiles/UART_rs485_transceiver.dir/home/simone/pico/pico-sdk/src/rp2_common/hardware_irq/irq.c.obj
                0x0000000010001e14                irq_set_mask_enabled
 .text.irq_set_enabled
                0x0000000010001e34        0xe CMakeFiles/UART_rs485_transceiver.dir/home/simone/pico/pico-sdk/src/rp2_common/hardware_irq/irq.c.obj
                0x0000000010001e34                irq_set_enabled
 *fill*         0x0000000010001e42        0x2 
 .text.irq_set_pending
                0x0000000010001e44       0x10 CMakeFiles/UART_rs485_transceiver.dir/home/simone/pico/pico-sdk/src/rp2_common/hardware_irq/irq.c.obj
                0x0000000010001e44                irq_set_pending
 .text.irq_get_vtable_handler
                0x0000000010001e54       0x10 CMakeFiles/UART_rs485_transceiver.dir/home/simone/pico/pico-sdk/src/rp2_common/hardware_irq/irq.c.obj
                0x0000000010001e54                irq_get_vtable_handler
 .text.irq_set_exclusive_handler
                0x0000000010001e64       0x54 CMakeFiles/UART_rs485_transceiver.dir/home/simone/pico/pico-sdk/src/rp2_common/hardware_irq/irq.c.obj
                0x0000000010001e64                irq_set_exclusive_handler
 .text.irq_remove_handler
                0x0000000010001eb8      0x1ac CMakeFiles/UART_rs485_transceiver.dir/home/simone/pico/pico-sdk/src/rp2_common/hardware_irq/irq.c.obj
                0x0000000010001eb8                irq_remove_handler
 .text.irq_set_priority
                0x0000000010002064       0x28 CMakeFiles/UART_rs485_transceiver.dir/home/simone/pico/pico-sdk/src/rp2_common/hardware_irq/irq.c.obj
                0x0000000010002064                irq_set_priority
 .text.irq_add_tail_to_free_list
                0x000000001000208c       0xf0 CMakeFiles/UART_rs485_transceiver.dir/home/simone/pico/pico-sdk/src/rp2_common/hardware_irq/irq.c.obj
                0x000000001000208c                irq_add_tail_to_free_list
 .text.irq_init_priorities
                0x000000001000217c       0x16 CMakeFiles/UART_rs485_transceiver.dir/home/simone/pico/pico-sdk/src/rp2_common/hardware_irq/irq.c.obj
                0x000000001000217c                irq_init_priorities
 *fill*         0x0000000010002192        0x2 
 .text.pll_init
                0x0000000010002194      0x118 CMakeFiles/UART_rs485_transceiver.dir/home/simone/pico/pico-sdk/src/rp2_common/hardware_pll/pll.c.obj
                0x0000000010002194                pll_init
 .text.watchdog_start_tick
                0x00000000100022ac       0x10 CMakeFiles/UART_rs485_transceiver.dir/home/simone/pico/pico-sdk/src/rp2_common/hardware_watchdog/watchdog.c.obj
                0x00000000100022ac                watchdog_start_tick
 .text.watchdog_update
                0x00000000100022bc       0x14 CMakeFiles/UART_rs485_transceiver.dir/home/simone/pico/pico-sdk/src/rp2_common/hardware_watchdog/watchdog.c.obj
                0x00000000100022bc                watchdog_update
 .text._watchdog_enable
                0x00000000100022d0       0x70 CMakeFiles/UART_rs485_transceiver.dir/home/simone/pico/pico-sdk/src/rp2_common/hardware_watchdog/watchdog.c.obj
                0x00000000100022d0                _watchdog_enable
 .text.watchdog_reboot
                0x0000000010002340       0x48 CMakeFiles/UART_rs485_transceiver.dir/home/simone/pico/pico-sdk/src/rp2_common/hardware_watchdog/watchdog.c.obj
                0x0000000010002340                watchdog_reboot
 .text.xosc_init
                0x0000000010002388       0x28 CMakeFiles/UART_rs485_transceiver.dir/home/simone/pico/pico-sdk/src/rp2_common/hardware_xosc/xosc.c.obj
                0x0000000010002388                xosc_init
 .text._out_buffer
                0x00000000100023b0        0x8 CMakeFiles/UART_rs485_transceiver.dir/home/simone/pico/pico-sdk/src/rp2_common/pico_printf/printf.c.obj
 .text._out_null
                0x00000000100023b8        0x2 CMakeFiles/UART_rs485_transceiver.dir/home/simone/pico/pico-sdk/src/rp2_common/pico_printf/printf.c.obj
 .text._out_fct
                0x00000000100023ba        0xe CMakeFiles/UART_rs485_transceiver.dir/home/simone/pico/pico-sdk/src/rp2_common/pico_printf/printf.c.obj
 .text._atoi    0x00000000100023c8       0x24 CMakeFiles/UART_rs485_transceiver.dir/home/simone/pico/pico-sdk/src/rp2_common/pico_printf/printf.c.obj
 .text._out_rev
                0x00000000100023ec       0xae CMakeFiles/UART_rs485_transceiver.dir/home/simone/pico/pico-sdk/src/rp2_common/pico_printf/printf.c.obj
 .text._ntoa_format
                0x000000001000249a      0x110 CMakeFiles/UART_rs485_transceiver.dir/home/simone/pico/pico-sdk/src/rp2_common/pico_printf/printf.c.obj
 .text._ntoa_long
                0x00000000100025aa       0xbc CMakeFiles/UART_rs485_transceiver.dir/home/simone/pico/pico-sdk/src/rp2_common/pico_printf/printf.c.obj
 .text._ntoa_long_long
                0x0000000010002666       0xe2 CMakeFiles/UART_rs485_transceiver.dir/home/simone/pico/pico-sdk/src/rp2_common/pico_printf/printf.c.obj
 .text._etoa    0x0000000010002748      0x40c CMakeFiles/UART_rs485_transceiver.dir/home/simone/pico/pico-sdk/src/rp2_common/pico_printf/printf.c.obj
 .text._ftoa    0x0000000010002b54      0x354 CMakeFiles/UART_rs485_transceiver.dir/home/simone/pico/pico-sdk/src/rp2_common/pico_printf/printf.c.obj
 .text._vsnprintf
                0x0000000010002ea8      0x628 CMakeFiles/UART_rs485_transceiver.dir/home/simone/pico/pico-sdk/src/rp2_common/pico_printf/printf.c.obj
 .text.__wrap_sprintf
                0x00000000100034d0       0x28 CMakeFiles/UART_rs485_transceiver.dir/home/simone/pico/pico-sdk/src/rp2_common/pico_printf/printf.c.obj
                0x00000000100034d0                __wrap_sprintf
 .text.vfctprintf
                0x00000000100034f8       0x20 CMakeFiles/UART_rs485_transceiver.dir/home/simone/pico/pico-sdk/src/rp2_common/pico_printf/printf.c.obj
                0x00000000100034f8                vfctprintf
 .text          0x0000000010003518       0x10 CMakeFiles/UART_rs485_transceiver.dir/home/simone/pico/pico-sdk/src/rp2_common/pico_bit_ops/bit_ops_aeabi.S.obj
 .text.rom_func_lookup
                0x0000000010003528       0x10 CMakeFiles/UART_rs485_transceiver.dir/home/simone/pico/pico-sdk/src/rp2_common/pico_bootrom/bootrom.c.obj
                0x0000000010003528                rom_func_lookup
 .text.rom_data_lookup
                0x0000000010003538       0x10 CMakeFiles/UART_rs485_transceiver.dir/home/simone/pico/pico-sdk/src/rp2_common/pico_bootrom/bootrom.c.obj
                0x0000000010003538                rom_data_lookup
 .text.rom_funcs_lookup
                0x0000000010003548       0x36 CMakeFiles/UART_rs485_transceiver.dir/home/simone/pico/pico-sdk/src/rp2_common/pico_bootrom/bootrom.c.obj
                0x0000000010003548                rom_funcs_lookup
 *fill*         0x000000001000357e        0x2 
 .text.__wrap___aeabi_idiv
                0x0000000010003580       0x50 CMakeFiles/UART_rs485_transceiver.dir/home/simone/pico/pico-sdk/src/rp2_common/pico_divider/divider.S.obj
                0x0000000010003580                __wrap___aeabi_idivmod
                0x0000000010003580                divmod_s32s32
                0x0000000010003580                div_s32s32
                0x0000000010003580                __wrap___aeabi_idiv
                0x0000000010003588                divmod_s32s32_unsafe
                0x00000000100035b4                divmod_s32s32_savestate
 .text.__wrap___aeabi_uidiv
                0x00000000100035d0       0x4c CMakeFiles/UART_rs485_transceiver.dir/home/simone/pico/pico-sdk/src/rp2_common/pico_divider/divider.S.obj
                0x00000000100035d0                __wrap___aeabi_uidiv
                0x00000000100035d0                __wrap___aeabi_uidivmod
                0x00000000100035d0                div_u32u32
                0x00000000100035d0                divmod_u32u32
                0x00000000100035d8                divmod_u32u32_unsafe
                0x0000000010003600                divmod_u32u32_savestate
 .text.__wrap___aeabi_ldiv
                0x000000001000361c      0x430 CMakeFiles/UART_rs485_transceiver.dir/home/simone/pico/pico-sdk/src/rp2_common/pico_divider/divider.S.obj
                0x000000001000361c                div_s64s64
                0x000000001000361c                divmod_s64s64
                0x000000001000361c                __wrap___aeabi_ldivmod
                0x0000000010003654                div_u64u64
                0x0000000010003654                divmod_u64u64
                0x0000000010003654                __wrap___aeabi_uldivmod
                0x0000000010003664                divmod_u64u64_savestate
                0x000000001000368c                divmod_s64s64_unsafe
                0x0000000010003714                divmod_u64u64_unsafe
 .text.__wrap___aeabi_darithmetic
                0x0000000010003a4c       0x80 CMakeFiles/UART_rs485_transceiver.dir/home/simone/pico/pico-sdk/src/rp2_common/pico_double/double_aeabi.S.obj
                0x0000000010003a4c                __wrap___aeabi_drsub
                0x0000000010003a52                __wrap___aeabi_dsub
                0x0000000010003a64                __wrap___aeabi_dadd
                0x0000000010003a76                __wrap___aeabi_ddiv
                0x0000000010003ab2                __wrap___aeabi_dmul
 .text.__wrap___aeabi_cdcmple
                0x0000000010003acc       0x6c CMakeFiles/UART_rs485_transceiver.dir/home/simone/pico/pico-sdk/src/rp2_common/pico_double/double_aeabi.S.obj
                0x0000000010003acc                __wrap___aeabi_cdrcmple
                0x0000000010003adc                __wrap___aeabi_cdcmple
                0x0000000010003adc                __wrap___aeabi_cdcmpeq
 .text.__wrap___aeabi_dcmpeq
                0x0000000010003b38       0x10 CMakeFiles/UART_rs485_transceiver.dir/home/simone/pico/pico-sdk/src/rp2_common/pico_double/double_aeabi.S.obj
                0x0000000010003b38                __wrap___aeabi_dcmpeq
 .text.__wrap___aeabi_dcmplt
                0x0000000010003b48        0xc CMakeFiles/UART_rs485_transceiver.dir/home/simone/pico/pico-sdk/src/rp2_common/pico_double/double_aeabi.S.obj
                0x0000000010003b48                __wrap___aeabi_dcmplt
 .text.__wrap___aeabi_dcmple
                0x0000000010003b54       0x10 CMakeFiles/UART_rs485_transceiver.dir/home/simone/pico/pico-sdk/src/rp2_common/pico_double/double_aeabi.S.obj
                0x0000000010003b54                __wrap___aeabi_dcmple
 .text.__wrap___aeabi_dcmpge
                0x0000000010003b64       0x10 CMakeFiles/UART_rs485_transceiver.dir/home/simone/pico/pico-sdk/src/rp2_common/pico_double/double_aeabi.S.obj
                0x0000000010003b64                __wrap___aeabi_dcmpge
 .text.__wrap___aeabi_dcmpgt
                0x0000000010003b74        0xa CMakeFiles/UART_rs485_transceiver.dir/home/simone/pico/pico-sdk/src/rp2_common/pico_double/double_aeabi.S.obj
                0x0000000010003b74                __wrap___aeabi_dcmpgt
 .text.__wrap___aeabi_dcmpun
                0x0000000010003b7e       0x1c CMakeFiles/UART_rs485_transceiver.dir/home/simone/pico/pico-sdk/src/rp2_common/pico_double/double_aeabi.S.obj
                0x0000000010003b7e                __wrap___aeabi_dcmpun
 *fill*         0x0000000010003b9a        0x2 
 .text.__wrap___aeabi_i2d
                0x0000000010003b9c       0x38 CMakeFiles/UART_rs485_transceiver.dir/home/simone/pico/pico-sdk/src/rp2_common/pico_double/double_aeabi.S.obj
                0x0000000010003b9c                __wrap___aeabi_ui2d
                0x0000000010003ba4                __wrap___aeabi_i2d
 .text.__wrap___aeabi_d2iz
                0x0000000010003bd4       0x48 CMakeFiles/UART_rs485_transceiver.dir/home/simone/pico/pico-sdk/src/rp2_common/pico_double/double_aeabi.S.obj
                0x0000000010003bd4                __wrap___aeabi_d2iz
                0x0000000010003bd4                double2int_z
 .text.__wrap___aeabi_d2uiz
                0x0000000010003c1c       0x18 CMakeFiles/UART_rs485_transceiver.dir/home/simone/pico/pico-sdk/src/rp2_common/pico_double/double_aeabi.S.obj
                0x0000000010003c1c                double2uint
                0x0000000010003c1c                __wrap___aeabi_d2uiz
 .text.__wrap___aeabi_l2d
                0x0000000010003c34       0x18 CMakeFiles/UART_rs485_transceiver.dir/home/simone/pico/pico-sdk/src/rp2_common/pico_double/double_aeabi.S.obj
                0x0000000010003c34                __wrap___aeabi_l2d
 .text.__wrap___aeabi_d2lz
                0x0000000010003c4c       0x26 CMakeFiles/UART_rs485_transceiver.dir/home/simone/pico/pico-sdk/src/rp2_common/pico_double/double_aeabi.S.obj
                0x0000000010003c4c                __wrap___aeabi_d2lz
                0x0000000010003c4c                double2int64_z
 *fill*         0x0000000010003c72        0x2 
 .text.double2int64
                0x0000000010003c74       0x18 CMakeFiles/UART_rs485_transceiver.dir/home/simone/pico/pico-sdk/src/rp2_common/pico_double/double_aeabi.S.obj
                0x0000000010003c74                double2int64
 .text.double2ufix64
                0x0000000010003c8c       0x18 CMakeFiles/UART_rs485_transceiver.dir/home/simone/pico/pico-sdk/src/rp2_common/pico_double/double_aeabi.S.obj
                0x0000000010003c8c                double2ufix64
 .text.__wrap___aeabi_d2f
                0x0000000010003ca4       0x18 CMakeFiles/UART_rs485_transceiver.dir/home/simone/pico/pico-sdk/src/rp2_common/pico_double/double_aeabi.S.obj
                0x0000000010003ca4                __wrap___aeabi_d2f
 .text.__aeabi_double_init
                0x0000000010003cbc       0xb4 CMakeFiles/UART_rs485_transceiver.dir/home/simone/pico/pico-sdk/src/rp2_common/pico_double/double_init_rom.c.obj
                0x0000000010003cbc                __aeabi_double_init
 .text.double_table_shim_on_use_helper
                0x0000000010003d70       0x34 CMakeFiles/UART_rs485_transceiver.dir/home/simone/pico/pico-sdk/src/rp2_common/pico_double/double_v1_rom_shim.S.obj
                0x0000000010003d70                double_table_shim_on_use_helper
 .text.__wrap___aeabi_dsub
                0x0000000010003da4       0x10 CMakeFiles/UART_rs485_transceiver.dir/home/simone/pico/pico-sdk/src/rp2_common/pico_double/double_v1_rom_shim.S.obj
                0x0000000010003da4                drsub_shim
                0x0000000010003daa                dsub_shim
 .text.dadd_shim
                0x0000000010003db4      0x15c CMakeFiles/UART_rs485_transceiver.dir/home/simone/pico/pico-sdk/src/rp2_common/pico_double/double_v1_rom_shim.S.obj
                0x0000000010003db4                dadd_shim
 .text.dmul_shim
                0x0000000010003f10      0x15c CMakeFiles/UART_rs485_transceiver.dir/home/simone/pico/pico-sdk/src/rp2_common/pico_double/double_v1_rom_shim.S.obj
                0x0000000010003f10                dmul_shim
 .text.ddiv_shim
                0x000000001000406c      0x1b0 CMakeFiles/UART_rs485_transceiver.dir/home/simone/pico/pico-sdk/src/rp2_common/pico_double/double_v1_rom_shim.S.obj
                0x000000001000406c                ddiv_shim
 .text.dcordic_rot_step
                0x000000001000421c       0x7c CMakeFiles/UART_rs485_transceiver.dir/home/simone/pico/pico-sdk/src/rp2_common/pico_double/double_v1_rom_shim.S.obj
                0x000000001000421c                dcordic_rot_step
 .text.double2uint_shim
                0x0000000010004298        0xe CMakeFiles/UART_rs485_transceiver.dir/home/simone/pico/pico-sdk/src/rp2_common/pico_double/double_v1_rom_shim.S.obj
                0x0000000010004298                double2uint_shim
                0x000000001000429a                double2ufix_shim
 .text.double2int64_shim
                0x00000000100042a6       0x1a CMakeFiles/UART_rs485_transceiver.dir/home/simone/pico/pico-sdk/src/rp2_common/pico_double/double_v1_rom_shim.S.obj
                0x00000000100042a6                double2int64_shim
                0x00000000100042a8                double2fix64_shim
 .text.double2uint64_shim
                0x00000000100042c0       0x6c CMakeFiles/UART_rs485_transceiver.dir/home/simone/pico/pico-sdk/src/rp2_common/pico_double/double_v1_rom_shim.S.obj
                0x00000000100042c0                double2uint64_shim
                0x00000000100042c2                double2ufix64_shim
                0x00000000100042dc                d2fix_a
 .text.double2float_shim
                0x000000001000432c       0x5c CMakeFiles/UART_rs485_transceiver.dir/home/simone/pico/pico-sdk/src/rp2_common/pico_double/double_v1_rom_shim.S.obj
                0x000000001000432c                double2float_shim
 .text.x2double_shims
                0x0000000010004388       0x90 CMakeFiles/UART_rs485_transceiver.dir/home/simone/pico/pico-sdk/src/rp2_common/pico_double/double_v1_rom_shim.S.obj
                0x0000000010004388                uint2double_shim
                0x000000001000438a                ufix2double_shim
                0x0000000010004390                int2double_shim
                0x0000000010004392                fix2double_shim
                0x0000000010004398                uint642double_shim
                0x000000001000439a                ufix642double_shim
                0x00000000100043a0                int642double_shim
                0x00000000100043a2                fix642double_shim
 .text.dunpacks
                0x0000000010004418       0x3c CMakeFiles/UART_rs485_transceiver.dir/home/simone/pico/pico-sdk/src/rp2_common/pico_double/double_v1_rom_shim.S.obj
                0x0000000010004418                dunpacks
 .text.__aeabi_lmul
                0x0000000010004454       0x32 CMakeFiles/UART_rs485_transceiver.dir/home/simone/pico/pico-sdk/src/rp2_common/pico_int64_ops/pico_int64_ops_aeabi.S.obj
                0x0000000010004454                __wrap___aeabi_lmul
 *fill*         0x0000000010004486        0x2 
 .text.__wrap___aeabi_cfcmple
                0x0000000010004488       0x50 CMakeFiles/UART_rs485_transceiver.dir/home/simone/pico/pico-sdk/src/rp2_common/pico_float/float_aeabi.S.obj
                0x0000000010004488                __wrap___aeabi_cfrcmple
                0x0000000010004494                __wrap___aeabi_cfcmpeq
                0x0000000010004494                __wrap___aeabi_cfcmple
 .text.__wrap___aeabi_fcmple
                0x00000000100044d8       0x10 CMakeFiles/UART_rs485_transceiver.dir/home/simone/pico/pico-sdk/src/rp2_common/pico_float/float_aeabi.S.obj
                0x00000000100044d8                __wrap___aeabi_fcmple
 .text.__wrap___aeabi_fcmpun
                0x00000000100044e8       0x18 CMakeFiles/UART_rs485_transceiver.dir/home/simone/pico/pico-sdk/src/rp2_common/pico_float/float_aeabi.S.obj
                0x00000000100044e8                __wrap___aeabi_fcmpun
 .text.__aeabi_float_init
                0x0000000010004500       0xfc CMakeFiles/UART_rs485_transceiver.dir/home/simone/pico/pico-sdk/src/rp2_common/pico_float/float_init_rom.c.obj
                0x0000000010004500                __aeabi_float_init
 .text.float_table_shim_on_use_helper
                0x00000000100045fc       0x34 CMakeFiles/UART_rs485_transceiver.dir/home/simone/pico/pico-sdk/src/rp2_common/pico_float/float_v1_rom_shim.S.obj
                0x00000000100045fc                float_table_shim_on_use_helper
 .text          0x0000000010004630       0x10 CMakeFiles/UART_rs485_transceiver.dir/home/simone/pico/pico-sdk/src/rp2_common/pico_mem_ops/mem_ops_aeabi.S.obj
                0x0000000010004630                __aeabi_mem_init
 .text.memset   0x0000000010004640        0xc CMakeFiles/UART_rs485_transceiver.dir/home/simone/pico/pico-sdk/src/rp2_common/pico_mem_ops/mem_ops_aeabi.S.obj
                0x0000000010004640                __wrap_memset
 .text.memcpy   0x000000001000464c        0xc CMakeFiles/UART_rs485_transceiver.dir/home/simone/pico/pico-sdk/src/rp2_common/pico_mem_ops/mem_ops_aeabi.S.obj
                0x000000001000464c                __wrap___aeabi_memcpy
                0x000000001000464c                __wrap_memcpy
 .text.stdio_out_chars_crlf
                0x0000000010004658       0x80 CMakeFiles/UART_rs485_transceiver.dir/home/simone/pico/pico-sdk/src/rp2_common/pico_stdio/stdio.c.obj
 .text.stdio_stack_buffer_flush
                0x00000000100046d8       0x44 CMakeFiles/UART_rs485_transceiver.dir/home/simone/pico/pico-sdk/src/rp2_common/pico_stdio/stdio.c.obj
 .text.stdio_buffered_printer
                0x000000001000471c       0x24 CMakeFiles/UART_rs485_transceiver.dir/home/simone/pico/pico-sdk/src/rp2_common/pico_stdio/stdio.c.obj
 .text.stdio_get_until
                0x0000000010004740       0x80 CMakeFiles/UART_rs485_transceiver.dir/home/simone/pico/pico-sdk/src/rp2_common/pico_stdio/stdio.c.obj
 .text.stdout_serialize_begin
                0x00000000100047c0       0x30 CMakeFiles/UART_rs485_transceiver.dir/home/simone/pico/pico-sdk/src/rp2_common/pico_stdio/stdio.c.obj
                0x00000000100047c0                stdout_serialize_begin
 .text.stdout_serialize_end
                0x00000000100047f0       0x10 CMakeFiles/UART_rs485_transceiver.dir/home/simone/pico/pico-sdk/src/rp2_common/pico_stdio/stdio.c.obj
                0x00000000100047f0                stdout_serialize_end
 .text.stdio_put_string
                0x0000000010004800       0x84 CMakeFiles/UART_rs485_transceiver.dir/home/simone/pico/pico-sdk/src/rp2_common/pico_stdio/stdio.c.obj
 .text.__wrap_putchar
                0x0000000010004884       0x1a CMakeFiles/UART_rs485_transceiver.dir/home/simone/pico/pico-sdk/src/rp2_common/pico_stdio/stdio.c.obj
                0x0000000010004884                __wrap_putchar
 *fill*         0x000000001000489e        0x2 
 .text._read    0x00000000100048a0       0x24 CMakeFiles/UART_rs485_transceiver.dir/home/simone/pico/pico-sdk/src/rp2_common/pico_stdio/stdio.c.obj
                0x00000000100048a0                _read
 .text._write   0x00000000100048c4       0x1e CMakeFiles/UART_rs485_transceiver.dir/home/simone/pico/pico-sdk/src/rp2_common/pico_stdio/stdio.c.obj
                0x00000000100048c4                _write
 *fill*         0x00000000100048e2        0x2 
 .text.stdio_set_driver_enabled
                0x00000000100048e4       0x38 CMakeFiles/UART_rs485_transceiver.dir/home/simone/pico/pico-sdk/src/rp2_common/pico_stdio/stdio.c.obj
                0x00000000100048e4                stdio_set_driver_enabled
 .text.stdio_flush
                0x000000001000491c       0x20 CMakeFiles/UART_rs485_transceiver.dir/home/simone/pico/pico-sdk/src/rp2_common/pico_stdio/stdio.c.obj
                0x000000001000491c                stdio_flush
 .text.__wrap_puts
                0x000000001000493c       0x1c CMakeFiles/UART_rs485_transceiver.dir/home/simone/pico/pico-sdk/src/rp2_common/pico_stdio/stdio.c.obj
                0x000000001000493c                __wrap_puts
 .text.__wrap_vprintf
                0x0000000010004958       0x48 CMakeFiles/UART_rs485_transceiver.dir/home/simone/pico/pico-sdk/src/rp2_common/pico_stdio/stdio.c.obj
                0x0000000010004958                __wrap_vprintf
 .text.__wrap_printf
                0x00000000100049a0       0x18 CMakeFiles/UART_rs485_transceiver.dir/home/simone/pico/pico-sdk/src/rp2_common/pico_stdio/stdio.c.obj
                0x00000000100049a0                __wrap_printf
 .text.stdio_init_all
                0x00000000100049b8        0x8 CMakeFiles/UART_rs485_transceiver.dir/home/simone/pico/pico-sdk/src/rp2_common/pico_stdio/stdio.c.obj
                0x00000000100049b8                stdio_init_all
 .text.resetd_init
                0x00000000100049c0        0x2 CMakeFiles/UART_rs485_transceiver.dir/home/simone/pico/pico-sdk/src/rp2_common/pico_stdio_usb/reset_interface.c.obj
 *fill*         0x00000000100049c2        0x2 
 .text.resetd_reset
                0x00000000100049c4        0xc CMakeFiles/UART_rs485_transceiver.dir/home/simone/pico/pico-sdk/src/rp2_common/pico_stdio_usb/reset_interface.c.obj
 .text.resetd_open
                0x00000000100049d0       0x34 CMakeFiles/UART_rs485_transceiver.dir/home/simone/pico/pico-sdk/src/rp2_common/pico_stdio_usb/reset_interface.c.obj
 .text.resetd_xfer_cb
                0x0000000010004a04        0x4 CMakeFiles/UART_rs485_transceiver.dir/home/simone/pico/pico-sdk/src/rp2_common/pico_stdio_usb/reset_interface.c.obj
 .text.resetd_control_xfer_cb
                0x0000000010004a08       0x6c CMakeFiles/UART_rs485_transceiver.dir/home/simone/pico/pico-sdk/src/rp2_common/pico_stdio_usb/reset_interface.c.obj
 .text.usbd_app_driver_get_cb
                0x0000000010004a74        0xc CMakeFiles/UART_rs485_transceiver.dir/home/simone/pico/pico-sdk/src/rp2_common/pico_stdio_usb/reset_interface.c.obj
                0x0000000010004a74                usbd_app_driver_get_cb
 .text.tud_cdc_line_coding_cb
                0x0000000010004a80       0x34 CMakeFiles/UART_rs485_transceiver.dir/home/simone/pico/pico-sdk/src/rp2_common/pico_stdio_usb/reset_interface.c.obj
                0x0000000010004a80                tud_cdc_line_coding_cb
 .text.stdio_usb_in_chars
                0x0000000010004ab4       0x70 CMakeFiles/UART_rs485_transceiver.dir/home/simone/pico/pico-sdk/src/rp2_common/pico_stdio_usb/stdio_usb.c.obj
                0x0000000010004ab4                stdio_usb_in_chars
 .text.low_priority_worker_irq
                0x0000000010004b24       0x20 CMakeFiles/UART_rs485_transceiver.dir/home/simone/pico/pico-sdk/src/rp2_common/pico_stdio_usb/stdio_usb.c.obj
 .text.stdio_usb_out_chars
                0x0000000010004b44       0xd4 CMakeFiles/UART_rs485_transceiver.dir/home/simone/pico/pico-sdk/src/rp2_common/pico_stdio_usb/stdio_usb.c.obj
 .text.timer_task
                0x0000000010004c18       0x10 CMakeFiles/UART_rs485_transceiver.dir/home/simone/pico/pico-sdk/src/rp2_common/pico_stdio_usb/stdio_usb.c.obj
 .text.stdio_usb_init
                0x0000000010004c28       0xb8 CMakeFiles/UART_rs485_transceiver.dir/home/simone/pico/pico-sdk/src/rp2_common/pico_stdio_usb/stdio_usb.c.obj
                0x0000000010004c28                stdio_usb_init
 .text.tud_descriptor_device_cb
                0x0000000010004ce0        0x8 CMakeFiles/UART_rs485_transceiver.dir/home/simone/pico/pico-sdk/src/rp2_common/pico_stdio_usb/stdio_usb_descriptors.c.obj
                0x0000000010004ce0                tud_descriptor_device_cb
 .text.tud_descriptor_configuration_cb
                0x0000000010004ce8        0x8 CMakeFiles/UART_rs485_transceiver.dir/home/simone/pico/pico-sdk/src/rp2_common/pico_stdio_usb/stdio_usb_descriptors.c.obj
                0x0000000010004ce8                tud_descriptor_configuration_cb
 .text.tud_descriptor_string_cb
                0x0000000010004cf0       0x68 CMakeFiles/UART_rs485_transceiver.dir/home/simone/pico/pico-sdk/src/rp2_common/pico_stdio_usb/stdio_usb_descriptors.c.obj
                0x0000000010004cf0                tud_descriptor_string_cb
 .text.hw_endpoint_get_by_addr
                0x0000000010004d58       0x18 CMakeFiles/UART_rs485_transceiver.dir/home/simone/pico/pico-sdk/lib/tinyusb/src/portable/raspberrypi/rp2040/dcd_rp2040.c.obj
 .text.reset_ep0
                0x0000000010004d70       0x2c CMakeFiles/UART_rs485_transceiver.dir/home/simone/pico/pico-sdk/lib/tinyusb/src/portable/raspberrypi/rp2040/dcd_rp2040.c.obj
 .text._hw_endpoint_alloc
                0x0000000010004d9c       0x80 CMakeFiles/UART_rs485_transceiver.dir/home/simone/pico/pico-sdk/lib/tinyusb/src/portable/raspberrypi/rp2040/dcd_rp2040.c.obj
 .text._hw_endpoint_init
                0x0000000010004e1c       0xbc CMakeFiles/UART_rs485_transceiver.dir/home/simone/pico/pico-sdk/lib/tinyusb/src/portable/raspberrypi/rp2040/dcd_rp2040.c.obj
 .text.hw_endpoint_init
                0x0000000010004ed8       0x18 CMakeFiles/UART_rs485_transceiver.dir/home/simone/pico/pico-sdk/lib/tinyusb/src/portable/raspberrypi/rp2040/dcd_rp2040.c.obj
 .text.hw_handle_buff_status
                0x0000000010004ef0       0xb4 CMakeFiles/UART_rs485_transceiver.dir/home/simone/pico/pico-sdk/lib/tinyusb/src/portable/raspberrypi/rp2040/dcd_rp2040.c.obj
 .text.dcd_rp2040_irq
                0x0000000010004fa4       0xa8 CMakeFiles/UART_rs485_transceiver.dir/home/simone/pico/pico-sdk/lib/tinyusb/src/portable/raspberrypi/rp2040/dcd_rp2040.c.obj
 .text.hw_endpoint_xfer
                0x000000001000504c       0x18 CMakeFiles/UART_rs485_transceiver.dir/home/simone/pico/pico-sdk/lib/tinyusb/src/portable/raspberrypi/rp2040/dcd_rp2040.c.obj
 .text.ep0_0len_status
                0x0000000010005064       0x14 CMakeFiles/UART_rs485_transceiver.dir/home/simone/pico/pico-sdk/lib/tinyusb/src/portable/raspberrypi/rp2040/dcd_rp2040.c.obj
 .text._hw_endpoint_stall
                0x0000000010005078       0x54 CMakeFiles/UART_rs485_transceiver.dir/home/simone/pico/pico-sdk/lib/tinyusb/src/portable/raspberrypi/rp2040/dcd_rp2040.c.obj
 .text.hw_endpoint_stall
                0x00000000100050cc        0xc CMakeFiles/UART_rs485_transceiver.dir/home/simone/pico/pico-sdk/lib/tinyusb/src/portable/raspberrypi/rp2040/dcd_rp2040.c.obj
 .text._hw_endpoint_clear_stall
                0x00000000100050d8       0x34 CMakeFiles/UART_rs485_transceiver.dir/home/simone/pico/pico-sdk/lib/tinyusb/src/portable/raspberrypi/rp2040/dcd_rp2040.c.obj
 .text.hw_endpoint_clear_stall
                0x000000001000510c        0xc CMakeFiles/UART_rs485_transceiver.dir/home/simone/pico/pico-sdk/lib/tinyusb/src/portable/raspberrypi/rp2040/dcd_rp2040.c.obj
 .text.dcd_int_enable
                0x0000000010005118       0x2c CMakeFiles/UART_rs485_transceiver.dir/home/simone/pico/pico-sdk/lib/tinyusb/src/portable/raspberrypi/rp2040/dcd_rp2040.c.obj
                0x0000000010005118                dcd_int_enable
 .text.dcd_set_address
                0x0000000010005144       0x28 CMakeFiles/UART_rs485_transceiver.dir/home/simone/pico/pico-sdk/lib/tinyusb/src/portable/raspberrypi/rp2040/dcd_rp2040.c.obj
                0x0000000010005144                dcd_set_address
 .text.dcd_connect
                0x000000001000516c       0x30 CMakeFiles/UART_rs485_transceiver.dir/home/simone/pico/pico-sdk/lib/tinyusb/src/portable/raspberrypi/rp2040/dcd_rp2040.c.obj
                0x000000001000516c                dcd_connect
 .text.dcd_init
                0x000000001000519c       0x84 CMakeFiles/UART_rs485_transceiver.dir/home/simone/pico/pico-sdk/lib/tinyusb/src/portable/raspberrypi/rp2040/dcd_rp2040.c.obj
                0x000000001000519c                dcd_init
 .text.dcd_edpt0_status_complete
                0x0000000010005220       0x40 CMakeFiles/UART_rs485_transceiver.dir/home/simone/pico/pico-sdk/lib/tinyusb/src/portable/raspberrypi/rp2040/dcd_rp2040.c.obj
                0x0000000010005220                dcd_edpt0_status_complete
 .text.dcd_edpt_open
                0x0000000010005260       0x40 CMakeFiles/UART_rs485_transceiver.dir/home/simone/pico/pico-sdk/lib/tinyusb/src/portable/raspberrypi/rp2040/dcd_rp2040.c.obj
                0x0000000010005260                dcd_edpt_open
 .text.dcd_edpt_xfer
                0x00000000100052a0       0x34 CMakeFiles/UART_rs485_transceiver.dir/home/simone/pico/pico-sdk/lib/tinyusb/src/portable/raspberrypi/rp2040/dcd_rp2040.c.obj
                0x00000000100052a0                dcd_edpt_xfer
 .text.dcd_edpt_stall
                0x00000000100052d4       0x28 CMakeFiles/UART_rs485_transceiver.dir/home/simone/pico/pico-sdk/lib/tinyusb/src/portable/raspberrypi/rp2040/dcd_rp2040.c.obj
                0x00000000100052d4                dcd_edpt_stall
 .text.dcd_edpt_clear_stall
                0x00000000100052fc       0x2c CMakeFiles/UART_rs485_transceiver.dir/home/simone/pico/pico-sdk/lib/tinyusb/src/portable/raspberrypi/rp2040/dcd_rp2040.c.obj
                0x00000000100052fc                dcd_edpt_clear_stall
 .text.rp2040_usb_init
                0x0000000010005328       0x50 CMakeFiles/UART_rs485_transceiver.dir/home/simone/pico/pico-sdk/lib/tinyusb/src/portable/raspberrypi/rp2040/rp2040_usb.c.obj
                0x0000000010005328                rp2040_usb_init
 .text.hw_endpoint_reset_transfer
                0x0000000010005378       0x10 CMakeFiles/UART_rs485_transceiver.dir/home/simone/pico/pico-sdk/lib/tinyusb/src/portable/raspberrypi/rp2040/rp2040_usb.c.obj
                0x0000000010005378                hw_endpoint_reset_transfer
 .text._hw_endpoint_buffer_control_update32
                0x0000000010005388       0x58 CMakeFiles/UART_rs485_transceiver.dir/home/simone/pico/pico-sdk/lib/tinyusb/src/portable/raspberrypi/rp2040/rp2040_usb.c.obj
                0x0000000010005388                _hw_endpoint_buffer_control_update32
 .text._hw_endpoint_start_next_buffer
                0x00000000100053e0       0x50 CMakeFiles/UART_rs485_transceiver.dir/home/simone/pico/pico-sdk/lib/tinyusb/src/portable/raspberrypi/rp2040/rp2040_usb.c.obj
                0x00000000100053e0                _hw_endpoint_start_next_buffer
 .text._hw_endpoint_xfer_start
                0x0000000010005430       0x3e CMakeFiles/UART_rs485_transceiver.dir/home/simone/pico/pico-sdk/lib/tinyusb/src/portable/raspberrypi/rp2040/rp2040_usb.c.obj
                0x0000000010005430                _hw_endpoint_xfer_start
 *fill*         0x000000001000546e        0x2 
 .text._hw_endpoint_xfer_sync
                0x0000000010005470       0x74 CMakeFiles/UART_rs485_transceiver.dir/home/simone/pico/pico-sdk/lib/tinyusb/src/portable/raspberrypi/rp2040/rp2040_usb.c.obj
                0x0000000010005470                _hw_endpoint_xfer_sync
 .text._hw_endpoint_xfer_continue
                0x00000000100054e4       0x60 CMakeFiles/UART_rs485_transceiver.dir/home/simone/pico/pico-sdk/lib/tinyusb/src/portable/raspberrypi/rp2040/rp2040_usb.c.obj
                0x00000000100054e4                _hw_endpoint_xfer_continue
 .text._hw_endpoint_xfer
                0x0000000010005544       0x34 CMakeFiles/UART_rs485_transceiver.dir/home/simone/pico/pico-sdk/lib/tinyusb/src/portable/raspberrypi/rp2040/rp2040_usb.c.obj
                0x0000000010005544                _hw_endpoint_xfer
 .text.mark_interface_endpoint
                0x0000000010005578       0x2a CMakeFiles/UART_rs485_transceiver.dir/home/simone/pico/pico-sdk/lib/tinyusb/src/device/usbd.c.obj
 *fill*         0x00000000100055a2        0x2 
 .text.usbd_reset
                0x00000000100055a4       0x88 CMakeFiles/UART_rs485_transceiver.dir/home/simone/pico/pico-sdk/lib/tinyusb/src/device/usbd.c.obj
 .text.invoke_class_control
                0x000000001000562c       0x1a CMakeFiles/UART_rs485_transceiver.dir/home/simone/pico/pico-sdk/lib/tinyusb/src/device/usbd.c.obj
 *fill*         0x0000000010005646        0x2 
 .text.process_set_config
                0x0000000010005648      0x1d0 CMakeFiles/UART_rs485_transceiver.dir/home/simone/pico/pico-sdk/lib/tinyusb/src/device/usbd.c.obj
 .text.process_get_descriptor
                0x0000000010005818       0xf8 CMakeFiles/UART_rs485_transceiver.dir/home/simone/pico/pico-sdk/lib/tinyusb/src/device/usbd.c.obj
 .text.tud_mounted
                0x0000000010005910       0x10 CMakeFiles/UART_rs485_transceiver.dir/home/simone/pico/pico-sdk/lib/tinyusb/src/device/usbd.c.obj
                0x0000000010005910                tud_mounted
 .text.tud_suspended
                0x0000000010005920       0x10 CMakeFiles/UART_rs485_transceiver.dir/home/simone/pico/pico-sdk/lib/tinyusb/src/device/usbd.c.obj
                0x0000000010005920                tud_suspended
 .text.tud_inited
                0x0000000010005930        0xc CMakeFiles/UART_rs485_transceiver.dir/home/simone/pico/pico-sdk/lib/tinyusb/src/device/usbd.c.obj
                0x0000000010005930                tud_inited
 .text.tud_init
                0x000000001000593c       0xcc CMakeFiles/UART_rs485_transceiver.dir/home/simone/pico/pico-sdk/lib/tinyusb/src/device/usbd.c.obj
                0x000000001000593c                tud_init
 .text.dcd_event_handler
                0x0000000010005a08      0x174 CMakeFiles/UART_rs485_transceiver.dir/home/simone/pico/pico-sdk/lib/tinyusb/src/device/usbd.c.obj
                0x0000000010005a08                dcd_event_handler
 .text.dcd_event_bus_signal
                0x0000000010005b7c       0x26 CMakeFiles/UART_rs485_transceiver.dir/home/simone/pico/pico-sdk/lib/tinyusb/src/device/usbd.c.obj
                0x0000000010005b7c                dcd_event_bus_signal
 .text.dcd_event_bus_reset
                0x0000000010005ba2       0x2a CMakeFiles/UART_rs485_transceiver.dir/home/simone/pico/pico-sdk/lib/tinyusb/src/device/usbd.c.obj
                0x0000000010005ba2                dcd_event_bus_reset
 .text.dcd_event_setup_received
                0x0000000010005bcc       0x34 CMakeFiles/UART_rs485_transceiver.dir/home/simone/pico/pico-sdk/lib/tinyusb/src/device/usbd.c.obj
                0x0000000010005bcc                dcd_event_setup_received
 .text.dcd_event_xfer_complete
                0x0000000010005c00       0x44 CMakeFiles/UART_rs485_transceiver.dir/home/simone/pico/pico-sdk/lib/tinyusb/src/device/usbd.c.obj
                0x0000000010005c00                dcd_event_xfer_complete
 .text.usbd_edpt_open
                0x0000000010005c44       0xe0 CMakeFiles/UART_rs485_transceiver.dir/home/simone/pico/pico-sdk/lib/tinyusb/src/device/usbd.c.obj
                0x0000000010005c44                usbd_edpt_open
 .text.usbd_open_edpt_pair
                0x0000000010005d24       0x8c CMakeFiles/UART_rs485_transceiver.dir/home/simone/pico/pico-sdk/lib/tinyusb/src/device/usbd.c.obj
                0x0000000010005d24                usbd_open_edpt_pair
 .text.usbd_edpt_claim
                0x0000000010005db0       0x8c CMakeFiles/UART_rs485_transceiver.dir/home/simone/pico/pico-sdk/lib/tinyusb/src/device/usbd.c.obj
                0x0000000010005db0                usbd_edpt_claim
 .text.usbd_edpt_release
                0x0000000010005e3c       0x68 CMakeFiles/UART_rs485_transceiver.dir/home/simone/pico/pico-sdk/lib/tinyusb/src/device/usbd.c.obj
                0x0000000010005e3c                usbd_edpt_release
 .text.usbd_edpt_xfer
                0x0000000010005ea4       0x80 CMakeFiles/UART_rs485_transceiver.dir/home/simone/pico/pico-sdk/lib/tinyusb/src/device/usbd.c.obj
                0x0000000010005ea4                usbd_edpt_xfer
 .text.usbd_edpt_stall
                0x0000000010005f24       0x2c CMakeFiles/UART_rs485_transceiver.dir/home/simone/pico/pico-sdk/lib/tinyusb/src/device/usbd.c.obj
                0x0000000010005f24                usbd_edpt_stall
 .text.usbd_edpt_clear_stall
                0x0000000010005f50       0x2c CMakeFiles/UART_rs485_transceiver.dir/home/simone/pico/pico-sdk/lib/tinyusb/src/device/usbd.c.obj
                0x0000000010005f50                usbd_edpt_clear_stall
 .text.usbd_edpt_stalled
                0x0000000010005f7c       0x1c CMakeFiles/UART_rs485_transceiver.dir/home/simone/pico/pico-sdk/lib/tinyusb/src/device/usbd.c.obj
                0x0000000010005f7c                usbd_edpt_stalled
 .text.process_control_request
                0x0000000010005f98      0x380 CMakeFiles/UART_rs485_transceiver.dir/home/simone/pico/pico-sdk/lib/tinyusb/src/device/usbd.c.obj
 .text.tud_task
                0x0000000010006318      0x204 CMakeFiles/UART_rs485_transceiver.dir/home/simone/pico/pico-sdk/lib/tinyusb/src/device/usbd.c.obj
                0x0000000010006318                tud_task
 .text._data_stage_xact
                0x000000001000651c       0x58 CMakeFiles/UART_rs485_transceiver.dir/home/simone/pico/pico-sdk/lib/tinyusb/src/device/usbd_control.c.obj
 .text.tud_control_status
                0x0000000010006574       0x38 CMakeFiles/UART_rs485_transceiver.dir/home/simone/pico/pico-sdk/lib/tinyusb/src/device/usbd_control.c.obj
                0x0000000010006574                tud_control_status
 .text.tud_control_xfer
                0x00000000100065ac       0xa8 CMakeFiles/UART_rs485_transceiver.dir/home/simone/pico/pico-sdk/lib/tinyusb/src/device/usbd_control.c.obj
                0x00000000100065ac                tud_control_xfer
 .text.usbd_control_reset
                0x0000000010006654       0x14 CMakeFiles/UART_rs485_transceiver.dir/home/simone/pico/pico-sdk/lib/tinyusb/src/device/usbd_control.c.obj
                0x0000000010006654                usbd_control_reset
 .text.usbd_control_set_complete_callback
                0x0000000010006668        0xc CMakeFiles/UART_rs485_transceiver.dir/home/simone/pico/pico-sdk/lib/tinyusb/src/device/usbd_control.c.obj
                0x0000000010006668                usbd_control_set_complete_callback
 .text.usbd_control_set_request
                0x0000000010006674       0x1c CMakeFiles/UART_rs485_transceiver.dir/home/simone/pico/pico-sdk/lib/tinyusb/src/device/usbd_control.c.obj
                0x0000000010006674                usbd_control_set_request
 .text.usbd_control_xfer_cb
                0x0000000010006690       0xfc CMakeFiles/UART_rs485_transceiver.dir/home/simone/pico/pico-sdk/lib/tinyusb/src/device/usbd_control.c.obj
                0x0000000010006690                usbd_control_xfer_cb
 .text._prep_out_transaction
                0x000000001000678c       0x46 CMakeFiles/UART_rs485_transceiver.dir/home/simone/pico/pico-sdk/lib/tinyusb/src/class/cdc/cdc_device.c.obj
 *fill*         0x00000000100067d2        0x2 
 .text.tud_cdc_n_connected
                0x00000000100067d4       0x44 CMakeFiles/UART_rs485_transceiver.dir/home/simone/pico/pico-sdk/lib/tinyusb/src/class/cdc/cdc_device.c.obj
                0x00000000100067d4                tud_cdc_n_connected
 .text.tud_cdc_n_available
                0x0000000010006818       0x18 CMakeFiles/UART_rs485_transceiver.dir/home/simone/pico/pico-sdk/lib/tinyusb/src/class/cdc/cdc_device.c.obj
                0x0000000010006818                tud_cdc_n_available
 .text.tud_cdc_n_read
                0x0000000010006830       0x28 CMakeFiles/UART_rs485_transceiver.dir/home/simone/pico/pico-sdk/lib/tinyusb/src/class/cdc/cdc_device.c.obj
                0x0000000010006830                tud_cdc_n_read
 .text.tud_cdc_n_write_flush
                0x0000000010006858       0xcc CMakeFiles/UART_rs485_transceiver.dir/home/simone/pico/pico-sdk/lib/tinyusb/src/class/cdc/cdc_device.c.obj
                0x0000000010006858                tud_cdc_n_write_flush
 .text.tud_cdc_n_write
                0x0000000010006924       0x38 CMakeFiles/UART_rs485_transceiver.dir/home/simone/pico/pico-sdk/lib/tinyusb/src/class/cdc/cdc_device.c.obj
                0x0000000010006924                tud_cdc_n_write
 .text.tud_cdc_n_write_available
                0x000000001000695c       0x1c CMakeFiles/UART_rs485_transceiver.dir/home/simone/pico/pico-sdk/lib/tinyusb/src/class/cdc/cdc_device.c.obj
                0x000000001000695c                tud_cdc_n_write_available
 .text.cdcd_init
                0x0000000010006978       0xbc CMakeFiles/UART_rs485_transceiver.dir/home/simone/pico/pico-sdk/lib/tinyusb/src/class/cdc/cdc_device.c.obj
                0x0000000010006978                cdcd_init
 .text.cdcd_reset
                0x0000000010006a34       0x44 CMakeFiles/UART_rs485_transceiver.dir/home/simone/pico/pico-sdk/lib/tinyusb/src/class/cdc/cdc_device.c.obj
                0x0000000010006a34                cdcd_reset
 .text.cdcd_open
                0x0000000010006a78      0x10c CMakeFiles/UART_rs485_transceiver.dir/home/simone/pico/pico-sdk/lib/tinyusb/src/class/cdc/cdc_device.c.obj
                0x0000000010006a78                cdcd_open
 .text.cdcd_control_xfer_cb
                0x0000000010006b84      0x134 CMakeFiles/UART_rs485_transceiver.dir/home/simone/pico/pico-sdk/lib/tinyusb/src/class/cdc/cdc_device.c.obj
                0x0000000010006b84                cdcd_control_xfer_cb
 .text.cdcd_xfer_cb
                0x0000000010006cb8      0x144 CMakeFiles/UART_rs485_transceiver.dir/home/simone/pico/pico-sdk/lib/tinyusb/src/class/cdc/cdc_device.c.obj
                0x0000000010006cb8                cdcd_xfer_cb
 .text.tusb_init
                0x0000000010006dfc       0x24 CMakeFiles/UART_rs485_transceiver.dir/home/simone/pico/pico-sdk/lib/tinyusb/src/tusb.c.obj
                0x0000000010006dfc                tusb_init
 .text.tusb_inited
                0x0000000010006e20        0xe CMakeFiles/UART_rs485_transceiver.dir/home/simone/pico/pico-sdk/lib/tinyusb/src/tusb.c.obj
                0x0000000010006e20                tusb_inited
 .text.advance_pointer
                0x0000000010006e2e       0x1e CMakeFiles/UART_rs485_transceiver.dir/home/simone/pico/pico-sdk/lib/tinyusb/src/common/tusb_fifo.c.obj
 .text.backward_pointer
                0x0000000010006e4c       0x1a CMakeFiles/UART_rs485_transceiver.dir/home/simone/pico/pico-sdk/lib/tinyusb/src/common/tusb_fifo.c.obj
 .text.get_relative_pointer
                0x0000000010006e66       0x10 CMakeFiles/UART_rs485_transceiver.dir/home/simone/pico/pico-sdk/lib/tinyusb/src/common/tusb_fifo.c.obj
 .text._tu_fifo_peek
                0x0000000010006e76       0x50 CMakeFiles/UART_rs485_transceiver.dir/home/simone/pico/pico-sdk/lib/tinyusb/src/common/tusb_fifo.c.obj
 .text._ff_pull_const_addr
                0x0000000010006ec6       0x4c CMakeFiles/UART_rs485_transceiver.dir/home/simone/pico/pico-sdk/lib/tinyusb/src/common/tusb_fifo.c.obj
 .text._ff_pull_n
                0x0000000010006f12      0x10c CMakeFiles/UART_rs485_transceiver.dir/home/simone/pico/pico-sdk/lib/tinyusb/src/common/tusb_fifo.c.obj
 .text._tu_fifo_peek_n
                0x000000001000701e       0x5e CMakeFiles/UART_rs485_transceiver.dir/home/simone/pico/pico-sdk/lib/tinyusb/src/common/tusb_fifo.c.obj
 .text._tu_fifo_read_n
                0x000000001000707c       0x4e CMakeFiles/UART_rs485_transceiver.dir/home/simone/pico/pico-sdk/lib/tinyusb/src/common/tusb_fifo.c.obj
 .text._ff_push_const_addr
                0x00000000100070ca       0x40 CMakeFiles/UART_rs485_transceiver.dir/home/simone/pico/pico-sdk/lib/tinyusb/src/common/tusb_fifo.c.obj
 .text._ff_push_n
                0x000000001000710a      0x106 CMakeFiles/UART_rs485_transceiver.dir/home/simone/pico/pico-sdk/lib/tinyusb/src/common/tusb_fifo.c.obj
 .text._tu_fifo_write_n
                0x0000000010007210       0x9e CMakeFiles/UART_rs485_transceiver.dir/home/simone/pico/pico-sdk/lib/tinyusb/src/common/tusb_fifo.c.obj
 .text.tu_fifo_config
                0x00000000100072ae       0x72 CMakeFiles/UART_rs485_transceiver.dir/home/simone/pico/pico-sdk/lib/tinyusb/src/common/tusb_fifo.c.obj
                0x00000000100072ae                tu_fifo_config
 .text.tu_fifo_count
                0x0000000010007320       0x26 CMakeFiles/UART_rs485_transceiver.dir/home/simone/pico/pico-sdk/lib/tinyusb/src/common/tusb_fifo.c.obj
                0x0000000010007320                tu_fifo_count
 .text.tu_fifo_empty
                0x0000000010007346        0xe CMakeFiles/UART_rs485_transceiver.dir/home/simone/pico/pico-sdk/lib/tinyusb/src/common/tusb_fifo.c.obj
                0x0000000010007346                tu_fifo_empty
 .text.tu_fifo_remaining
                0x0000000010007354       0x20 CMakeFiles/UART_rs485_transceiver.dir/home/simone/pico/pico-sdk/lib/tinyusb/src/common/tusb_fifo.c.obj
                0x0000000010007354                tu_fifo_remaining
 .text.tu_fifo_read
                0x0000000010007374       0x42 CMakeFiles/UART_rs485_transceiver.dir/home/simone/pico/pico-sdk/lib/tinyusb/src/common/tusb_fifo.c.obj
                0x0000000010007374                tu_fifo_read
 .text.tu_fifo_read_n
                0x00000000100073b6        0xa CMakeFiles/UART_rs485_transceiver.dir/home/simone/pico/pico-sdk/lib/tinyusb/src/common/tusb_fifo.c.obj
                0x00000000100073b6                tu_fifo_read_n
 .text.tu_fifo_write
                0x00000000100073c0       0x6c CMakeFiles/UART_rs485_transceiver.dir/home/simone/pico/pico-sdk/lib/tinyusb/src/common/tusb_fifo.c.obj
                0x00000000100073c0                tu_fifo_write
 .text.tu_fifo_write_n
                0x000000001000742c        0xa CMakeFiles/UART_rs485_transceiver.dir/home/simone/pico/pico-sdk/lib/tinyusb/src/common/tusb_fifo.c.obj
                0x000000001000742c                tu_fifo_write_n
 .text.tu_fifo_clear
                0x0000000010007436       0x4c CMakeFiles/UART_rs485_transceiver.dir/home/simone/pico/pico-sdk/lib/tinyusb/src/common/tusb_fifo.c.obj
                0x0000000010007436                tu_fifo_clear
 .text.tu_fifo_set_overwritable
                0x0000000010007482       0x3c CMakeFiles/UART_rs485_transceiver.dir/home/simone/pico/pico-sdk/lib/tinyusb/src/common/tusb_fifo.c.obj
                0x0000000010007482                tu_fifo_set_overwritable
 *fill*         0x00000000100074be        0x2 
 .text._retrieve_unique_id_on_boot
                0x00000000100074c0       0x10 CMakeFiles/UART_rs485_transceiver.dir/home/simone/pico/pico-sdk/src/rp2_common/pico_unique_id/unique_id.c.obj
 .text.pico_get_unique_board_id_string
                0x00000000100074d0       0x60 CMakeFiles/UART_rs485_transceiver.dir/home/simone/pico/pico-sdk/src/rp2_common/pico_unique_id/unique_id.c.obj
                0x00000000100074d0                pico_get_unique_board_id_string
 .text.flash_get_unique_id
                0x0000000010007530       0x46 CMakeFiles/UART_rs485_transceiver.dir/home/simone/pico/pico-sdk/src/rp2_common/hardware_flash/flash.c.obj
                0x0000000010007530                flash_get_unique_id
 *fill*         0x0000000010007576        0x2 
 .text.i2c_set_baudrate
                0x0000000010007578       0xf0 CMakeFiles/UART_rs485_transceiver.dir/home/simone/pico/pico-sdk/src/rp2_common/hardware_i2c/i2c.c.obj
                0x0000000010007578                i2c_set_baudrate
 .text.i2c_init
                0x0000000010007668       0x58 CMakeFiles/UART_rs485_transceiver.dir/home/simone/pico/pico-sdk/src/rp2_common/hardware_i2c/i2c.c.obj
                0x0000000010007668                i2c_init
 .text          0x00000000100076c0       0x18 /usr/lib/gcc/arm-none-eabi/9.2.1/../../../arm-none-eabi/lib/thumb/v6-m/nofp/libg.a(lib_a-atoi.o)
                0x00000000100076c0                atoi
                0x00000000100076cc                _atoi_r
 .text          0x00000000100076d8       0x5c /usr/lib/gcc/arm-none-eabi/9.2.1/../../../arm-none-eabi/lib/thumb/v6-m/nofp/libg.a(lib_a-callocr.o)
                0x00000000100076d8                _calloc_r
 .text          0x0000000010007734      0x58c /usr/lib/gcc/arm-none-eabi/9.2.1/../../../arm-none-eabi/lib/thumb/v6-m/nofp/libg.a(lib_a-mallocr.o)
                0x0000000010007734                _malloc_r
 .text          0x0000000010007cc0        0x8 /usr/lib/gcc/arm-none-eabi/9.2.1/../../../arm-none-eabi/lib/thumb/v6-m/nofp/libg.a(lib_a-mlock.o)
                0x0000000010007cc0                __malloc_lock
                0x0000000010007cc4                __malloc_unlock
 .text          0x0000000010007cc8       0x24 /usr/lib/gcc/arm-none-eabi/9.2.1/../../../arm-none-eabi/lib/thumb/v6-m/nofp/libg.a(lib_a-sbrkr.o)
                0x0000000010007cc8                _sbrk_r
 .text          0x0000000010007cec       0x40 /usr/lib/gcc/arm-none-eabi/9.2.1/../../../arm-none-eabi/lib/thumb/v6-m/nofp/libg.a(lib_a-scanf.o)
                0x0000000010007cec                scanf
                0x0000000010007d10                _scanf_r
 .text          0x0000000010007d2c       0x68 /usr/lib/gcc/arm-none-eabi/9.2.1/../../../arm-none-eabi/lib/thumb/v6-m/nofp/libg.a(lib_a-strlen-stub.o)
                0x0000000010007d2c                strlen
 .text          0x0000000010007d94      0x184 /usr/lib/gcc/arm-none-eabi/9.2.1/../../../arm-none-eabi/lib/thumb/v6-m/nofp/libg.a(lib_a-strtol.o)
                0x0000000010007ee0                _strtol_r
                0x0000000010007ee8                strtol_l
                0x0000000010007f00                strtol
 .text          0x0000000010007f18      0xfec /usr/lib/gcc/arm-none-eabi/9.2.1/../../../arm-none-eabi/lib/thumb/v6-m/nofp/libg.a(lib_a-vfscanf.o)
                0x0000000010007f18                __svfscanf_r
                0x0000000010008e94                vfscanf
                0x0000000010008ec4                __svfscanf
                0x0000000010008edc                _vfscanf_r
 .text          0x0000000010008f04        0xc /usr/lib/gcc/arm-none-eabi/9.2.1/../../../arm-none-eabi/lib/thumb/v6-m/nofp/libg.a(lib_a-errno.o)
                0x0000000010008f04                __errno
 .text          0x0000000010008f10      0x220 /usr/lib/gcc/arm-none-eabi/9.2.1/../../../arm-none-eabi/lib/thumb/v6-m/nofp/libg.a(lib_a-findfp.o)
                0x0000000010008f14                _cleanup_r
                0x0000000010009010                __sfmoreglue
                0x0000000010009040                __sfp
                0x00000000100090c8                _cleanup
                0x00000000100090e0                __sinit
                0x00000000100090f0                __sfp_lock_acquire
                0x00000000100090f4                __sfp_lock_release
                0x00000000100090f8                __sinit_lock_acquire
                0x00000000100090fc                __sinit_lock_release
                0x0000000010009100                __fp_lock_all
                0x0000000010009118                __fp_unlock_all
 .text          0x0000000010009130      0x19c /usr/lib/gcc/arm-none-eabi/9.2.1/../../../arm-none-eabi/lib/thumb/v6-m/nofp/libg.a(lib_a-fread.o)
                0x0000000010009130                _fread_r
                0x00000000100092ac                fread
 .text          0x00000000100092cc      0x27c /usr/lib/gcc/arm-none-eabi/9.2.1/../../../arm-none-eabi/lib/thumb/v6-m/nofp/libg.a(lib_a-freer.o)
                0x00000000100092cc                _malloc_trim_r
                0x000000001000936c                _free_r
 .text          0x0000000010009548       0x90 /usr/lib/gcc/arm-none-eabi/9.2.1/../../../arm-none-eabi/lib/thumb/v6-m/nofp/libg.a(lib_a-fwalk.o)
                0x0000000010009548                _fwalk
                0x000000001000958c                _fwalk_reent
 .text          0x00000000100095d8        0xc /usr/lib/gcc/arm-none-eabi/9.2.1/../../../arm-none-eabi/lib/thumb/v6-m/nofp/libg.a(lib_a-iswspace.o)
                0x00000000100095d8                iswspace
 .text          0x00000000100095e4       0x18 /usr/lib/gcc/arm-none-eabi/9.2.1/../../../arm-none-eabi/lib/thumb/v6-m/nofp/libg.a(lib_a-iswspace_l.o)
                0x00000000100095e4                iswspace_l
 .text          0x00000000100095fc       0x6c /usr/lib/gcc/arm-none-eabi/9.2.1/../../../arm-none-eabi/lib/thumb/v6-m/nofp/libg.a(lib_a-locale.o)
                0x00000000100095fc                _setlocale_r
                0x0000000010009640                __locale_mb_cur_max
                0x0000000010009650                setlocale
 .text          0x0000000010009668       0x14 /usr/lib/gcc/arm-none-eabi/9.2.1/../../../arm-none-eabi/lib/thumb/v6-m/nofp/libg.a(lib_a-localeconv.o)
                0x0000000010009668                __localeconv_l
                0x000000001000966c                _localeconv_r
                0x0000000010009674                localeconv
 .text          0x000000001000967c       0x94 /usr/lib/gcc/arm-none-eabi/9.2.1/../../../arm-none-eabi/lib/thumb/v6-m/nofp/libg.a(lib_a-mbrtowc.o)
                0x000000001000967c                _mbrtowc_r
                0x00000000100096c4                mbrtowc
 .text          0x0000000010009710       0x44 /usr/lib/gcc/arm-none-eabi/9.2.1/../../../arm-none-eabi/lib/thumb/v6-m/nofp/libg.a(lib_a-mbtowc_r.o)
                0x0000000010009710                _mbtowc_r
                0x0000000010009728                __ascii_mbtowc
 .text          0x0000000010009754      0x140 /usr/lib/gcc/arm-none-eabi/9.2.1/../../../arm-none-eabi/lib/thumb/v6-m/nofp/libg.a(lib_a-refill.o)
                0x0000000010009770                __srefill_r
 .text          0x0000000010009894       0x6c /usr/lib/gcc/arm-none-eabi/9.2.1/../../../arm-none-eabi/lib/thumb/v6-m/nofp/libg.a(lib_a-sccl.o)
                0x0000000010009894                __sccl
 .text          0x0000000010009900        0x8 /usr/lib/gcc/arm-none-eabi/9.2.1/../../../arm-none-eabi/lib/thumb/v6-m/nofp/libg.a(lib_a-sf_nan.o)
                0x0000000010009900                nanf
 .text          0x0000000010009908       0xa4 /usr/lib/gcc/arm-none-eabi/9.2.1/../../../arm-none-eabi/lib/thumb/v6-m/nofp/libg.a(lib_a-stdio.o)
                0x0000000010009908                __sread
                0x0000000010009930                __seofread
                0x0000000010009934                __swrite
                0x0000000010009974                __sseek
                0x00000000100099a0                __sclose
 .text          0x00000000100099ac       0x88 /usr/lib/gcc/arm-none-eabi/9.2.1/../../../arm-none-eabi/lib/thumb/v6-m/nofp/libg.a(lib_a-strcmp.o)
                0x00000000100099ac                strcmp
 .text          0x0000000010009a34     0x10b8 /usr/lib/gcc/arm-none-eabi/9.2.1/../../../arm-none-eabi/lib/thumb/v6-m/nofp/libg.a(lib_a-strtod.o)
                0x0000000010009a64                _strtod_l
                0x000000001000a944                _strtod_r
                0x000000001000a954                strtod_l
                0x000000001000a96c                strtod
                0x000000001000a988                strtof_l
                0x000000001000aa38                strtof
 .text          0x000000001000aaec      0x1d8 /usr/lib/gcc/arm-none-eabi/9.2.1/../../../arm-none-eabi/lib/thumb/v6-m/nofp/libg.a(lib_a-strtoll.o)
                0x000000001000ac8c                _strtoll_r
                0x000000001000ac94                strtoll_l
                0x000000001000acac                strtoll
 .text          0x000000001000acc4      0x180 /usr/lib/gcc/arm-none-eabi/9.2.1/../../../arm-none-eabi/lib/thumb/v6-m/nofp/libg.a(lib_a-strtoul.o)
                0x000000001000ae0c                _strtoul_r
                0x000000001000ae14                strtoul_l
                0x000000001000ae2c                strtoul
 .text          0x000000001000ae44      0x1f4 /usr/lib/gcc/arm-none-eabi/9.2.1/../../../arm-none-eabi/lib/thumb/v6-m/nofp/libg.a(lib_a-strtoull.o)
                0x000000001000b000                _strtoull_r
                0x000000001000b008                strtoull_l
                0x000000001000b020                strtoull
 .text          0x000000001000b038      0x184 /usr/lib/gcc/arm-none-eabi/9.2.1/../../../arm-none-eabi/lib/thumb/v6-m/nofp/libg.a(lib_a-ungetc.o)
                0x000000001000b038                __submore
                0x000000001000b0bc                _ungetc_r
                0x000000001000b1a4                ungetc
 .text          0x000000001000b1bc       0x2c /usr/lib/gcc/arm-none-eabi/9.2.1/../../../arm-none-eabi/lib/thumb/v6-m/nofp/libg.a(lib_a-wctomb_r.o)
                0x000000001000b1bc                _wctomb_r
                0x000000001000b1cc                __ascii_wctomb
 .text          0x000000001000b1e8       0x28 /usr/lib/gcc/arm-none-eabi/9.2.1/../../../arm-none-eabi/lib/thumb/v6-m/nofp/libg.a(lib_a-writer.o)
                0x000000001000b1e8                _write_r
 .text          0x000000001000b210       0x24 /usr/lib/gcc/arm-none-eabi/9.2.1/../../../arm-none-eabi/lib/thumb/v6-m/nofp/libg.a(lib_a-closer.o)
                0x000000001000b210                _close_r
 .text          0x000000001000b234       0xac /usr/lib/gcc/arm-none-eabi/9.2.1/../../../arm-none-eabi/lib/thumb/v6-m/nofp/libg.a(lib_a-fclose.o)
                0x000000001000b234                _fclose_r
                0x000000001000b2cc                fclose
 .text          0x000000001000b2e0      0x1b4 /usr/lib/gcc/arm-none-eabi/9.2.1/../../../arm-none-eabi/lib/thumb/v6-m/nofp/libg.a(lib_a-fflush.o)
                0x000000001000b2e0                __sflush_r
                0x000000001000b440                _fflush_r
                0x000000001000b46c                fflush
 .text          0x000000001000b494      0x634 /usr/lib/gcc/arm-none-eabi/9.2.1/../../../arm-none-eabi/lib/thumb/v6-m/nofp/libg.a(lib_a-gdtoa-gethex.o)
                0x000000001000b538                __gethex
 .text          0x000000001000bac8      0x1d8 /usr/lib/gcc/arm-none-eabi/9.2.1/../../../arm-none-eabi/lib/thumb/v6-m/nofp/libg.a(lib_a-gdtoa-hexnan.o)
                0x000000001000bac8                __match
                0x000000001000baf4                __hexnan
 .text          0x000000001000bca0       0x28 /usr/lib/gcc/arm-none-eabi/9.2.1/../../../arm-none-eabi/lib/thumb/v6-m/nofp/libg.a(lib_a-lseekr.o)
                0x000000001000bca0                _lseek_r
 .text          0x000000001000bcc8       0xf0 /usr/lib/gcc/arm-none-eabi/9.2.1/../../../arm-none-eabi/lib/thumb/v6-m/nofp/libg.a(lib_a-makebuf.o)
                0x000000001000bcc8                __swhatbuf_r
                0x000000001000bd28                __smakebuf_r
 .text          0x000000001000bdb8      0xa38 /usr/lib/gcc/arm-none-eabi/9.2.1/../../../arm-none-eabi/lib/thumb/v6-m/nofp/libg.a(lib_a-mprec.o)
                0x000000001000bdb8                _Balloc
                0x000000001000be08                _Bfree
                0x000000001000be1c                __multadd
                0x000000001000becc                __s2b
                0x000000001000bf78                __hi0bits
                0x000000001000bfb0                __lo0bits
                0x000000001000c00c                __i2b
                0x000000001000c038                __multiply
                0x000000001000c1c4                __pow5mult
                0x000000001000c278                __lshift
                0x000000001000c35c                __mcmp
                0x000000001000c390                __mdiff
                0x000000001000c4d8                __ulp
                0x000000001000c520                __b2d
                0x000000001000c5d8                __d2b
                0x000000001000c6b0                __ratio
                0x000000001000c724                _mprec_log10
                0x000000001000c758                __copybits
                0x000000001000c798                __any_on
 .text          0x000000001000c7f0       0x28 /usr/lib/gcc/arm-none-eabi/9.2.1/../../../arm-none-eabi/lib/thumb/v6-m/nofp/libg.a(lib_a-readr.o)
                0x000000001000c7f0                _read_r
 .text          0x000000001000c818      0x35c /usr/lib/gcc/arm-none-eabi/9.2.1/../../../arm-none-eabi/lib/thumb/v6-m/nofp/libg.a(lib_a-reallocr.o)
                0x000000001000c818                _realloc_r
 .text          0x000000001000cb74        0xc /usr/lib/gcc/arm-none-eabi/9.2.1/../../../arm-none-eabi/lib/thumb/v6-m/nofp/libg.a(lib_a-s_nan.o)
                0x000000001000cb74                nan
 .text          0x000000001000cb80       0x94 /usr/lib/gcc/arm-none-eabi/9.2.1/../../../arm-none-eabi/lib/thumb/v6-m/nofp/libg.a(lib_a-strncmp.o)
                0x000000001000cb80                strncmp
 .text          0x000000001000cc14       0x28 /usr/lib/gcc/arm-none-eabi/9.2.1/../../../arm-none-eabi/lib/thumb/v6-m/nofp/libg.a(lib_a-fstatr.o)
                0x000000001000cc14                _fstat_r
 .text          0x000000001000cc3c       0x24 /usr/lib/gcc/arm-none-eabi/9.2.1/../../../arm-none-eabi/lib/thumb/v6-m/nofp/libg.a(lib_a-isattyr.o)
                0x000000001000cc3c                _isatty_r
 .text          0x000000001000cc60       0xbc /usr/lib/gcc/arm-none-eabi/9.2.1/../../../arm-none-eabi/lib/thumb/v6-m/nofp/libg.a(lib_a-memmove.o)
                0x000000001000cc60                memmove
 .text          0x000000001000cd1c       0x10 /usr/lib/gcc/arm-none-eabi/9.2.1/../../../arm-none-eabi/lib/thumb/v6-m/nofp/libnosys.a(close.o)
                0x000000001000cd1c                _close
 .text          0x000000001000cd2c       0x10 /usr/lib/gcc/arm-none-eabi/9.2.1/../../../arm-none-eabi/lib/thumb/v6-m/nofp/libnosys.a(fstat.o)
                0x000000001000cd2c                _fstat
 .text          0x000000001000cd3c       0x10 /usr/lib/gcc/arm-none-eabi/9.2.1/../../../arm-none-eabi/lib/thumb/v6-m/nofp/libnosys.a(isatty.o)
                0x000000001000cd3c                _isatty
 .text          0x000000001000cd4c       0x10 /usr/lib/gcc/arm-none-eabi/9.2.1/../../../arm-none-eabi/lib/thumb/v6-m/nofp/libnosys.a(lseek.o)
                0x000000001000cd4c                _lseek
 *(.fini)
 .fini          0x000000001000cd5c        0x4 /usr/lib/gcc/arm-none-eabi/9.2.1/thumb/v6-m/nofp/crti.o
                0x000000001000cd5c                _fini
 .fini.__stub   0x000000001000cd60       0x70 linker stubs
 *crtbegin.o(.ctors)
 *crtbegin?.o(.ctors)
 *(EXCLUDE_FILE(*crtend.o *crtend?.o) .ctors)
 *(SORT_BY_NAME(.ctors.*))
 *(.ctors)
 *crtbegin.o(.dtors)
 *crtbegin?.o(.dtors)
 *(EXCLUDE_FILE(*crtend.o *crtend?.o) .dtors)
 *(SORT_BY_NAME(.dtors.*))
 *(.dtors)
 *(.eh_frame*)
 .eh_frame      0x000000001000cdd0        0x0 /usr/lib/gcc/arm-none-eabi/9.2.1/thumb/v6-m/nofp/crtbegin.o
                0x000000001000cdd0                . = ALIGN (0x4)

.glue_7         0x000000001000cdd0        0x0
 .glue_7        0x000000001000cdd0        0x0 linker stubs

.glue_7t        0x000000001000cdd0        0x0
 .glue_7t       0x000000001000cdd0        0x0 linker stubs

.vfp11_veneer   0x000000001000cdd0        0x0
 .vfp11_veneer  0x000000001000cdd0        0x0 linker stubs

.v4_bx          0x000000001000cdd0        0x0
 .v4_bx         0x000000001000cdd0        0x0 linker stubs

.iplt           0x000000001000cdd0        0x0
 .iplt          0x000000001000cdd0        0x0 /usr/lib/gcc/arm-none-eabi/9.2.1/thumb/v6-m/nofp/crtbegin.o

.rodata         0x000000001000cdd0     0x2194
 *(EXCLUDE_FILE(*libm.a: *libc.a:*lib_a-mem*.o *libgcc.a:) .rodata*)
 .rodata.main.str1.4
                0x000000001000cdd0      0x217 CMakeFiles/UART_rs485_transceiver.dir/UART_rs485_transceiver.c.obj
                                        0x21b (size before relaxing)
 *fill*         0x000000001000cfe7        0x1 
 .rodata.spin_lock_claim_unused.str1.4
                0x000000001000cfe8       0x1b CMakeFiles/UART_rs485_transceiver.dir/home/simone/pico/pico-sdk/src/rp2_common/hardware_sync/sync.c.obj
 *fill*         0x000000001000d003        0x1 
 .rodata.repeating_timer_callback.str1.4
                0x000000001000d004       0x4b CMakeFiles/UART_rs485_transceiver.dir/home/simone/pico/pico-sdk/src/common/pico_time/time.c.obj
 *fill*         0x000000001000d04f        0x1 
 .rodata.alarm_pool_dump_key.str1.4
                0x000000001000d050       0x33 CMakeFiles/UART_rs485_transceiver.dir/home/simone/pico/pico-sdk/src/common/pico_time/time.c.obj
 *fill*         0x000000001000d083        0x1 
 .rodata.ph_add_child_node.str1.4
                0x000000001000d084       0x96 CMakeFiles/UART_rs485_transceiver.dir/home/simone/pico/pico-sdk/src/common/pico_time/time.c.obj
 *fill*         0x000000001000d11a        0x2 
 .rodata.add_alarm_under_lock.str1.4
                0x000000001000d11c       0x28 CMakeFiles/UART_rs485_transceiver.dir/home/simone/pico/pico-sdk/src/common/pico_time/time.c.obj
                                         0x2b (size before relaxing)
 .rodata.alarm_pool_alarm_callback.str1.4
                0x000000001000d144       0xe6 CMakeFiles/UART_rs485_transceiver.dir/home/simone/pico/pico-sdk/src/common/pico_time/time.c.obj
 *fill*         0x000000001000d22a        0x2 
 .rodata.alarm_pool_get_default.str1.4
                0x000000001000d22c       0x21 CMakeFiles/UART_rs485_transceiver.dir/home/simone/pico/pico-sdk/src/common/pico_time/time.c.obj
 *fill*         0x000000001000d24d        0x3 
 .rodata.alarm_pool_cancel_alarm.str1.4
                0x000000001000d250       0x27 CMakeFiles/UART_rs485_transceiver.dir/home/simone/pico/pico-sdk/src/common/pico_time/time.c.obj
 *fill*         0x000000001000d277        0x1 
 .rodata.__func__.5701
                0x000000001000d278       0x15 CMakeFiles/UART_rs485_transceiver.dir/home/simone/pico/pico-sdk/src/common/pico_time/time.c.obj
 *fill*         0x000000001000d28d        0x3 
 .rodata.__func__.6002
                0x000000001000d290        0xc CMakeFiles/UART_rs485_transceiver.dir/home/simone/pico/pico-sdk/src/common/pico_time/time.c.obj
 .rodata.__func__.6009
                0x000000001000d29c       0x12 CMakeFiles/UART_rs485_transceiver.dir/home/simone/pico/pico-sdk/src/common/pico_time/time.c.obj
 *fill*         0x000000001000d2ae        0x2 
 .rodata.__func__.6025
                0x000000001000d2b0        0xf CMakeFiles/UART_rs485_transceiver.dir/home/simone/pico/pico-sdk/src/common/pico_time/time.c.obj
 *fill*         0x000000001000d2bf        0x1 
 .rodata.__func__.6047
                0x000000001000d2c0        0xd CMakeFiles/UART_rs485_transceiver.dir/home/simone/pico/pico-sdk/src/common/pico_time/time.c.obj
 *fill*         0x000000001000d2cd        0x3 
 .rodata.__func__.6248
                0x000000001000d2d0        0xa CMakeFiles/UART_rs485_transceiver.dir/home/simone/pico/pico-sdk/src/common/pico_time/time.c.obj
 *fill*         0x000000001000d2da        0x2 
 .rodata.__func__.6253
                0x000000001000d2dc       0x12 CMakeFiles/UART_rs485_transceiver.dir/home/simone/pico/pico-sdk/src/common/pico_time/time.c.obj
 *fill*         0x000000001000d2ee        0x2 
 .rodata.__func__.6268
                0x000000001000d2f0       0x17 CMakeFiles/UART_rs485_transceiver.dir/home/simone/pico/pico-sdk/src/common/pico_time/time.c.obj
 *fill*         0x000000001000d307        0x1 
 .rodata.__func__.6279
                0x000000001000d308       0x15 CMakeFiles/UART_rs485_transceiver.dir/home/simone/pico/pico-sdk/src/common/pico_time/time.c.obj
 *fill*         0x000000001000d31d        0x3 
 .rodata.__func__.6296
                0x000000001000d320       0x1a CMakeFiles/UART_rs485_transceiver.dir/home/simone/pico/pico-sdk/src/common/pico_time/time.c.obj
 *fill*         0x000000001000d33a        0x2 
 .rodata.__func__.6335
                0x000000001000d33c       0x18 CMakeFiles/UART_rs485_transceiver.dir/home/simone/pico/pico-sdk/src/common/pico_time/time.c.obj
 *fill*         0x000000001000d354        0x4 
 .rodata.at_the_end_of_time
                0x000000001000d358        0x8 CMakeFiles/UART_rs485_transceiver.dir/home/simone/pico/pico-sdk/src/common/pico_time/time.c.obj
                0x000000001000d358                at_the_end_of_time
 .rodata.hardware_alarm_claim.str1.4
                0x000000001000d360       0x22 CMakeFiles/UART_rs485_transceiver.dir/home/simone/pico/pico-sdk/src/rp2_common/hardware_timer/timer.c.obj
 .rodata.busy_wait_us.str1.4
                0x000000001000d382       0x61 CMakeFiles/UART_rs485_transceiver.dir/home/simone/pico/pico-sdk/src/rp2_common/hardware_timer/timer.c.obj
 *fill*         0x000000001000d382        0x2 
 .rodata.hardware_alarm_set_target.str1.4
                0x000000001000d384       0x65 CMakeFiles/UART_rs485_transceiver.dir/home/simone/pico/pico-sdk/src/rp2_common/hardware_timer/timer.c.obj
 *fill*         0x000000001000d3e9        0x3 
 .rodata.__func__.4193
                0x000000001000d3ec       0x15 CMakeFiles/UART_rs485_transceiver.dir/home/simone/pico/pico-sdk/src/rp2_common/hardware_timer/timer.c.obj
 *fill*         0x000000001000d401        0x3 
 .rodata.__func__.4548
                0x000000001000d404       0x1a CMakeFiles/UART_rs485_transceiver.dir/home/simone/pico/pico-sdk/src/rp2_common/hardware_timer/timer.c.obj
 *fill*         0x000000001000d41e        0x2 
 .rodata.str1.4
                0x000000001000d420       0xb1 CMakeFiles/UART_rs485_transceiver.dir/home/simone/pico/pico-sdk/src/common/pico_sync/mutex.c.obj
                                        0x115 (size before relaxing)
 *fill*         0x000000001000d4d1        0x3 
 .rodata.__func__.4193
                0x000000001000d4d4       0x15 CMakeFiles/UART_rs485_transceiver.dir/home/simone/pico/pico-sdk/src/common/pico_sync/mutex.c.obj
 *fill*         0x000000001000d4e9        0x3 
 .rodata.__func__.4610
                0x000000001000d4ec       0x15 CMakeFiles/UART_rs485_transceiver.dir/home/simone/pico/pico-sdk/src/common/pico_sync/mutex.c.obj
 *fill*         0x000000001000d501        0x3 
 .rodata.__func__.4635
                0x000000001000d504       0x18 CMakeFiles/UART_rs485_transceiver.dir/home/simone/pico/pico-sdk/src/common/pico_sync/mutex.c.obj
 .rodata.__func__.4645
                0x000000001000d51c        0xb CMakeFiles/UART_rs485_transceiver.dir/home/simone/pico/pico-sdk/src/common/pico_sync/mutex.c.obj
 .rodata.ph_add_child_node.str1.4
                0x000000001000d527       0x96 CMakeFiles/UART_rs485_transceiver.dir/home/simone/pico/pico-sdk/src/common/pico_util/pheap.c.obj
 *fill*         0x000000001000d527        0x1 
 .rodata.ph_remove_any_head.str1.4
                0x000000001000d528       0x8c CMakeFiles/UART_rs485_transceiver.dir/home/simone/pico/pico-sdk/src/common/pico_util/pheap.c.obj
 .rodata.ph_remove_and_free_node.str1.4
                0x000000001000d5b4       0x26 CMakeFiles/UART_rs485_transceiver.dir/home/simone/pico/pico-sdk/src/common/pico_util/pheap.c.obj
 *fill*         0x000000001000d5da        0x2 
 .rodata.__func__.5708
                0x000000001000d5dc        0xc CMakeFiles/UART_rs485_transceiver.dir/home/simone/pico/pico-sdk/src/common/pico_util/pheap.c.obj
 .rodata.__func__.5715
                0x000000001000d5e8       0x12 CMakeFiles/UART_rs485_transceiver.dir/home/simone/pico/pico-sdk/src/common/pico_util/pheap.c.obj
 *fill*         0x000000001000d5fa        0x2 
 .rodata.__func__.5801
                0x000000001000d5fc       0x13 CMakeFiles/UART_rs485_transceiver.dir/home/simone/pico/pico-sdk/src/common/pico_util/pheap.c.obj
 *fill*         0x000000001000d60f        0x1 
 .rodata.__func__.5819
                0x000000001000d610       0x18 CMakeFiles/UART_rs485_transceiver.dir/home/simone/pico/pico-sdk/src/common/pico_util/pheap.c.obj
 .rodata.__assert_func.str1.4
                0x000000001000d628       0x3f CMakeFiles/UART_rs485_transceiver.dir/home/simone/pico/pico-sdk/src/rp2_common/pico_runtime/runtime.c.obj
                                         0x43 (size before relaxing)
 *fill*         0x000000001000d667        0x1 
 .rodata.panic.str1.4
                0x000000001000d668       0x12 CMakeFiles/UART_rs485_transceiver.dir/home/simone/pico/pico-sdk/src/rp2_common/pico_runtime/runtime.c.obj
 *fill*         0x000000001000d67a        0x2 
 .rodata.clock_configure.str1.4
                0x000000001000d67c       0x57 CMakeFiles/UART_rs485_transceiver.dir/home/simone/pico/pico-sdk/src/rp2_common/hardware_clocks/clocks.c.obj