Archive member included to satisfy reference by file (symbol)

/usr/lib/gcc/arm-none-eabi/9.2.1/thumb/v6-m/nofp/libgcc.a(_dvmd_tls.o)
                              CMakeFiles/stazione_meteo.dir/home/simone/pico/pico-sdk/src/rp2_common/pico_divider/divider.S.obj (__aeabi_idiv0)
/usr/lib/gcc/arm-none-eabi/9.2.1/../../../arm-none-eabi/lib/thumb/v6-m/nofp/libg.a(lib_a-atexit.o)
                              /usr/lib/gcc/arm-none-eabi/9.2.1/../../../arm-none-eabi/lib/thumb/v6-m/nofp/crt0.o (atexit)
/usr/lib/gcc/arm-none-eabi/9.2.1/../../../arm-none-eabi/lib/thumb/v6-m/nofp/libg.a(lib_a-calloc.o)
                              CMakeFiles/stazione_meteo.dir/home/simone/pico/pico-sdk/src/rp2_common/pico_malloc/pico_malloc.c.obj (calloc)
/usr/lib/gcc/arm-none-eabi/9.2.1/../../../arm-none-eabi/lib/thumb/v6-m/nofp/libg.a(lib_a-callocr.o)
                              /usr/lib/gcc/arm-none-eabi/9.2.1/../../../arm-none-eabi/lib/thumb/v6-m/nofp/libg.a(lib_a-calloc.o) (_calloc_r)
/usr/lib/gcc/arm-none-eabi/9.2.1/../../../arm-none-eabi/lib/thumb/v6-m/nofp/libg.a(lib_a-ctype_.o)
                              CMakeFiles/stazione_meteo.dir/home/simone/pico/pico-sdk/lib/tinyusb/src/tusb.c.obj (_ctype_)
/usr/lib/gcc/arm-none-eabi/9.2.1/../../../arm-none-eabi/lib/thumb/v6-m/nofp/libg.a(lib_a-fini.o)
                              /usr/lib/gcc/arm-none-eabi/9.2.1/../../../arm-none-eabi/lib/thumb/v6-m/nofp/crt0.o (__libc_fini_array)
/usr/lib/gcc/arm-none-eabi/9.2.1/../../../arm-none-eabi/lib/thumb/v6-m/nofp/libg.a(lib_a-impure.o)
                              /usr/lib/gcc/arm-none-eabi/9.2.1/../../../arm-none-eabi/lib/thumb/v6-m/nofp/libg.a(lib_a-calloc.o) (_impure_ptr)
/usr/lib/gcc/arm-none-eabi/9.2.1/../../../arm-none-eabi/lib/thumb/v6-m/nofp/libg.a(lib_a-init.o)
                              /usr/lib/gcc/arm-none-eabi/9.2.1/../../../arm-none-eabi/lib/thumb/v6-m/nofp/crt0.o (__libc_init_array)
/usr/lib/gcc/arm-none-eabi/9.2.1/../../../arm-none-eabi/lib/thumb/v6-m/nofp/libg.a(lib_a-malloc.o)
                              CMakeFiles/stazione_meteo.dir/home/simone/pico/pico-sdk/src/rp2_common/pico_malloc/pico_malloc.c.obj (malloc)
/usr/lib/gcc/arm-none-eabi/9.2.1/../../../arm-none-eabi/lib/thumb/v6-m/nofp/libg.a(lib_a-mallocr.o)
                              /usr/lib/gcc/arm-none-eabi/9.2.1/../../../arm-none-eabi/lib/thumb/v6-m/nofp/libg.a(lib_a-callocr.o) (_malloc_r)
/usr/lib/gcc/arm-none-eabi/9.2.1/../../../arm-none-eabi/lib/thumb/v6-m/nofp/libg.a(lib_a-mlock.o)
                              /usr/lib/gcc/arm-none-eabi/9.2.1/../../../arm-none-eabi/lib/thumb/v6-m/nofp/libg.a(lib_a-mallocr.o) (__malloc_lock)
/usr/lib/gcc/arm-none-eabi/9.2.1/../../../arm-none-eabi/lib/thumb/v6-m/nofp/libg.a(lib_a-sbrkr.o)
                              /usr/lib/gcc/arm-none-eabi/9.2.1/../../../arm-none-eabi/lib/thumb/v6-m/nofp/libg.a(lib_a-mallocr.o) (_sbrk_r)
/usr/lib/gcc/arm-none-eabi/9.2.1/../../../arm-none-eabi/lib/thumb/v6-m/nofp/libg.a(lib_a-scanf.o)
                              CMakeFiles/stazione_meteo.dir/stazione_meteo.c.obj (scanf)
/usr/lib/gcc/arm-none-eabi/9.2.1/../../../arm-none-eabi/lib/thumb/v6-m/nofp/libg.a(lib_a-strlen-stub.o)
                              CMakeFiles/stazione_meteo.dir/home/simone/pico/pico-sdk/src/rp2_common/pico_stdio/stdio.c.obj (strlen)
/usr/lib/gcc/arm-none-eabi/9.2.1/../../../arm-none-eabi/lib/thumb/v6-m/nofp/libg.a(lib_a-vfscanf.o)
                              /usr/lib/gcc/arm-none-eabi/9.2.1/../../../arm-none-eabi/lib/thumb/v6-m/nofp/libg.a(lib_a-scanf.o) (_vfscanf_r)
/usr/lib/gcc/arm-none-eabi/9.2.1/../../../arm-none-eabi/lib/thumb/v6-m/nofp/libg.a(lib_a-__atexit.o)
                              /usr/lib/gcc/arm-none-eabi/9.2.1/../../../arm-none-eabi/lib/thumb/v6-m/nofp/libg.a(lib_a-atexit.o) (__register_exitproc)
/usr/lib/gcc/arm-none-eabi/9.2.1/../../../arm-none-eabi/lib/thumb/v6-m/nofp/libg.a(lib_a-findfp.o)
                              /usr/lib/gcc/arm-none-eabi/9.2.1/../../../arm-none-eabi/lib/thumb/v6-m/nofp/libg.a(lib_a-vfscanf.o) (__sinit)
/usr/lib/gcc/arm-none-eabi/9.2.1/../../../arm-none-eabi/lib/thumb/v6-m/nofp/libg.a(lib_a-fread.o)
                              /usr/lib/gcc/arm-none-eabi/9.2.1/../../../arm-none-eabi/lib/thumb/v6-m/nofp/libg.a(lib_a-vfscanf.o) (_fread_r)
/usr/lib/gcc/arm-none-eabi/9.2.1/../../../arm-none-eabi/lib/thumb/v6-m/nofp/libg.a(lib_a-freer.o)
                              /usr/lib/gcc/arm-none-eabi/9.2.1/../../../arm-none-eabi/lib/thumb/v6-m/nofp/libg.a(lib_a-malloc.o) (_free_r)
/usr/lib/gcc/arm-none-eabi/9.2.1/../../../arm-none-eabi/lib/thumb/v6-m/nofp/libg.a(lib_a-fwalk.o)
                              /usr/lib/gcc/arm-none-eabi/9.2.1/../../../arm-none-eabi/lib/thumb/v6-m/nofp/libg.a(lib_a-findfp.o) (_fwalk)
/usr/lib/gcc/arm-none-eabi/9.2.1/../../../arm-none-eabi/lib/thumb/v6-m/nofp/libg.a(lib_a-iswspace.o)
                              /usr/lib/gcc/arm-none-eabi/9.2.1/../../../arm-none-eabi/lib/thumb/v6-m/nofp/libg.a(lib_a-vfscanf.o) (iswspace)
[...]
Memory Configuration

Name             Origin             Length             Attributes
FLASH            0x0000000010000000 0x0000000000200000 xr
RAM              0x0000000020000000 0x0000000000040000 xrw
SCRATCH_X        0x0000000020040000 0x0000000000001000 xrw
SCRATCH_Y        0x0000000020041000 0x0000000000001000 xrw
*default*        0x0000000000000000 0xffffffffffffffff

Linker script and memory map

LOAD /usr/lib/gcc/arm-none-eabi/9.2.1/thumb/v6-m/nofp/crti.o
LOAD /usr/lib/gcc/arm-none-eabi/9.2.1/thumb/v6-m/nofp/crtbegin.o
LOAD /usr/lib/gcc/arm-none-eabi/9.2.1/../../../arm-none-eabi/lib/thumb/v6-m/nofp/crt0.o

.flash_begin    0x0000000010000000        0x0
                0x0000000010000000                __flash_binary_start = .

.boot2          0x0000000010000000      0x100
                0x0000000010000000                __boot2_start__ = .
 *(.boot2)
 .boot2         0x0000000010000000      0x100 /tmp/cc4SthNL.o
                0x0000000010000100                __boot2_end__ = .
                0x0000000000000001                ASSERT (((__boot2_end__ - __boot2_start__) == 0x100), ERROR: Pico second stage bootloader must be 256 bytes in size)

.text           0x0000000010000100     0xd610
                0x0000000010000100                __logical_binary_start = .
 *(.vectors)
 .vectors       0x0000000010000100       0xd4 CMakeFiles/stazione_meteo.dir/home/simone/pico/pico-sdk/src/rp2_common/pico_standard_link/crt0.S.obj
                0x0000000010000100                __vectors
                0x0000000010000100                __VECTOR_TABLE
                0x00000000100001c0                isr_invalid
                0x00000000100001c0                __default_isrs_start
                0x00000000100001c2                isr_nmi
                0x00000000100001c4                isr_hardfault
                0x00000000100001c6                isr_svcall
                0x00000000100001c8                isr_pendsv
                0x00000000100001ca                isr_systick
                0x00000000100001cc                isr_irq30
                0x00000000100001cc                __unhandled_user_irq
                0x00000000100001cc                isr_irq13
                0x00000000100001cc                isr_irq27
                0x00000000100001cc                isr_irq31
                0x00000000100001cc                isr_irq5
                0x00000000100001cc                isr_irq11
                0x00000000100001cc                isr_irq23
                0x00000000100001cc                isr_irq18
                0x00000000100001cc                isr_irq28
                0x00000000100001cc                isr_irq19
                0x00000000100001cc                isr_irq0
                0x00000000100001cc                isr_irq6
                0x00000000100001cc                isr_irq22
                0x00000000100001cc                isr_irq17
                0x00000000100001cc                isr_irq14
                0x00000000100001cc                isr_irq2
                0x00000000100001cc                isr_irq10
                0x00000000100001cc                isr_irq8
                0x00000000100001cc                isr_irq24
                0x00000000100001cc                isr_irq1
                0x00000000100001cc                isr_irq7
                0x00000000100001cc                isr_irq21
                0x00000000100001cc                isr_irq20
                0x00000000100001cc                isr_irq15
                0x00000000100001cc                isr_irq25
                0x00000000100001cc                isr_irq4
                0x00000000100001cc                isr_irq16
                0x00000000100001cc                isr_irq29
                0x00000000100001cc                isr_irq26
                0x00000000100001cc                __default_isrs_end
                0x00000000100001cc                isr_irq3
                0x00000000100001cc                isr_irq12
                0x00000000100001cc                isr_irq9
                0x00000000100001d2                unhandled_user_irq_num_in_r0
 *(.binary_info_header)
 .binary_info_header
                0x00000000100001d4       0x14 CMakeFiles/stazione_meteo.dir/home/simone/pico/pico-sdk/src/rp2_common/pico_standard_link/crt0.S.obj
                0x00000000100001e8                __binary_info_header_end = .
 *(.reset)
 .reset         0x00000000100001e8       0xa8 CMakeFiles/stazione_meteo.dir/home/simone/pico/pico-sdk/src/rp2_common/pico_standard_link/crt0.S.obj
                0x00000000100001e8                _entry_point
                0x0000000010000266                __get_current_exception
 .reset         0x0000000010000290       0x30 CMakeFiles/stazione_meteo.dir/home/simone/pico/pico-sdk/src/rp2_common/pico_standard_link/binary_info.c.obj
 *(.init)
 .init          0x00000000100002c0        0x4 /usr/lib/gcc/arm-none-eabi/9.2.1/thumb/v6-m/nofp/crti.o
                0x00000000100002c0                _init
 *(EXCLUDE_FILE(*libm.a: *libc.a:*lib_a-mem*.o *libgcc.a:) .text*)
 .text          0x00000000100002c4       0x98 /usr/lib/gcc/arm-none-eabi/9.2.1/thumb/v6-m/nofp/crtbegin.o
 .text.rep_timer_callback
                0x000000001000035c        0x6 CMakeFiles/stazione_meteo.dir/stazione_meteo.c.obj
                0x000000001000035c                rep_timer_callback
 *fill*         0x0000000010000362        0x2 
 .text.error_handler
                0x0000000010000364       0x38 CMakeFiles/stazione_meteo.dir/stazione_meteo.c.obj
                0x0000000010000364                error_handler
 .text.main     0x000000001000039c      0x168 CMakeFiles/stazione_meteo.dir/stazione_meteo.c.obj
                0x000000001000039c                main
 .text.read_hum_sensor
                0x0000000010000504       0x58 CMakeFiles/stazione_meteo.dir/stazione_meteo.c.obj
                0x0000000010000504                read_hum_sensor
 .text.core1_entry
                0x000000001000055c       0x10 CMakeFiles/stazione_meteo.dir/stazione_meteo.c.obj
                0x000000001000055c                core1_entry
 .text.AHT20_init
                0x000000001000056c       0xd4 CMakeFiles/stazione_meteo.dir/aht20_lib.c.obj
                0x000000001000056c                AHT20_init
 .text.aht20_read_trig
                0x0000000010000640      0x1e8 CMakeFiles/stazione_meteo.dir/aht20_lib.c.obj
                0x0000000010000640                aht20_read_trig
 .text.gpio_set_function
                0x0000000010000828       0x30 CMakeFiles/stazione_meteo.dir/home/simone/pico/pico-sdk/src/rp2_common/hardware_gpio/gpio.c.obj
                0x0000000010000828                gpio_set_function
 .text.gpio_set_pulls
                0x0000000010000858       0x34 CMakeFiles/stazione_meteo.dir/home/simone/pico/pico-sdk/src/rp2_common/hardware_gpio/gpio.c.obj
                0x0000000010000858                gpio_set_pulls
 .text.gpio_init
                0x000000001000088c       0x16 CMakeFiles/stazione_meteo.dir/home/simone/pico/pico-sdk/src/rp2_common/hardware_gpio/gpio.c.obj
                0x000000001000088c                gpio_init
 *fill*         0x00000000100008a2        0x2 
 .text.hw_claim_lock
                0x00000000100008a4       0x18 CMakeFiles/stazione_meteo.dir/home/simone/pico/pico-sdk/src/rp2_common/hardware_claim/claim.c.obj
                0x00000000100008a4                hw_claim_lock
 .text.hw_claim_unlock
                0x00000000100008bc       0x14 CMakeFiles/stazione_meteo.dir/home/simone/pico/pico-sdk/src/rp2_common/hardware_claim/claim.c.obj
                0x00000000100008bc                hw_claim_unlock
 .text.hw_claim_or_assert
                0x00000000100008d0       0x32 CMakeFiles/stazione_meteo.dir/home/simone/pico/pico-sdk/src/rp2_common/hardware_claim/claim.c.obj
                0x00000000100008d0                hw_claim_or_assert
 .text.hw_claim_unused_from_range
                0x0000000010000902       0x50 CMakeFiles/stazione_meteo.dir/home/simone/pico/pico-sdk/src/rp2_common/hardware_claim/claim.c.obj
                0x0000000010000902                hw_claim_unused_from_range
 *fill*         0x0000000010000952        0x2 
 .text.running_on_fpga
                0x0000000010000954       0x14 CMakeFiles/stazione_meteo.dir/home/simone/pico/pico-sdk/src/rp2_common/pico_platform/platform.c.obj
                0x0000000010000954                running_on_fpga
 .text.spin_locks_reset
                0x0000000010000968       0x20 CMakeFiles/stazione_meteo.dir/home/simone/pico/pico-sdk/src/rp2_common/hardware_sync/sync.c.obj
                0x0000000010000968                spin_locks_reset
 .text.next_striped_spin_lock_num
                0x0000000010000988       0x1c CMakeFiles/stazione_meteo.dir/home/simone/pico/pico-sdk/src/rp2_common/hardware_sync/sync.c.obj
                0x0000000010000988                next_striped_spin_lock_num
 .text.spin_lock_claim_unused
                0x00000000100009a4       0x20 CMakeFiles/stazione_meteo.dir/home/simone/pico/pico-sdk/src/rp2_common/hardware_sync/sync.c.obj
                0x00000000100009a4                spin_lock_claim_unused
 .text.repeating_timer_callback
                0x00000000100009c4       0x40 CMakeFiles/stazione_meteo.dir/home/simone/pico/pico-sdk/src/common/pico_time/time.c.obj
 .text.alarm_pool_post_alloc_init
                0x0000000010000a04       0x40 CMakeFiles/stazione_meteo.dir/home/simone/pico/pico-sdk/src/common/pico_time/time.c.obj
 .text.sleep_until_callback
                0x0000000010000a44       0x30 CMakeFiles/stazione_meteo.dir/home/simone/pico/pico-sdk/src/common/pico_time/time.c.obj
 .text.timer_pool_entry_comparator
                0x0000000010000a74       0x7c CMakeFiles/stazione_meteo.dir/home/simone/pico/pico-sdk/src/common/pico_time/time.c.obj
                0x0000000010000a74                timer_pool_entry_comparator
 .text.ph_add_child_node
                0x0000000010000af0       0xa4 CMakeFiles/stazione_meteo.dir/home/simone/pico/pico-sdk/src/common/pico_time/time.c.obj
 .text.ph_merge_nodes
                0x0000000010000b94       0x3e CMakeFiles/stazione_meteo.dir/home/simone/pico/pico-sdk/src/common/pico_time/time.c.obj
 *fill*         0x0000000010000bd2        0x2 
 .text.add_alarm_under_lock
                0x0000000010000bd4      0x174 CMakeFiles/stazione_meteo.dir/home/simone/pico/pico-sdk/src/common/pico_time/time.c.obj
 .text.alarm_pool_alarm_callback
                0x0000000010000d48      0x32c CMakeFiles/stazione_meteo.dir/home/simone/pico/pico-sdk/src/common/pico_time/time.c.obj
 .text.alarm_pool_init_default
                0x0000000010001074       0x38 CMakeFiles/stazione_meteo.dir/home/simone/pico/pico-sdk/src/common/pico_time/time.c.obj
                0x0000000010001074                alarm_pool_init_default
 .text.alarm_pool_get_default
                0x00000000100010ac       0x2c CMakeFiles/stazione_meteo.dir/home/simone/pico/pico-sdk/src/common/pico_time/time.c.obj
                0x00000000100010ac                alarm_pool_get_default
 .text.alarm_pool_add_alarm_at
                0x00000000100010d8      0x170 CMakeFiles/stazione_meteo.dir/home/simone/pico/pico-sdk/src/common/pico_time/time.c.obj
                0x00000000100010d8                alarm_pool_add_alarm_at
 .text.alarm_pool_cancel_alarm
                0x0000000010001248       0xec CMakeFiles/stazione_meteo.dir/home/simone/pico/pico-sdk/src/common/pico_time/time.c.obj
                0x0000000010001248                alarm_pool_cancel_alarm
 .text.alarm_pool_add_repeating_timer_us
                0x0000000010001334       0x9c CMakeFiles/stazione_meteo.dir/home/simone/pico/pico-sdk/src/common/pico_time/time.c.obj
                0x0000000010001334                alarm_pool_add_repeating_timer_us
 .text.sleep_until
                0x00000000100013d0       0xfc CMakeFiles/stazione_meteo.dir/home/simone/pico/pico-sdk/src/common/pico_time/time.c.obj
                0x00000000100013d0                sleep_until
 .text.sleep_us
                0x00000000100014cc       0x58 CMakeFiles/stazione_meteo.dir/home/simone/pico/pico-sdk/src/common/pico_time/time.c.obj
                0x00000000100014cc                sleep_us
 .text.sleep_ms
                0x0000000010001524       0x14 CMakeFiles/stazione_meteo.dir/home/simone/pico/pico-sdk/src/common/pico_time/time.c.obj
                0x0000000010001524                sleep_ms
 .text.best_effort_wfe_or_timeout
                0x0000000010001538       0x80 CMakeFiles/stazione_meteo.dir/home/simone/pico/pico-sdk/src/common/pico_time/time.c.obj
                0x0000000010001538                best_effort_wfe_or_timeout
 .text.check_single_timeout_us
                0x00000000100015b8       0x2c CMakeFiles/stazione_meteo.dir/home/simone/pico/pico-sdk/src/common/pico_time/timeout_helper.c.obj
 .text.init_single_timeout_until
                0x00000000100015e4        0xc CMakeFiles/stazione_meteo.dir/home/simone/pico/pico-sdk/src/common/pico_time/timeout_helper.c.obj
                0x00000000100015e4                init_single_timeout_until
 .text.hardware_alarm_irq_handler
                0x00000000100015f0       0x8c CMakeFiles/stazione_meteo.dir/home/simone/pico/pico-sdk/src/rp2_common/hardware_timer/timer.c.obj
 .text.hardware_alarm_claim
                0x000000001000167c       0x18 CMakeFiles/stazione_meteo.dir/home/simone/pico/pico-sdk/src/rp2_common/hardware_timer/timer.c.obj
                0x000000001000167c                hardware_alarm_claim
 .text.time_us_64
                0x0000000010001694       0x18 CMakeFiles/stazione_meteo.dir/home/simone/pico/pico-sdk/src/rp2_common/hardware_timer/timer.c.obj
                0x0000000010001694                time_us_64
 .text.busy_wait_until
                0x00000000100016ac       0x24 CMakeFiles/stazione_meteo.dir/home/simone/pico/pico-sdk/src/rp2_common/hardware_timer/timer.c.obj
                0x00000000100016ac                busy_wait_until
 .text.busy_wait_us
                0x00000000100016d0       0x48 CMakeFiles/stazione_meteo.dir/home/simone/pico/pico-sdk/src/rp2_common/hardware_timer/timer.c.obj
                0x00000000100016d0                busy_wait_us
 .text.hardware_alarm_set_callback
                0x0000000010001718       0x90 CMakeFiles/stazione_meteo.dir/home/simone/pico/pico-sdk/src/rp2_common/hardware_timer/timer.c.obj
                0x0000000010001718                hardware_alarm_set_callback
 .text.hardware_alarm_set_target
                0x00000000100017a8       0xe8 CMakeFiles/stazione_meteo.dir/home/simone/pico/pico-sdk/src/rp2_common/hardware_timer/timer.c.obj
                0x00000000100017a8                hardware_alarm_set_target
 .text.hardware_alarm_cancel
                0x0000000010001890       0x40 CMakeFiles/stazione_meteo.dir/home/simone/pico/pico-sdk/src/rp2_common/hardware_timer/timer.c.obj
                0x0000000010001890                hardware_alarm_cancel
 .text.lock_init
                0x00000000100018d0       0x10 CMakeFiles/stazione_meteo.dir/home/simone/pico/pico-sdk/src/common/pico_sync/lock_core.c.obj
                0x00000000100018d0                lock_init
 .text.mutex_init_internal
                0x00000000100018e0       0x1e CMakeFiles/stazione_meteo.dir/home/simone/pico/pico-sdk/src/common/pico_sync/mutex.c.obj
 .text.mutex_init
                0x00000000100018fe        0xa CMakeFiles/stazione_meteo.dir/home/simone/pico/pico-sdk/src/common/pico_sync/mutex.c.obj
                0x00000000100018fe                mutex_init
 .text.recursive_mutex_init
                0x0000000010001908        0xa CMakeFiles/stazione_meteo.dir/home/simone/pico/pico-sdk/src/common/pico_sync/mutex.c.obj
                0x0000000010001908                recursive_mutex_init
 *fill*         0x0000000010001912        0x2 
 .text.critical_section_init_with_lock_num
                0x0000000010001914       0x14 CMakeFiles/stazione_meteo.dir/home/simone/pico/pico-sdk/src/common/pico_sync/critical_section.c.obj
                0x0000000010001914                critical_section_init_with_lock_num
 .text.critical_section_init
                0x0000000010001928       0x14 CMakeFiles/stazione_meteo.dir/home/simone/pico/pico-sdk/src/common/pico_sync/critical_section.c.obj
                0x0000000010001928                critical_section_init
 .text.ph_add_child_node
                0x000000001000193c       0xa4 CMakeFiles/stazione_meteo.dir/home/simone/pico/pico-sdk/src/common/pico_util/pheap.c.obj
 .text.ph_merge_nodes
                0x00000000100019e0       0x3e CMakeFiles/stazione_meteo.dir/home/simone/pico/pico-sdk/src/common/pico_util/pheap.c.obj
 *fill*         0x0000000010001a1e        0x2 
 .text.ph_clear
                0x0000000010001a20       0x70 CMakeFiles/stazione_meteo.dir/home/simone/pico/pico-sdk/src/common/pico_util/pheap.c.obj
                0x0000000010001a20                ph_clear
 .text.ph_post_alloc_init
                0x0000000010001a90        0xe CMakeFiles/stazione_meteo.dir/home/simone/pico/pico-sdk/src/common/pico_util/pheap.c.obj
                0x0000000010001a90                ph_post_alloc_init
 *fill*         0x0000000010001a9e        0x2 
 .text.ph_merge_two_pass
                0x0000000010001aa0       0xa8 CMakeFiles/stazione_meteo.dir/home/simone/pico/pico-sdk/src/common/pico_util/pheap.c.obj
                0x0000000010001aa0                ph_merge_two_pass
 .text.ph_remove_any_head
                0x0000000010001b48      0x108 CMakeFiles/stazione_meteo.dir/home/simone/pico/pico-sdk/src/common/pico_util/pheap.c.obj
 .text.ph_remove_head
                0x0000000010001c50       0x14 CMakeFiles/stazione_meteo.dir/home/simone/pico/pico-sdk/src/common/pico_util/pheap.c.obj
                0x0000000010001c50                ph_remove_head
 .text.ph_remove_and_free_node
                0x0000000010001c64       0xf8 CMakeFiles/stazione_meteo.dir/home/simone/pico/pico-sdk/src/common/pico_util/pheap.c.obj
                0x0000000010001c64                ph_remove_and_free_node
 .text.runtime_init
                0x0000000010001d5c       0xd8 CMakeFiles/stazione_meteo.dir/home/simone/pico/pico-sdk/src/rp2_common/pico_runtime/runtime.c.obj
                0x0000000010001d5c                runtime_init
 .text._exit    0x0000000010001e34        0x4 CMakeFiles/stazione_meteo.dir/home/simone/pico/pico-sdk/src/rp2_common/pico_runtime/runtime.c.obj
                0x0000000010001e34                _exit
 .text._sbrk    0x0000000010001e38       0x38 CMakeFiles/stazione_meteo.dir/home/simone/pico/pico-sdk/src/rp2_common/pico_runtime/runtime.c.obj
                0x0000000010001e38                _sbrk
 .text.exit     0x0000000010001e70        0x6 CMakeFiles/stazione_meteo.dir/home/simone/pico/pico-sdk/src/rp2_common/pico_runtime/runtime.c.obj
                0x0000000010001e70                exit
 *fill*         0x0000000010001e76        0x2 
 .text.__assert_func
                0x0000000010001e78       0x3c CMakeFiles/stazione_meteo.dir/home/simone/pico/pico-sdk/src/rp2_common/pico_runtime/runtime.c.obj
                0x0000000010001e78                __assert_func
 .text.panic    0x0000000010001eb4       0x30 CMakeFiles/stazione_meteo.dir/home/simone/pico/pico-sdk/src/rp2_common/pico_runtime/runtime.c.obj
                0x0000000010001eb4                panic
 .text.clock_configure
                0x0000000010001ee4      0x104 CMakeFiles/stazione_meteo.dir/home/simone/pico/pico-sdk/src/rp2_common/hardware_clocks/clocks.c.obj
                0x0000000010001ee4                clock_configure
 .text.clocks_init
                0x0000000010001fe8      0x100 CMakeFiles/stazione_meteo.dir/home/simone/pico/pico-sdk/src/rp2_common/hardware_clocks/clocks.c.obj
                0x0000000010001fe8                clocks_init
 .text.clock_get_hz
                0x00000000100020e8        0xc CMakeFiles/stazione_meteo.dir/home/simone/pico/pico-sdk/src/rp2_common/hardware_clocks/clocks.c.obj
                0x00000000100020e8                clock_get_hz
 .text.set_raw_irq_handler_and_unlock
                0x00000000100020f4       0x28 CMakeFiles/stazione_meteo.dir/home/simone/pico/pico-sdk/src/rp2_common/hardware_irq/irq.c.obj
 .text.make_branch
                0x000000001000211c       0x34 CMakeFiles/stazione_meteo.dir/home/simone/pico/pico-sdk/src/rp2_common/hardware_irq/irq.c.obj
 .text.insert_branch_and_link
                0x0000000010002150       0x40 CMakeFiles/stazione_meteo.dir/home/simone/pico/pico-sdk/src/rp2_common/hardware_irq/irq.c.obj
 .text.irq_is_enabled
                0x0000000010002190       0x18 CMakeFiles/stazione_meteo.dir/home/simone/pico/pico-sdk/src/rp2_common/hardware_irq/irq.c.obj
                0x0000000010002190                irq_is_enabled
 .text.irq_set_mask_enabled
                0x00000000100021a8       0x20 CMakeFiles/stazione_meteo.dir/home/simone/pico/pico-sdk/src/rp2_common/hardware_irq/irq.c.obj
                0x00000000100021a8                irq_set_mask_enabled
 .text.irq_set_enabled
                0x00000000100021c8        0xe CMakeFiles/stazione_meteo.dir/home/simone/pico/pico-sdk/src/rp2_common/hardware_irq/irq.c.obj
                0x00000000100021c8                irq_set_enabled
 *fill*         0x00000000100021d6        0x2 
 .text.irq_set_pending
                0x00000000100021d8       0x10 CMakeFiles/stazione_meteo.dir/home/simone/pico/pico-sdk/src/rp2_common/hardware_irq/irq.c.obj
                0x00000000100021d8                irq_set_pending
 .text.irq_get_vtable_handler
                0x00000000100021e8       0x10 CMakeFiles/stazione_meteo.dir/home/simone/pico/pico-sdk/src/rp2_common/hardware_irq/irq.c.obj
                0x00000000100021e8                irq_get_vtable_handler
 .text.irq_set_exclusive_handler
                0x00000000100021f8       0x54 CMakeFiles/stazione_meteo.dir/home/simone/pico/pico-sdk/src/rp2_common/hardware_irq/irq.c.obj
                0x00000000100021f8                irq_set_exclusive_handler
 .text.irq_remove_handler
                0x000000001000224c      0x1ac CMakeFiles/stazione_meteo.dir/home/simone/pico/pico-sdk/src/rp2_common/hardware_irq/irq.c.obj
                0x000000001000224c                irq_remove_handler
 .text.irq_set_priority
                0x00000000100023f8       0x28 CMakeFiles/stazione_meteo.dir/home/simone/pico/pico-sdk/src/rp2_common/hardware_irq/irq.c.obj
                0x00000000100023f8                irq_set_priority
 .text.irq_add_tail_to_free_list
                0x0000000010002420       0xf0 CMakeFiles/stazione_meteo.dir/home/simone/pico/pico-sdk/src/rp2_common/hardware_irq/irq.c.obj
                0x0000000010002420                irq_add_tail_to_free_list
 .text.irq_init_priorities
                0x0000000010002510       0x16 CMakeFiles/stazione_meteo.dir/home/simone/pico/pico-sdk/src/rp2_common/hardware_irq/irq.c.obj
                0x0000000010002510                irq_init_priorities
 *fill*         0x0000000010002526        0x2 
 .text.pll_init
                0x0000000010002528      0x118 CMakeFiles/stazione_meteo.dir/home/simone/pico/pico-sdk/src/rp2_common/hardware_pll/pll.c.obj
                0x0000000010002528                pll_init
 .text.watchdog_start_tick
                0x0000000010002640       0x10 CMakeFiles/stazione_meteo.dir/home/simone/pico/pico-sdk/src/rp2_common/hardware_watchdog/watchdog.c.obj
                0x0000000010002640                watchdog_start_tick
 .text.watchdog_update
                0x0000000010002650       0x14 CMakeFiles/stazione_meteo.dir/home/simone/pico/pico-sdk/src/rp2_common/hardware_watchdog/watchdog.c.obj
                0x0000000010002650                watchdog_update
 .text._watchdog_enable
                0x0000000010002664       0x70 CMakeFiles/stazione_meteo.dir/home/simone/pico/pico-sdk/src/rp2_common/hardware_watchdog/watchdog.c.obj
                0x0000000010002664                _watchdog_enable
 .text.watchdog_reboot
                0x00000000100026d4       0x48 CMakeFiles/stazione_meteo.dir/home/simone/pico/pico-sdk/src/rp2_common/hardware_watchdog/watchdog.c.obj
                0x00000000100026d4                watchdog_reboot
 .text.xosc_init
                0x000000001000271c       0x28 CMakeFiles/stazione_meteo.dir/home/simone/pico/pico-sdk/src/rp2_common/hardware_xosc/xosc.c.obj
                0x000000001000271c                xosc_init
 .text._out_buffer
                0x0000000010002744        0x8 CMakeFiles/stazione_meteo.dir/home/simone/pico/pico-sdk/src/rp2_common/pico_printf/printf.c.obj
 .text._out_null
                0x000000001000274c        0x2 CMakeFiles/stazione_meteo.dir/home/simone/pico/pico-sdk/src/rp2_common/pico_printf/printf.c.obj
 .text._out_fct
                0x000000001000274e        0xe CMakeFiles/stazione_meteo.dir/home/simone/pico/pico-sdk/src/rp2_common/pico_printf/printf.c.obj
 .text._atoi    0x000000001000275c       0x24 CMakeFiles/stazione_meteo.dir/home/simone/pico/pico-sdk/src/rp2_common/pico_printf/printf.c.obj
 .text._out_rev
                0x0000000010002780       0xae CMakeFiles/stazione_meteo.dir/home/simone/pico/pico-sdk/src/rp2_common/pico_printf/printf.c.obj
 .text._ntoa_format
                0x000000001000282e      0x110 CMakeFiles/stazione_meteo.dir/home/simone/pico/pico-sdk/src/rp2_common/pico_printf/printf.c.obj
 .text._ntoa_long
                0x000000001000293e       0xbc CMakeFiles/stazione_meteo.dir/home/simone/pico/pico-sdk/src/rp2_common/pico_printf/printf.c.obj
 .text._ntoa_long_long
                0x00000000100029fa       0xe2 CMakeFiles/stazione_meteo.dir/home/simone/pico/pico-sdk/src/rp2_common/pico_printf/printf.c.obj
 .text._etoa    0x0000000010002adc      0x40c CMakeFiles/stazione_meteo.dir/home/simone/pico/pico-sdk/src/rp2_common/pico_printf/printf.c.obj
 .text._ftoa    0x0000000010002ee8      0x354 CMakeFiles/stazione_meteo.dir/home/simone/pico/pico-sdk/src/rp2_common/pico_printf/printf.c.obj
 .text._vsnprintf
                0x000000001000323c      0x628 CMakeFiles/stazione_meteo.dir/home/simone/pico/pico-sdk/src/rp2_common/pico_printf/printf.c.obj
 .text.__wrap_sprintf
                0x0000000010003864       0x28 CMakeFiles/stazione_meteo.dir/home/simone/pico/pico-sdk/src/rp2_common/pico_printf/printf.c.obj
                0x0000000010003864                __wrap_sprintf
 .text.vfctprintf
                0x000000001000388c       0x20 CMakeFiles/stazione_meteo.dir/home/simone/pico/pico-sdk/src/rp2_common/pico_printf/printf.c.obj
                0x000000001000388c                vfctprintf
 .text          0x00000000100038ac       0x10 CMakeFiles/stazione_meteo.dir/home/simone/pico/pico-sdk/src/rp2_common/pico_bit_ops/bit_ops_aeabi.S.obj
 .text.rom_func_lookup
                0x00000000100038bc       0x10 CMakeFiles/stazione_meteo.dir/home/simone/pico/pico-sdk/src/rp2_common/pico_bootrom/bootrom.c.obj
                0x00000000100038bc                rom_func_lookup
 .text.rom_data_lookup
                0x00000000100038cc       0x10 CMakeFiles/stazione_meteo.dir/home/simone/pico/pico-sdk/src/rp2_common/pico_bootrom/bootrom.c.obj
                0x00000000100038cc                rom_data_lookup
 .text.rom_funcs_lookup
                0x00000000100038dc       0x36 CMakeFiles/stazione_meteo.dir/home/simone/pico/pico-sdk/src/rp2_common/pico_bootrom/bootrom.c.obj
                0x00000000100038dc                rom_funcs_lookup
 *fill*         0x0000000010003912        0x2 
 .text.__wrap___aeabi_idiv
                0x0000000010003914       0x50 CMakeFiles/stazione_meteo.dir/home/simone/pico/pico-sdk/src/rp2_common/pico_divider/divider.S.obj
                0x0000000010003914                __wrap___aeabi_idivmod
                0x0000000010003914                divmod_s32s32
                0x0000000010003914                div_s32s32
                0x0000000010003914                __wrap___aeabi_idiv
                0x000000001000391c                divmod_s32s32_unsafe
                0x0000000010003948                divmod_s32s32_savestate
 .text.__wrap___aeabi_uidiv
                0x0000000010003964       0x4c CMakeFiles/stazione_meteo.dir/home/simone/pico/pico-sdk/src/rp2_common/pico_divider/divider.S.obj
                0x0000000010003964                __wrap___aeabi_uidiv
                0x0000000010003964                __wrap___aeabi_uidivmod
                0x0000000010003964                div_u32u32
                0x0000000010003964                divmod_u32u32
                0x000000001000396c                divmod_u32u32_unsafe
                0x0000000010003994                divmod_u32u32_savestate
 .text.__wrap___aeabi_ldiv
                0x00000000100039b0      0x430 CMakeFiles/stazione_meteo.dir/home/simone/pico/pico-sdk/src/rp2_common/pico_divider/divider.S.obj
                0x00000000100039b0                div_s64s64
                0x00000000100039b0                divmod_s64s64
                0x00000000100039b0                __wrap___aeabi_ldivmod
                0x00000000100039e8                div_u64u64
                0x00000000100039e8                divmod_u64u64
                0x00000000100039e8                __wrap___aeabi_uldivmod
                0x00000000100039f8                divmod_u64u64_savestate
                0x0000000010003a20                divmod_s64s64_unsafe
                0x0000000010003aa8                divmod_u64u64_unsafe
 .text.__wrap___aeabi_darithmetic
                0x0000000010003de0       0x80 CMakeFiles/stazione_meteo.dir/home/simone/pico/pico-sdk/src/rp2_common/pico_double/double_aeabi.S.obj
                0x0000000010003de0                __wrap___aeabi_drsub
                0x0000000010003de6                __wrap___aeabi_dsub
                0x0000000010003df8                __wrap___aeabi_dadd
                0x0000000010003e0a                __wrap___aeabi_ddiv
                0x0000000010003e46                __wrap___aeabi_dmul
 .text.__wrap___aeabi_cdcmple
                0x0000000010003e60       0x6c CMakeFiles/stazione_meteo.dir/home/simone/pico/pico-sdk/src/rp2_common/pico_double/double_aeabi.S.obj
                0x0000000010003e60                __wrap___aeabi_cdrcmple
                0x0000000010003e70                __wrap___aeabi_cdcmple
                0x0000000010003e70                __wrap___aeabi_cdcmpeq
 .text.__wrap___aeabi_dcmpeq
                0x0000000010003ecc       0x10 CMakeFiles/stazione_meteo.dir/home/simone/pico/pico-sdk/src/rp2_common/pico_double/double_aeabi.S.obj
                0x0000000010003ecc                __wrap___aeabi_dcmpeq
 .text.__wrap___aeabi_dcmplt
                0x0000000010003edc        0xc CMakeFiles/stazione_meteo.dir/home/simone/pico/pico-sdk/src/rp2_common/pico_double/double_aeabi.S.obj
                0x0000000010003edc                __wrap___aeabi_dcmplt
 .text.__wrap___aeabi_dcmple
                0x0000000010003ee8       0x10 CMakeFiles/stazione_meteo.dir/home/simone/pico/pico-sdk/src/rp2_common/pico_double/double_aeabi.S.obj
                0x0000000010003ee8                __wrap___aeabi_dcmple
 .text.__wrap___aeabi_dcmpge
                0x0000000010003ef8       0x10 CMakeFiles/stazione_meteo.dir/home/simone/pico/pico-sdk/src/rp2_common/pico_double/double_aeabi.S.obj
                0x0000000010003ef8                __wrap___aeabi_dcmpge
 .text.__wrap___aeabi_dcmpgt
                0x0000000010003f08        0xa CMakeFiles/stazione_meteo.dir/home/simone/pico/pico-sdk/src/rp2_common/pico_double/double_aeabi.S.obj
                0x0000000010003f08                __wrap___aeabi_dcmpgt
 .text.__wrap___aeabi_dcmpun
                0x0000000010003f12       0x1c CMakeFiles/stazione_meteo.dir/home/simone/pico/pico-sdk/src/rp2_common/pico_double/double_aeabi.S.obj
                0x0000000010003f12                __wrap___aeabi_dcmpun
 *fill*         0x0000000010003f2e        0x2 
 .text.__wrap___aeabi_i2d
                0x0000000010003f30       0x38 CMakeFiles/stazione_meteo.dir/home/simone/pico/pico-sdk/src/rp2_common/pico_double/double_aeabi.S.obj
                0x0000000010003f30                __wrap___aeabi_ui2d
                0x0000000010003f38                __wrap___aeabi_i2d
 .text.__wrap___aeabi_d2iz
                0x0000000010003f68       0x48 CMakeFiles/stazione_meteo.dir/home/simone/pico/pico-sdk/src/rp2_common/pico_double/double_aeabi.S.obj
                0x0000000010003f68                __wrap___aeabi_d2iz
                0x0000000010003f68                double2int_z
 .text.__wrap___aeabi_d2uiz
                0x0000000010003fb0       0x18 CMakeFiles/stazione_meteo.dir/home/simone/pico/pico-sdk/src/rp2_common/pico_double/double_aeabi.S.obj
                0x0000000010003fb0                double2uint
                0x0000000010003fb0                __wrap___aeabi_d2uiz
 .text.__wrap___aeabi_l2d
                0x0000000010003fc8       0x18 CMakeFiles/stazione_meteo.dir/home/simone/pico/pico-sdk/src/rp2_common/pico_double/double_aeabi.S.obj
                0x0000000010003fc8                __wrap___aeabi_l2d
 .text.__wrap___aeabi_d2lz
                0x0000000010003fe0       0x26 CMakeFiles/stazione_meteo.dir/home/simone/pico/pico-sdk/src/rp2_common/pico_double/double_aeabi.S.obj
                0x0000000010003fe0                __wrap___aeabi_d2lz
                0x0000000010003fe0                double2int64_z
 *fill*         0x0000000010004006        0x2 
 .text.double2int64
                0x0000000010004008       0x18 CMakeFiles/stazione_meteo.dir/home/simone/pico/pico-sdk/src/rp2_common/pico_double/double_aeabi.S.obj
                0x0000000010004008                double2int64
 .text.double2ufix64
                0x0000000010004020       0x18 CMakeFiles/stazione_meteo.dir/home/simone/pico/pico-sdk/src/rp2_common/pico_double/double_aeabi.S.obj
                0x0000000010004020                double2ufix64
 .text.__wrap___aeabi_d2f
                0x0000000010004038       0x18 CMakeFiles/stazione_meteo.dir/home/simone/pico/pico-sdk/src/rp2_common/pico_double/double_aeabi.S.obj
                0x0000000010004038                __wrap___aeabi_d2f
 .text.__aeabi_double_init
                0x0000000010004050       0xb4 CMakeFiles/stazione_meteo.dir/home/simone/pico/pico-sdk/src/rp2_common/pico_double/double_init_rom.c.obj
                0x0000000010004050                __aeabi_double_init
 .text.double_table_shim_on_use_helper
                0x0000000010004104       0x34 CMakeFiles/stazione_meteo.dir/home/simone/pico/pico-sdk/src/rp2_common/pico_double/double_v1_rom_shim.S.obj
                0x0000000010004104                double_table_shim_on_use_helper
 .text.__wrap___aeabi_dsub
                0x0000000010004138       0x10 CMakeFiles/stazione_meteo.dir/home/simone/pico/pico-sdk/src/rp2_common/pico_double/double_v1_rom_shim.S.obj
                0x0000000010004138                drsub_shim
                0x000000001000413e                dsub_shim
 .text.dadd_shim
                0x0000000010004148      0x15c CMakeFiles/stazione_meteo.dir/home/simone/pico/pico-sdk/src/rp2_common/pico_double/double_v1_rom_shim.S.obj
                0x0000000010004148                dadd_shim
 .text.dmul_shim
                0x00000000100042a4      0x15c CMakeFiles/stazione_meteo.dir/home/simone/pico/pico-sdk/src/rp2_common/pico_double/double_v1_rom_shim.S.obj
                0x00000000100042a4                dmul_shim
 .text.ddiv_shim
                0x0000000010004400      0x1b0 CMakeFiles/stazione_meteo.dir/home/simone/pico/pico-sdk/src/rp2_common/pico_double/double_v1_rom_shim.S.obj
                0x0000000010004400                ddiv_shim
 .text.dcordic_rot_step
                0x00000000100045b0       0x7c CMakeFiles/stazione_meteo.dir/home/simone/pico/pico-sdk/src/rp2_common/pico_double/double_v1_rom_shim.S.obj
                0x00000000100045b0                dcordic_rot_step
 .text.double2uint_shim
                0x000000001000462c        0xe CMakeFiles/stazione_meteo.dir/home/simone/pico/pico-sdk/src/rp2_common/pico_double/double_v1_rom_shim.S.obj
                0x000000001000462c                double2uint_shim
                0x000000001000462e                double2ufix_shim
 .text.double2int64_shim
                0x000000001000463a       0x1a CMakeFiles/stazione_meteo.dir/home/simone/pico/pico-sdk/src/rp2_common/pico_double/double_v1_rom_shim.S.obj
                0x000000001000463a                double2int64_shim
                0x000000001000463c                double2fix64_shim
 .text.double2uint64_shim
                0x0000000010004654       0x6c CMakeFiles/stazione_meteo.dir/home/simone/pico/pico-sdk/src/rp2_common/pico_double/double_v1_rom_shim.S.obj
                0x0000000010004654                double2uint64_shim
                0x0000000010004656                double2ufix64_shim
                0x0000000010004670                d2fix_a
 .text.double2float_shim
                0x00000000100046c0       0x5c CMakeFiles/stazione_meteo.dir/home/simone/pico/pico-sdk/src/rp2_common/pico_double/double_v1_rom_shim.S.obj
                0x00000000100046c0                double2float_shim
 .text.x2double_shims
                0x000000001000471c       0x90 CMakeFiles/stazione_meteo.dir/home/simone/pico/pico-sdk/src/rp2_common/pico_double/double_v1_rom_shim.S.obj
                0x000000001000471c                uint2double_shim
                0x000000001000471e                ufix2double_shim
                0x0000000010004724                int2double_shim
                0x0000000010004726                fix2double_shim
                0x000000001000472c                uint642double_shim
                0x000000001000472e                ufix642double_shim
                0x0000000010004734                int642double_shim
                0x0000000010004736                fix642double_shim
 .text.dunpacks
                0x00000000100047ac       0x3c CMakeFiles/stazione_meteo.dir/home/simone/pico/pico-sdk/src/rp2_common/pico_double/double_v1_rom_shim.S.obj
                0x00000000100047ac                dunpacks
 .text.__aeabi_lmul
                0x00000000100047e8       0x32 CMakeFiles/stazione_meteo.dir/home/simone/pico/pico-sdk/src/rp2_common/pico_int64_ops/pico_int64_ops_aeabi.S.obj
                0x00000000100047e8                __wrap___aeabi_lmul
 *fill*         0x000000001000481a        0x2 
 .text.__wrap___aeabi_farithmetic
                0x000000001000481c       0x58 CMakeFiles/stazione_meteo.dir/home/simone/pico/pico-sdk/src/rp2_common/pico_float/float_aeabi.S.obj
                0x000000001000481c                __wrap___aeabi_frsub
                0x0000000010004822                __wrap___aeabi_fsub
                0x000000001000482c                __wrap___aeabi_fadd
                0x0000000010004836                __wrap___aeabi_fdiv
                0x0000000010004862                __wrap___aeabi_fmul
 .text.__wrap___aeabi_cfcmple
                0x0000000010004874       0x50 CMakeFiles/stazione_meteo.dir/home/simone/pico/pico-sdk/src/rp2_common/pico_float/float_aeabi.S.obj
                0x0000000010004874                __wrap___aeabi_cfrcmple
                0x0000000010004880                __wrap___aeabi_cfcmpeq
                0x0000000010004880                __wrap___aeabi_cfcmple
 .text.__wrap___aeabi_fcmple
                0x00000000100048c4       0x10 CMakeFiles/stazione_meteo.dir/home/simone/pico/pico-sdk/src/rp2_common/pico_float/float_aeabi.S.obj
                0x00000000100048c4                __wrap___aeabi_fcmple
 .text.__wrap___aeabi_fcmpun
                0x00000000100048d4       0x18 CMakeFiles/stazione_meteo.dir/home/simone/pico/pico-sdk/src/rp2_common/pico_float/float_aeabi.S.obj
                0x00000000100048d4                __wrap___aeabi_fcmpun
 .text.__wrap___aeabi_ui2f
                0x00000000100048ec        0xa CMakeFiles/stazione_meteo.dir/home/simone/pico/pico-sdk/src/rp2_common/pico_float/float_aeabi.S.obj
                0x00000000100048ec                __wrap___aeabi_ui2f
 *fill*         0x00000000100048f6        0x2 
 .text.__wrap___aeabi_i2f
                0x00000000100048f8       0x44 CMakeFiles/stazione_meteo.dir/home/simone/pico/pico-sdk/src/rp2_common/pico_float/float_aeabi.S.obj
                0x00000000100048f8                __wrap___aeabi_i2f
 .text.__wrap___aeabi_f2d
                0x000000001000493c       0x14 CMakeFiles/stazione_meteo.dir/home/simone/pico/pico-sdk/src/rp2_common/pico_float/float_aeabi.S.obj
                0x000000001000493c                __wrap___aeabi_f2d
 .text.__aeabi_float_init
                0x0000000010004950       0xfc CMakeFiles/stazione_meteo.dir/home/simone/pico/pico-sdk/src/rp2_common/pico_float/float_init_rom.c.obj
                0x0000000010004950                __aeabi_float_init
 .text.float_table_shim_on_use_helper
                0x0000000010004a4c       0x34 CMakeFiles/stazione_meteo.dir/home/simone/pico/pico-sdk/src/rp2_common/pico_float/float_v1_rom_shim.S.obj
                0x0000000010004a4c                float_table_shim_on_use_helper
 .text.float2double_shim
                0x0000000010004a80       0x30 CMakeFiles/stazione_meteo.dir/home/simone/pico/pico-sdk/src/rp2_common/pico_float/float_v1_rom_shim.S.obj
                0x0000000010004a80                float2double_shim
 .text          0x0000000010004ab0       0x10 CMakeFiles/stazione_meteo.dir/home/simone/pico/pico-sdk/src/rp2_common/pico_mem_ops/mem_ops_aeabi.S.obj
                0x0000000010004ab0                __aeabi_mem_init
 .text.memset   0x0000000010004ac0        0xc CMakeFiles/stazione_meteo.dir/home/simone/pico/pico-sdk/src/rp2_common/pico_mem_ops/mem_ops_aeabi.S.obj
                0x0000000010004ac0                __wrap_memset
 .text.memcpy   0x0000000010004acc        0xc CMakeFiles/stazione_meteo.dir/home/simone/pico/pico-sdk/src/rp2_common/pico_mem_ops/mem_ops_aeabi.S.obj
                0x0000000010004acc                __wrap___aeabi_memcpy
                0x0000000010004acc                __wrap_memcpy
 .text.stdio_out_chars_crlf
                0x0000000010004ad8       0x80 CMakeFiles/stazione_meteo.dir/home/simone/pico/pico-sdk/src/rp2_common/pico_stdio/stdio.c.obj
 .text.stdio_stack_buffer_flush
                0x0000000010004b58       0x44 CMakeFiles/stazione_meteo.dir/home/simone/pico/pico-sdk/src/rp2_common/pico_stdio/stdio.c.obj
 .text.stdio_buffered_printer
                0x0000000010004b9c       0x24 CMakeFiles/stazione_meteo.dir/home/simone/pico/pico-sdk/src/rp2_common/pico_stdio/stdio.c.obj
 .text.stdio_get_until
                0x0000000010004bc0       0x80 CMakeFiles/stazione_meteo.dir/home/simone/pico/pico-sdk/src/rp2_common/pico_stdio/stdio.c.obj
 .text.stdout_serialize_begin
                0x0000000010004c40       0x30 CMakeFiles/stazione_meteo.dir/home/simone/pico/pico-sdk/src/rp2_common/pico_stdio/stdio.c.obj
                0x0000000010004c40                stdout_serialize_begin
 .text.stdout_serialize_end
                0x0000000010004c70       0x10 CMakeFiles/stazione_meteo.dir/home/simone/pico/pico-sdk/src/rp2_common/pico_stdio/stdio.c.obj
                0x0000000010004c70                stdout_serialize_end
 .text.stdio_put_string
                0x0000000010004c80       0x84 CMakeFiles/stazione_meteo.dir/home/simone/pico/pico-sdk/src/rp2_common/pico_stdio/stdio.c.obj
 .text.__wrap_putchar
                0x0000000010004d04       0x1a CMakeFiles/stazione_meteo.dir/home/simone/pico/pico-sdk/src/rp2_common/pico_stdio/stdio.c.obj
                0x0000000010004d04                __wrap_putchar
 *fill*         0x0000000010004d1e        0x2 
 .text._read    0x0000000010004d20       0x24 CMakeFiles/stazione_meteo.dir/home/simone/pico/pico-sdk/src/rp2_common/pico_stdio/stdio.c.obj
                0x0000000010004d20                _read
 .text._write   0x0000000010004d44       0x1e CMakeFiles/stazione_meteo.dir/home/simone/pico/pico-sdk/src/rp2_common/pico_stdio/stdio.c.obj
                0x0000000010004d44                _write
 *fill*         0x0000000010004d62        0x2 
 .text.stdio_set_driver_enabled
                0x0000000010004d64       0x38 CMakeFiles/stazione_meteo.dir/home/simone/pico/pico-sdk/src/rp2_common/pico_stdio/stdio.c.obj
                0x0000000010004d64                stdio_set_driver_enabled
 .text.stdio_flush
                0x0000000010004d9c       0x20 CMakeFiles/stazione_meteo.dir/home/simone/pico/pico-sdk/src/rp2_common/pico_stdio/stdio.c.obj
                0x0000000010004d9c                stdio_flush
 .text.__wrap_puts
                0x0000000010004dbc       0x1c CMakeFiles/stazione_meteo.dir/home/simone/pico/pico-sdk/src/rp2_common/pico_stdio/stdio.c.obj
                0x0000000010004dbc                __wrap_puts
 .text.__wrap_vprintf
                0x0000000010004dd8       0x48 CMakeFiles/stazione_meteo.dir/home/simone/pico/pico-sdk/src/rp2_common/pico_stdio/stdio.c.obj
                0x0000000010004dd8                __wrap_vprintf
 .text.__wrap_printf
                0x0000000010004e20       0x18 CMakeFiles/stazione_meteo.dir/home/simone/pico/pico-sdk/src/rp2_common/pico_stdio/stdio.c.obj
                0x0000000010004e20                __wrap_printf
 .text.stdio_init_all
                0x0000000010004e38        0x8 CMakeFiles/stazione_meteo.dir/home/simone/pico/pico-sdk/src/rp2_common/pico_stdio/stdio.c.obj
                0x0000000010004e38                stdio_init_all
 .text.resetd_init
                0x0000000010004e40        0x2 CMakeFiles/stazione_meteo.dir/home/simone/pico/pico-sdk/src/rp2_common/pico_stdio_usb/reset_interface.c.obj
 *fill*         0x0000000010004e42        0x2 
 .text.resetd_reset
                0x0000000010004e44        0xc CMakeFiles/stazione_meteo.dir/home/simone/pico/pico-sdk/src/rp2_common/pico_stdio_usb/reset_interface.c.obj
 .text.resetd_open
                0x0000000010004e50       0x34 CMakeFiles/stazione_meteo.dir/home/simone/pico/pico-sdk/src/rp2_common/pico_stdio_usb/reset_interface.c.obj
 .text.resetd_xfer_cb
                0x0000000010004e84        0x4 CMakeFiles/stazione_meteo.dir/home/simone/pico/pico-sdk/src/rp2_common/pico_stdio_usb/reset_interface.c.obj
 .text.resetd_control_xfer_cb
                0x0000000010004e88       0x6c CMakeFiles/stazione_meteo.dir/home/simone/pico/pico-sdk/src/rp2_common/pico_stdio_usb/reset_interface.c.obj
 .text.usbd_app_driver_get_cb
                0x0000000010004ef4        0xc CMakeFiles/stazione_meteo.dir/home/simone/pico/pico-sdk/src/rp2_common/pico_stdio_usb/reset_interface.c.obj
                0x0000000010004ef4                usbd_app_driver_get_cb
 .text.tud_cdc_line_coding_cb
                0x0000000010004f00       0x34 CMakeFiles/stazione_meteo.dir/home/simone/pico/pico-sdk/src/rp2_common/pico_stdio_usb/reset_interface.c.obj
                0x0000000010004f00                tud_cdc_line_coding_cb
 .text.stdio_usb_in_chars
                0x0000000010004f34       0x70 CMakeFiles/stazione_meteo.dir/home/simone/pico/pico-sdk/src/rp2_common/pico_stdio_usb/stdio_usb.c.obj
                0x0000000010004f34                stdio_usb_in_chars
 .text.low_priority_worker_irq
                0x0000000010004fa4       0x20 CMakeFiles/stazione_meteo.dir/home/simone/pico/pico-sdk/src/rp2_common/pico_stdio_usb/stdio_usb.c.obj
 .text.stdio_usb_out_chars
                0x0000000010004fc4       0xd4 CMakeFiles/stazione_meteo.dir/home/simone/pico/pico-sdk/src/rp2_common/pico_stdio_usb/stdio_usb.c.obj
 .text.timer_task
                0x0000000010005098       0x10 CMakeFiles/stazione_meteo.dir/home/simone/pico/pico-sdk/src/rp2_common/pico_stdio_usb/stdio_usb.c.obj
 .text.stdio_usb_init
                0x00000000100050a8       0xb8 CMakeFiles/stazione_meteo.dir/home/simone/pico/pico-sdk/src/rp2_common/pico_stdio_usb/stdio_usb.c.obj
                0x00000000100050a8                stdio_usb_init
 .text.tud_descriptor_device_cb
                0x0000000010005160        0x8 CMakeFiles/stazione_meteo.dir/home/simone/pico/pico-sdk/src/rp2_common/pico_stdio_usb/stdio_usb_descriptors.c.obj
                0x0000000010005160                tud_descriptor_device_cb
 .text.tud_descriptor_configuration_cb
                0x0000000010005168        0x8 CMakeFiles/stazione_meteo.dir/home/simone/pico/pico-sdk/src/rp2_common/pico_stdio_usb/stdio_usb_descriptors.c.obj
                0x0000000010005168                tud_descriptor_configuration_cb
 .text.tud_descriptor_string_cb
                0x0000000010005170       0x68 CMakeFiles/stazione_meteo.dir/home/simone/pico/pico-sdk/src/rp2_common/pico_stdio_usb/stdio_usb_descriptors.c.obj
                0x0000000010005170                tud_descriptor_string_cb
 .text.hw_endpoint_get_by_addr
                0x00000000100051d8       0x18 CMakeFiles/stazione_meteo.dir/home/simone/pico/pico-sdk/lib/tinyusb/src/portable/raspberrypi/rp2040/dcd_rp2040.c.obj
 .text.reset_ep0
                0x00000000100051f0       0x2c CMakeFiles/stazione_meteo.dir/home/simone/pico/pico-sdk/lib/tinyusb/src/portable/raspberrypi/rp2040/dcd_rp2040.c.obj
 .text._hw_endpoint_alloc
                0x000000001000521c       0x80 CMakeFiles/stazione_meteo.dir/home/simone/pico/pico-sdk/lib/tinyusb/src/portable/raspberrypi/rp2040/dcd_rp2040.c.obj
 .text._hw_endpoint_init
                0x000000001000529c       0xbc CMakeFiles/stazione_meteo.dir/home/simone/pico/pico-sdk/lib/tinyusb/src/portable/raspberrypi/rp2040/dcd_rp2040.c.obj
 .text.hw_endpoint_init
                0x0000000010005358       0x18 CMakeFiles/stazione_meteo.dir/home/simone/pico/pico-sdk/lib/tinyusb/src/portable/raspberrypi/rp2040/dcd_rp2040.c.obj
 .text.hw_handle_buff_status
                0x0000000010005370       0xb4 CMakeFiles/stazione_meteo.dir/home/simone/pico/pico-sdk/lib/tinyusb/src/portable/raspberrypi/rp2040/dcd_rp2040.c.obj
 .text.dcd_rp2040_irq
                0x0000000010005424       0xa8 CMakeFiles/stazione_meteo.dir/home/simone/pico/pico-sdk/lib/tinyusb/src/portable/raspberrypi/rp2040/dcd_rp2040.c.obj
 .text.hw_endpoint_xfer
                0x00000000100054cc       0x18 CMakeFiles/stazione_meteo.dir/home/simone/pico/pico-sdk/lib/tinyusb/src/portable/raspberrypi/rp2040/dcd_rp2040.c.obj
 .text.ep0_0len_status
                0x00000000100054e4       0x14 CMakeFiles/stazione_meteo.dir/home/simone/pico/pico-sdk/lib/tinyusb/src/portable/raspberrypi/rp2040/dcd_rp2040.c.obj
 .text._hw_endpoint_stall
                0x00000000100054f8       0x54 CMakeFiles/stazione_meteo.dir/home/simone/pico/pico-sdk/lib/tinyusb/src/portable/raspberrypi/rp2040/dcd_rp2040.c.obj
 .text.hw_endpoint_stall
                0x000000001000554c        0xc CMakeFiles/stazione_meteo.dir/home/simone/pico/pico-sdk/lib/tinyusb/src/portable/raspberrypi/rp2040/dcd_rp2040.c.obj
 .text._hw_endpoint_clear_stall
                0x0000000010005558       0x34 CMakeFiles/stazione_meteo.dir/home/simone/pico/pico-sdk/lib/tinyusb/src/portable/raspberrypi/rp2040/dcd_rp2040.c.obj
 .text.hw_endpoint_clear_stall
                0x000000001000558c        0xc CMakeFiles/stazione_meteo.dir/home/simone/pico/pico-sdk/lib/tinyusb/src/portable/raspberrypi/rp2040/dcd_rp2040.c.obj
 .text.dcd_int_enable
                0x0000000010005598       0x2c CMakeFiles/stazione_meteo.dir/home/simone/pico/pico-sdk/lib/tinyusb/src/portable/raspberrypi/rp2040/dcd_rp2040.c.obj
                0x0000000010005598                dcd_int_enable
 .text.dcd_set_address
                0x00000000100055c4       0x28 CMakeFiles/stazione_meteo.dir/home/simone/pico/pico-sdk/lib/tinyusb/src/portable/raspberrypi/rp2040/dcd_rp2040.c.obj
                0x00000000100055c4                dcd_set_address
 .text.dcd_connect
                0x00000000100055ec       0x30 CMakeFiles/stazione_meteo.dir/home/simone/pico/pico-sdk/lib/tinyusb/src/portable/raspberrypi/rp2040/dcd_rp2040.c.obj
                0x00000000100055ec                dcd_connect
 .text.dcd_init
                0x000000001000561c       0x84 CMakeFiles/stazione_meteo.dir/home/simone/pico/pico-sdk/lib/tinyusb/src/portable/raspberrypi/rp2040/dcd_rp2040.c.obj
                0x000000001000561c                dcd_init
 .text.dcd_edpt0_status_complete
                0x00000000100056a0       0x40 CMakeFiles/stazione_meteo.dir/home/simone/pico/pico-sdk/lib/tinyusb/src/portable/raspberrypi/rp2040/dcd_rp2040.c.obj
                0x00000000100056a0                dcd_edpt0_status_complete
 .text.dcd_edpt_open
                0x00000000100056e0       0x40 CMakeFiles/stazione_meteo.dir/home/simone/pico/pico-sdk/lib/tinyusb/src/portable/raspberrypi/rp2040/dcd_rp2040.c.obj
                0x00000000100056e0                dcd_edpt_open
 .text.dcd_edpt_xfer
                0x0000000010005720       0x34 CMakeFiles/stazione_meteo.dir/home/simone/pico/pico-sdk/lib/tinyusb/src/portable/raspberrypi/rp2040/dcd_rp2040.c.obj
                0x0000000010005720                dcd_edpt_xfer
 .text.dcd_edpt_stall
                0x0000000010005754       0x28 CMakeFiles/stazione_meteo.dir/home/simone/pico/pico-sdk/lib/tinyusb/src/portable/raspberrypi/rp2040/dcd_rp2040.c.obj
                0x0000000010005754                dcd_edpt_stall
 .text.dcd_edpt_clear_stall
                0x000000001000577c       0x2c CMakeFiles/stazione_meteo.dir/home/simone/pico/pico-sdk/lib/tinyusb/src/portable/raspberrypi/rp2040/dcd_rp2040.c.obj
                0x000000001000577c                dcd_edpt_clear_stall
 .text.rp2040_usb_init
                0x00000000100057a8       0x50 CMakeFiles/stazione_meteo.dir/home/simone/pico/pico-sdk/lib/tinyusb/src/portable/raspberrypi/rp2040/rp2040_usb.c.obj
                0x00000000100057a8                rp2040_usb_init
 .text.hw_endpoint_reset_transfer
                0x00000000100057f8       0x10 CMakeFiles/stazione_meteo.dir/home/simone/pico/pico-sdk/lib/tinyusb/src/portable/raspberrypi/rp2040/rp2040_usb.c.obj
                0x00000000100057f8                hw_endpoint_reset_transfer
 .text._hw_endpoint_buffer_control_update32
                0x0000000010005808       0x58 CMakeFiles/stazione_meteo.dir/home/simone/pico/pico-sdk/lib/tinyusb/src/portable/raspberrypi/rp2040/rp2040_usb.c.obj
                0x0000000010005808                _hw_endpoint_buffer_control_update32
 .text._hw_endpoint_start_next_buffer
                0x0000000010005860       0x50 CMakeFiles/stazione_meteo.dir/home/simone/pico/pico-sdk/lib/tinyusb/src/portable/raspberrypi/rp2040/rp2040_usb.c.obj
                0x0000000010005860                _hw_endpoint_start_next_buffer
 .text._hw_endpoint_xfer_start
                0x00000000100058b0       0x3e CMakeFiles/stazione_meteo.dir/home/simone/pico/pico-sdk/lib/tinyusb/src/portable/raspberrypi/rp2040/rp2040_usb.c.obj
                0x00000000100058b0                _hw_endpoint_xfer_start
 *fill*         0x00000000100058ee        0x2 
 .text._hw_endpoint_xfer_sync
                0x00000000100058f0       0x74 CMakeFiles/stazione_meteo.dir/home/simone/pico/pico-sdk/lib/tinyusb/src/portable/raspberrypi/rp2040/rp2040_usb.c.obj
                0x00000000100058f0                _hw_endpoint_xfer_sync
 .text._hw_endpoint_xfer_continue
                0x0000000010005964       0x60 CMakeFiles/stazione_meteo.dir/home/simone/pico/pico-sdk/lib/tinyusb/src/portable/raspberrypi/rp2040/rp2040_usb.c.obj
                0x0000000010005964                _hw_endpoint_xfer_continue
 .text._hw_endpoint_xfer
                0x00000000100059c4       0x34 CMakeFiles/stazione_meteo.dir/home/simone/pico/pico-sdk/lib/tinyusb/src/portable/raspberrypi/rp2040/rp2040_usb.c.obj
                0x00000000100059c4                _hw_endpoint_xfer
 .text.mark_interface_endpoint
                0x00000000100059f8       0x2a CMakeFiles/stazione_meteo.dir/home/simone/pico/pico-sdk/lib/tinyusb/src/device/usbd.c.obj
 *fill*         0x0000000010005a22        0x2 
 .text.usbd_reset
                0x0000000010005a24       0x88 CMakeFiles/stazione_meteo.dir/home/simone/pico/pico-sdk/lib/tinyusb/src/device/usbd.c.obj
 .text.invoke_class_control
                0x0000000010005aac       0x1a CMakeFiles/stazione_meteo.dir/home/simone/pico/pico-sdk/lib/tinyusb/src/device/usbd.c.obj
 *fill*         0x0000000010005ac6        0x2 
 .text.process_set_config
                0x0000000010005ac8      0x1d0 CMakeFiles/stazione_meteo.dir/home/simone/pico/pico-sdk/lib/tinyusb/src/device/usbd.c.obj
 .text.process_get_descriptor
                0x0000000010005c98       0xf8 CMakeFiles/stazione_meteo.dir/home/simone/pico/pico-sdk/lib/tinyusb/src/device/usbd.c.obj
 .text.tud_mounted
                0x0000000010005d90       0x10 CMakeFiles/stazione_meteo.dir/home/simone/pico/pico-sdk/lib/tinyusb/src/device/usbd.c.obj
                0x0000000010005d90                tud_mounted
 .text.tud_suspended
                0x0000000010005da0       0x10 CMakeFiles/stazione_meteo.dir/home/simone/pico/pico-sdk/lib/tinyusb/src/device/usbd.c.obj
                0x0000000010005da0                tud_suspended
 .text.tud_inited
                0x0000000010005db0        0xc CMakeFiles/stazione_meteo.dir/home/simone/pico/pico-sdk/lib/tinyusb/src/device/usbd.c.obj
                0x0000000010005db0                tud_inited
 .text.tud_init
                0x0000000010005dbc       0xcc CMakeFiles/stazione_meteo.dir/home/simone/pico/pico-sdk/lib/tinyusb/src/device/usbd.c.obj
                0x0000000010005dbc                tud_init
 .text.dcd_event_handler
                0x0000000010005e88      0x174 CMakeFiles/stazione_meteo.dir/home/simone/pico/pico-sdk/lib/tinyusb/src/device/usbd.c.obj
                0x0000000010005e88                dcd_event_handler
 .text.dcd_event_bus_signal
                0x0000000010005ffc       0x26 CMakeFiles/stazione_meteo.dir/home/simone/pico/pico-sdk/lib/tinyusb/src/device/usbd.c.obj
                0x0000000010005ffc                dcd_event_bus_signal
 .text.dcd_event_bus_reset
                0x0000000010006022       0x2a CMakeFiles/stazione_meteo.dir/home/simone/pico/pico-sdk/lib/tinyusb/src/device/usbd.c.obj
                0x0000000010006022                dcd_event_bus_reset
 .text.dcd_event_setup_received
                0x000000001000604c       0x34 CMakeFiles/stazione_meteo.dir/home/simone/pico/pico-sdk/lib/tinyusb/src/device/usbd.c.obj
                0x000000001000604c                dcd_event_setup_received
 .text.dcd_event_xfer_complete
                0x0000000010006080       0x44 CMakeFiles/stazione_meteo.dir/home/simone/pico/pico-sdk/lib/tinyusb/src/device/usbd.c.obj
                0x0000000010006080                dcd_event_xfer_complete
 .text.usbd_edpt_open
                0x00000000100060c4       0xe0 CMakeFiles/stazione_meteo.dir/home/simone/pico/pico-sdk/lib/tinyusb/src/device/usbd.c.obj
                0x00000000100060c4                usbd_edpt_open
 .text.usbd_open_edpt_pair
                0x00000000100061a4       0x8c CMakeFiles/stazione_meteo.dir/home/simone/pico/pico-sdk/lib/tinyusb/src/device/usbd.c.obj
                0x00000000100061a4                usbd_open_edpt_pair
 .text.usbd_edpt_claim
                0x0000000010006230       0x8c CMakeFiles/stazione_meteo.dir/home/simone/pico/pico-sdk/lib/tinyusb/src/device/usbd.c.obj
                0x0000000010006230                usbd_edpt_claim
 .text.usbd_edpt_release
                0x00000000100062bc       0x68 CMakeFiles/stazione_meteo.dir/home/simone/pico/pico-sdk/lib/tinyusb/src/device/usbd.c.obj
                0x00000000100062bc                usbd_edpt_release
 .text.usbd_edpt_xfer
                0x0000000010006324       0x80 CMakeFiles/stazione_meteo.dir/home/simone/pico/pico-sdk/lib/tinyusb/src/device/usbd.c.obj
                0x0000000010006324                usbd_edpt_xfer
 .text.usbd_edpt_stall
                0x00000000100063a4       0x2c CMakeFiles/stazione_meteo.dir/home/simone/pico/pico-sdk/lib/tinyusb/src/device/usbd.c.obj
                0x00000000100063a4                usbd_edpt_stall
 .text.usbd_edpt_clear_stall
                0x00000000100063d0       0x2c CMakeFiles/stazione_meteo.dir/home/simone/pico/pico-sdk/lib/tinyusb/src/device/usbd.c.obj
                0x00000000100063d0                usbd_edpt_clear_stall
 .text.usbd_edpt_stalled
                0x00000000100063fc       0x1c CMakeFiles/stazione_meteo.dir/home/simone/pico/pico-sdk/lib/tinyusb/src/device/usbd.c.obj
                0x00000000100063fc                usbd_edpt_stalled
 .text.process_control_request
                0x0000000010006418      0x380 CMakeFiles/stazione_meteo.dir/home/simone/pico/pico-sdk/lib/tinyusb/src/device/usbd.c.obj
 .text.tud_task
                0x0000000010006798      0x204 CMakeFiles/stazione_meteo.dir/home/simone/pico/pico-sdk/lib/tinyusb/src/device/usbd.c.obj
                0x0000000010006798                tud_task
 .text._data_stage_xact
                0x000000001000699c       0x58 CMakeFiles/stazione_meteo.dir/home/simone/pico/pico-sdk/lib/tinyusb/src/device/usbd_control.c.obj
 .text.tud_control_status
                0x00000000100069f4       0x38 CMakeFiles/stazione_meteo.dir/home/simone/pico/pico-sdk/lib/tinyusb/src/device/usbd_control.c.obj
                0x00000000100069f4                tud_control_status
 .text.tud_control_xfer
                0x0000000010006a2c       0xa8 CMakeFiles/stazione_meteo.dir/home/simone/pico/pico-sdk/lib/tinyusb/src/device/usbd_control.c.obj
                0x0000000010006a2c                tud_control_xfer
 .text.usbd_control_reset
                0x0000000010006ad4       0x14 CMakeFiles/stazione_meteo.dir/home/simone/pico/pico-sdk/lib/tinyusb/src/device/usbd_control.c.obj
                0x0000000010006ad4                usbd_control_reset
 .text.usbd_control_set_complete_callback
                0x0000000010006ae8        0xc CMakeFiles/stazione_meteo.dir/home/simone/pico/pico-sdk/lib/tinyusb/src/device/usbd_control.c.obj
                0x0000000010006ae8                usbd_control_set_complete_callback
 .text.usbd_control_set_request
                0x0000000010006af4       0x1c CMakeFiles/stazione_meteo.dir/home/simone/pico/pico-sdk/lib/tinyusb/src/device/usbd_control.c.obj
                0x0000000010006af4                usbd_control_set_request
 .text.usbd_control_xfer_cb
                0x0000000010006b10       0xfc CMakeFiles/stazione_meteo.dir/home/simone/pico/pico-sdk/lib/tinyusb/src/device/usbd_control.c.obj
                0x0000000010006b10                usbd_control_xfer_cb
 .text._prep_out_transaction
                0x0000000010006c0c       0x46 CMakeFiles/stazione_meteo.dir/home/simone/pico/pico-sdk/lib/tinyusb/src/class/cdc/cdc_device.c.obj
 *fill*         0x0000000010006c52        0x2 
 .text.tud_cdc_n_connected
                0x0000000010006c54       0x44 CMakeFiles/stazione_meteo.dir/home/simone/pico/pico-sdk/lib/tinyusb/src/class/cdc/cdc_device.c.obj
                0x0000000010006c54                tud_cdc_n_connected
 .text.tud_cdc_n_available
                0x0000000010006c98       0x18 CMakeFiles/stazione_meteo.dir/home/simone/pico/pico-sdk/lib/tinyusb/src/class/cdc/cdc_device.c.obj
                0x0000000010006c98                tud_cdc_n_available
 .text.tud_cdc_n_read
                0x0000000010006cb0       0x28 CMakeFiles/stazione_meteo.dir/home/simone/pico/pico-sdk/lib/tinyusb/src/class/cdc/cdc_device.c.obj
                0x0000000010006cb0                tud_cdc_n_read
 .text.tud_cdc_n_write_flush
                0x0000000010006cd8       0xcc CMakeFiles/stazione_meteo.dir/home/simone/pico/pico-sdk/lib/tinyusb/src/class/cdc/cdc_device.c.obj
                0x0000000010006cd8                tud_cdc_n_write_flush
 .text.tud_cdc_n_write
                0x0000000010006da4       0x38 CMakeFiles/stazione_meteo.dir/home/simone/pico/pico-sdk/lib/tinyusb/src/class/cdc/cdc_device.c.obj
                0x0000000010006da4                tud_cdc_n_write
 .text.tud_cdc_n_write_available
                0x0000000010006ddc       0x1c CMakeFiles/stazione_meteo.dir/home/simone/pico/pico-sdk/lib/tinyusb/src/class/cdc/cdc_device.c.obj
                0x0000000010006ddc                tud_cdc_n_write_available
 .text.cdcd_init
                0x0000000010006df8       0xbc CMakeFiles/stazione_meteo.dir/home/simone/pico/pico-sdk/lib/tinyusb/src/class/cdc/cdc_device.c.obj
                0x0000000010006df8                cdcd_init
 .text.cdcd_reset
                0x0000000010006eb4       0x44 CMakeFiles/stazione_meteo.dir/home/simone/pico/pico-sdk/lib/tinyusb/src/class/cdc/cdc_device.c.obj
                0x0000000010006eb4                cdcd_reset
 .text.cdcd_open
                0x0000000010006ef8      0x10c CMakeFiles/stazione_meteo.dir/home/simone/pico/pico-sdk/lib/tinyusb/src/class/cdc/cdc_device.c.obj
                0x0000000010006ef8                cdcd_open
 .text.cdcd_control_xfer_cb
                0x0000000010007004      0x134 CMakeFiles/stazione_meteo.dir/home/simone/pico/pico-sdk/lib/tinyusb/src/class/cdc/cdc_device.c.obj
                0x0000000010007004                cdcd_control_xfer_cb
 .text.cdcd_xfer_cb
                0x0000000010007138      0x144 CMakeFiles/stazione_meteo.dir/home/simone/pico/pico-sdk/lib/tinyusb/src/class/cdc/cdc_device.c.obj
                0x0000000010007138                cdcd_xfer_cb
 .text.tusb_init
                0x000000001000727c       0x24 CMakeFiles/stazione_meteo.dir/home/simone/pico/pico-sdk/lib/tinyusb/src/tusb.c.obj
                0x000000001000727c                tusb_init
 .text.tusb_inited
                0x00000000100072a0        0xe CMakeFiles/stazione_meteo.dir/home/simone/pico/pico-sdk/lib/tinyusb/src/tusb.c.obj
                0x00000000100072a0                tusb_inited
 .text.advance_pointer
                0x00000000100072ae       0x1e CMakeFiles/stazione_meteo.dir/home/simone/pico/pico-sdk/lib/tinyusb/src/common/tusb_fifo.c.obj
 .text.backward_pointer
                0x00000000100072cc       0x1a CMakeFiles/stazione_meteo.dir/home/simone/pico/pico-sdk/lib/tinyusb/src/common/tusb_fifo.c.obj
 .text.get_relative_pointer
                0x00000000100072e6       0x10 CMakeFiles/stazione_meteo.dir/home/simone/pico/pico-sdk/lib/tinyusb/src/common/tusb_fifo.c.obj
 .text._tu_fifo_peek
                0x00000000100072f6       0x50 CMakeFiles/stazione_meteo.dir/home/simone/pico/pico-sdk/lib/tinyusb/src/common/tusb_fifo.c.obj
 .text._ff_pull_const_addr
                0x0000000010007346       0x4c CMakeFiles/stazione_meteo.dir/home/simone/pico/pico-sdk/lib/tinyusb/src/common/tusb_fifo.c.obj
 .text._ff_pull_n
                0x0000000010007392      0x10c CMakeFiles/stazione_meteo.dir/home/simone/pico/pico-sdk/lib/tinyusb/src/common/tusb_fifo.c.obj
 .text._tu_fifo_peek_n
                0x000000001000749e       0x5e CMakeFiles/stazione_meteo.dir/home/simone/pico/pico-sdk/lib/tinyusb/src/common/tusb_fifo.c.obj
 .text._tu_fifo_read_n
                0x00000000100074fc       0x4e CMakeFiles/stazione_meteo.dir/home/simone/pico/pico-sdk/lib/tinyusb/src/common/tusb_fifo.c.obj
 .text._ff_push_const_addr
                0x000000001000754a       0x40 CMakeFiles/stazione_meteo.dir/home/simone/pico/pico-sdk/lib/tinyusb/src/common/tusb_fifo.c.obj
 .text._ff_push_n
                0x000000001000758a      0x106 CMakeFiles/stazione_meteo.dir/home/simone/pico/pico-sdk/lib/tinyusb/src/common/tusb_fifo.c.obj
 .text._tu_fifo_write_n
                0x0000000010007690       0x9e CMakeFiles/stazione_meteo.dir/home/simone/pico/pico-sdk/lib/tinyusb/src/common/tusb_fifo.c.obj
 .text.tu_fifo_config
                0x000000001000772e       0x72 CMakeFiles/stazione_meteo.dir/home/simone/pico/pico-sdk/lib/tinyusb/src/common/tusb_fifo.c.obj
                0x000000001000772e                tu_fifo_config
 .text.tu_fifo_count
                0x00000000100077a0       0x26 CMakeFiles/stazione_meteo.dir/home/simone/pico/pico-sdk/lib/tinyusb/src/common/tusb_fifo.c.obj
                0x00000000100077a0                tu_fifo_count
 .text.tu_fifo_empty
                0x00000000100077c6        0xe CMakeFiles/stazione_meteo.dir/home/simone/pico/pico-sdk/lib/tinyusb/src/common/tusb_fifo.c.obj
                0x00000000100077c6                tu_fifo_empty
 .text.tu_fifo_remaining
                0x00000000100077d4       0x20 CMakeFiles/stazione_meteo.dir/home/simone/pico/pico-sdk/lib/tinyusb/src/common/tusb_fifo.c.obj
                0x00000000100077d4                tu_fifo_remaining
 .text.tu_fifo_read
                0x00000000100077f4       0x42 CMakeFiles/stazione_meteo.dir/home/simone/pico/pico-sdk/lib/tinyusb/src/common/tusb_fifo.c.obj
                0x00000000100077f4                tu_fifo_read
 .text.tu_fifo_read_n
                0x0000000010007836        0xa CMakeFiles/stazione_meteo.dir/home/simone/pico/pico-sdk/lib/tinyusb/src/common/tusb_fifo.c.obj
                0x0000000010007836                tu_fifo_read_n
 .text.tu_fifo_write
                0x0000000010007840       0x6c CMakeFiles/stazione_meteo.dir/home/simone/pico/pico-sdk/lib/tinyusb/src/common/tusb_fifo.c.obj
                0x0000000010007840                tu_fifo_write
 .text.tu_fifo_write_n
                0x00000000100078ac        0xa CMakeFiles/stazione_meteo.dir/home/simone/pico/pico-sdk/lib/tinyusb/src/common/tusb_fifo.c.obj
                0x00000000100078ac                tu_fifo_write_n
 .text.tu_fifo_clear
                0x00000000100078b6       0x4c CMakeFiles/stazione_meteo.dir/home/simone/pico/pico-sdk/lib/tinyusb/src/common/tusb_fifo.c.obj
                0x00000000100078b6                tu_fifo_clear
 .text.tu_fifo_set_overwritable
                0x0000000010007902       0x3c CMakeFiles/stazione_meteo.dir/home/simone/pico/pico-sdk/lib/tinyusb/src/common/tusb_fifo.c.obj
                0x0000000010007902                tu_fifo_set_overwritable
 *fill*         0x000000001000793e        0x2 
 .text._retrieve_unique_id_on_boot
                0x0000000010007940       0x10 CMakeFiles/stazione_meteo.dir/home/simone/pico/pico-sdk/src/rp2_common/pico_unique_id/unique_id.c.obj
 .text.pico_get_unique_board_id_string
                0x0000000010007950       0x60 CMakeFiles/stazione_meteo.dir/home/simone/pico/pico-sdk/src/rp2_common/pico_unique_id/unique_id.c.obj
                0x0000000010007950                pico_get_unique_board_id_string
 .text.flash_get_unique_id
                0x00000000100079b0       0x46 CMakeFiles/stazione_meteo.dir/home/simone/pico/pico-sdk/src/rp2_common/hardware_flash/flash.c.obj
                0x00000000100079b0                flash_get_unique_id
 .text.core1_trampoline
                0x00000000100079f6        0x2 CMakeFiles/stazione_meteo.dir/home/simone/pico/pico-sdk/src/rp2_common/pico_multicore/multicore.c.obj
 .text.core1_wrapper
                0x00000000100079f8        0xc CMakeFiles/stazione_meteo.dir/home/simone/pico/pico-sdk/src/rp2_common/pico_multicore/multicore.c.obj
                0x00000000100079f8                core1_wrapper
 .text.multicore_fifo_push_blocking
                0x0000000010007a04       0x14 CMakeFiles/stazione_meteo.dir/home/simone/pico/pico-sdk/src/rp2_common/pico_multicore/multicore.c.obj
                0x0000000010007a04                multicore_fifo_push_blocking
 .text.multicore_fifo_pop_blocking
                0x0000000010007a18       0x16 CMakeFiles/stazione_meteo.dir/home/simone/pico/pico-sdk/src/rp2_common/pico_multicore/multicore.c.obj
                0x0000000010007a18                multicore_fifo_pop_blocking
 .text.multicore_launch_core1_raw
                0x0000000010007a2e       0x6a CMakeFiles/stazione_meteo.dir/home/simone/pico/pico-sdk/src/rp2_common/pico_multicore/multicore.c.obj
                0x0000000010007a2e                multicore_launch_core1_raw
 .text.multicore_launch_core1_with_stack
                0x0000000010007a98       0x50 CMakeFiles/stazione_meteo.dir/home/simone/pico/pico-sdk/src/rp2_common/pico_multicore/multicore.c.obj
                0x0000000010007a98                multicore_launch_core1_with_stack
 .text.multicore_launch_core1
                0x0000000010007ae8       0x24 CMakeFiles/stazione_meteo.dir/home/simone/pico/pico-sdk/src/rp2_common/pico_multicore/multicore.c.obj
                0x0000000010007ae8                multicore_launch_core1
 .text.spi_set_baudrate
                0x0000000010007b0c       0x94 CMakeFiles/stazione_meteo.dir/home/simone/pico/pico-sdk/src/rp2_common/hardware_spi/spi.c.obj
                0x0000000010007b0c                spi_set_baudrate
 .text.spi_init
                0x0000000010007ba0       0x68 CMakeFiles/stazione_meteo.dir/home/simone/pico/pico-sdk/src/rp2_common/hardware_spi/spi.c.obj
                0x0000000010007ba0                spi_init
 .text.i2c_write_blocking_internal
                0x0000000010007c08      0x13c CMakeFiles/stazione_meteo.dir/home/simone/pico/pico-sdk/src/rp2_common/hardware_i2c/i2c.c.obj
 .text.i2c_read_blocking_internal
                0x0000000010007d44       0xe0 CMakeFiles/stazione_meteo.dir/home/simone/pico/pico-sdk/src/rp2_common/hardware_i2c/i2c.c.obj
 .text.i2c_set_baudrate
                0x0000000010007e24       0xf0 CMakeFiles/stazione_meteo.dir/home/simone/pico/pico-sdk/src/rp2_common/hardware_i2c/i2c.c.obj
                0x0000000010007e24                i2c_set_baudrate
 .text.i2c_init
                0x0000000010007f14       0x58 CMakeFiles/stazione_meteo.dir/home/simone/pico/pico-sdk/src/rp2_common/hardware_i2c/i2c.c.obj
                0x0000000010007f14                i2c_init
 .text.i2c_write_blocking
                0x0000000010007f6c       0x18 CMakeFiles/stazione_meteo.dir/home/simone/pico/pico-sdk/src/rp2_common/hardware_i2c/i2c.c.obj
                0x0000000010007f6c                i2c_write_blocking
 .text.i2c_write_blocking_until
                0x0000000010007f84       0x3e CMakeFiles/stazione_meteo.dir/home/simone/pico/pico-sdk/src/rp2_common/hardware_i2c/i2c.c.obj
                0x0000000010007f84                i2c_write_blocking_until
 .text.i2c_read_blocking
                0x0000000010007fc2       0x18 CMakeFiles/stazione_meteo.dir/home/simone/pico/pico-sdk/src/rp2_common/hardware_i2c/i2c.c.obj
                0x0000000010007fc2                i2c_read_blocking
 .text.i2c_read_blocking_until
                0x0000000010007fda       0x3e CMakeFiles/stazione_meteo.dir/home/simone/pico/pico-sdk/src/rp2_common/hardware_i2c/i2c.c.obj
                0x0000000010007fda                i2c_read_blocking_until
 .text          0x0000000010008018       0x5c /usr/lib/gcc/arm-none-eabi/9.2.1/../../../arm-none-eabi/lib/thumb/v6-m/nofp/libg.a(lib_a-callocr.o)
                0x0000000010008018                _calloc_r
 .text          0x0000000010008074      0x58c /usr/lib/gcc/arm-none-eabi/9.2.1/../../../arm-none-eabi/lib/thumb/v6-m/nofp/libg.a(lib_a-mallocr.o)
                0x0000000010008074                _malloc_r
 .text          0x0000000010008600        0x8 /usr/lib/gcc/arm-none-eabi/9.2.1/../../../arm-none-eabi/lib/thumb/v6-m/nofp/libg.a(lib_a-mlock.o)
                0x0000000010008600                __malloc_lock
                0x0000000010008604                __malloc_unlock
 .text          0x0000000010008608       0x24 /usr/lib/gcc/arm-none-eabi/9.2.1/../../../arm-none-eabi/lib/thumb/v6-m/nofp/libg.a(lib_a-sbrkr.o)
                0x0000000010008608                _sbrk_r
 .text          0x000000001000862c       0x40 /usr/lib/gcc/arm-none-eabi/9.2.1/../../../arm-none-eabi/lib/thumb/v6-m/nofp/libg.a(lib_a-scanf.o)
                0x000000001000862c                scanf
                0x0000000010008650                _scanf_r
 .text          0x000000001000866c       0x68 /usr/lib/gcc/arm-none-eabi/9.2.1/../../../arm-none-eabi/lib/thumb/v6-m/nofp/libg.a(lib_a-strlen-stub.o)
                0x000000001000866c                strlen
 .text          0x00000000100086d4      0xfec /usr/lib/gcc/arm-none-eabi/9.2.1/../../../arm-none-eabi/lib/thumb/v6-m/nofp/libg.a(lib_a-vfscanf.o)
                0x00000000100086d4                __svfscanf_r
                0x0000000010009650                vfscanf
                0x0000000010009680                __svfscanf
                0x0000000010009698                _vfscanf_r
 .text          0x00000000100096c0      0x220 /usr/lib/gcc/arm-none-eabi/9.2.1/../../../arm-none-eabi/lib/thumb/v6-m/nofp/libg.a(lib_a-findfp.o)
                0x00000000100096c4                _cleanup_r
                0x00000000100097c0                __sfmoreglue
                0x00000000100097f0                __sfp
                0x0000000010009878                _cleanup
                0x0000000010009890                __sinit
                0x00000000100098a0                __sfp_lock_acquire
                0x00000000100098a4                __sfp_lock_release
                0x00000000100098a8                __sinit_lock_acquire
                0x00000000100098ac                __sinit_lock_release
                0x00000000100098b0                __fp_lock_all
                0x00000000100098c8                __fp_unlock_all
 .text          0x00000000100098e0      0x19c /usr/lib/gcc/arm-none-eabi/9.2.1/../../../arm-none-eabi/lib/thumb/v6-m/nofp/libg.a(lib_a-fread.o)
                0x00000000100098e0                _fread_r
                0x0000000010009a5c                fread
 .text          0x0000000010009a7c      0x27c /usr/lib/gcc/arm-none-eabi/9.2.1/../../../arm-none-eabi/lib/thumb/v6-m/nofp/libg.a(lib_a-freer.o)
                0x0000000010009a7c                _malloc_trim_r
                0x0000000010009b1c                _free_r
 .text          0x0000000010009cf8       0x90 /usr/lib/gcc/arm-none-eabi/9.2.1/../../../arm-none-eabi/lib/thumb/v6-m/nofp/libg.a(lib_a-fwalk.o)
                0x0000000010009cf8                _fwalk
                0x0000000010009d3c                _fwalk_reent
 .text          0x0000000010009d88        0xc /usr/lib/gcc/arm-none-eabi/9.2.1/../../../arm-none-eabi/lib/thumb/v6-m/nofp/libg.a(lib_a-iswspace.o)
                0x0000000010009d88                iswspace
 .text          0x0000000010009d94       0x18 /usr/lib/gcc/arm-none-eabi/9.2.1/../../../arm-none-eabi/lib/thumb/v6-m/nofp/libg.a(lib_a-iswspace_l.o)
                0x0000000010009d94                iswspace_l
 .text          0x0000000010009dac       0x6c /usr/lib/gcc/arm-none-eabi/9.2.1/../../../arm-none-eabi/lib/thumb/v6-m/nofp/libg.a(lib_a-locale.o)
                0x0000000010009dac                _setlocale_r
                0x0000000010009df0                __locale_mb_cur_max
                0x0000000010009e00                setlocale
 .text          0x0000000010009e18       0x14 /usr/lib/gcc/arm-none-eabi/9.2.1/../../../arm-none-eabi/lib/thumb/v6-m/nofp/libg.a(lib_a-localeconv.o)
                0x0000000010009e18                __localeconv_l
                0x0000000010009e1c                _localeconv_r
                0x0000000010009e24                localeconv
 .text          0x0000000010009e2c       0x94 /usr/lib/gcc/arm-none-eabi/9.2.1/../../../arm-none-eabi/lib/thumb/v6-m/nofp/libg.a(lib_a-mbrtowc.o)
                0x0000000010009e2c                _mbrtowc_r
                0x0000000010009e74                mbrtowc
 .text          0x0000000010009ec0       0x44 /usr/lib/gcc/arm-none-eabi/9.2.1/../../../arm-none-eabi/lib/thumb/v6-m/nofp/libg.a(lib_a-mbtowc_r.o)
                0x0000000010009ec0                _mbtowc_r
                0x0000000010009ed8                __ascii_mbtowc
 .text          0x0000000010009f04      0x140 /usr/lib/gcc/arm-none-eabi/9.2.1/../../../arm-none-eabi/lib/thumb/v6-m/nofp/libg.a(lib_a-refill.o)
                0x0000000010009f20                __srefill_r
 .text          0x000000001000a044       0x6c /usr/lib/gcc/arm-none-eabi/9.2.1/../../../arm-none-eabi/lib/thumb/v6-m/nofp/libg.a(lib_a-sccl.o)
                0x000000001000a044                __sccl
 .text          0x000000001000a0b0        0x8 /usr/lib/gcc/arm-none-eabi/9.2.1/../../../arm-none-eabi/lib/thumb/v6-m/nofp/libg.a(lib_a-sf_nan.o)
                0x000000001000a0b0                nanf
 .text          0x000000001000a0b8       0xa4 /usr/lib/gcc/arm-none-eabi/9.2.1/../../../arm-none-eabi/lib/thumb/v6-m/nofp/libg.a(lib_a-stdio.o)
                0x000000001000a0b8                __sread
                0x000000001000a0e0                __seofread
                0x000000001000a0e4                __swrite
                0x000000001000a124                __sseek
                0x000000001000a150                __sclose
 .text          0x000000001000a15c       0x88 /usr/lib/gcc/arm-none-eabi/9.2.1/../../../arm-none-eabi/lib/thumb/v6-m/nofp/libg.a(lib_a-strcmp.o)
                0x000000001000a15c                strcmp
 .text          0x000000001000a1e4     0x10b8 /usr/lib/gcc/arm-none-eabi/9.2.1/../../../arm-none-eabi/lib/thumb/v6-m/nofp/libg.a(lib_a-strtod.o)
                0x000000001000a214                _strtod_l
                0x000000001000b0f4                _strtod_r
                0x000000001000b104                strtod_l
                0x000000001000b11c                strtod
                0x000000001000b138                strtof_l
                0x000000001000b1e8                strtof
 .text          0x000000001000b29c      0x184 /usr/lib/gcc/arm-none-eabi/9.2.1/../../../arm-none-eabi/lib/thumb/v6-m/nofp/libg.a(lib_a-strtol.o)
                0x000000001000b3e8                _strtol_r
                0x000000001000b3f0                strtol_l
                0x000000001000b408                strtol
 .text          0x000000001000b420      0x1d8 /usr/lib/gcc/arm-none-eabi/9.2.1/../../../arm-none-eabi/lib/thumb/v6-m/nofp/libg.a(lib_a-strtoll.o)
                0x000000001000b5c0                _strtoll_r
                0x000000001000b5c8                strtoll_l
                0x000000001000b5e0                strtoll
 .text          0x000000001000b5f8      0x180 /usr/lib/gcc/arm-none-eabi/9.2.1/../../../arm-none-eabi/lib/thumb/v6-m/nofp/libg.a(lib_a-strtoul.o)
                0x000000001000b740                _strtoul_r
                0x000000001000b748                strtoul_l
                0x000000001000b760                strtoul
 .text          0x000000001000b778      0x1f4 /usr/lib/gcc/arm-none-eabi/9.2.1/../../../arm-none-eabi/lib/thumb/v6-m/nofp/libg.a(lib_a-strtoull.o)
                0x000000001000b934                _strtoull_r
                0x000000001000b93c                strtoull_l
                0x000000001000b954                strtoull
 .text          0x000000001000b96c      0x184 /usr/lib/gcc/arm-none-eabi/9.2.1/../../../arm-none-eabi/lib/thumb/v6-m/nofp/libg.a(lib_a-ungetc.o)
                0x000000001000b96c                __submore
                0x000000001000b9f0                _ungetc_r
                0x000000001000bad8                ungetc
 .text          0x000000001000baf0       0x2c /usr/lib/gcc/arm-none-eabi/9.2.1/../../../arm-none-eabi/lib/thumb/v6-m/nofp/libg.a(lib_a-wctomb_r.o)
                0x000000001000baf0                _wctomb_r
                0x000000001000bb00                __ascii_wctomb
 .text          0x000000001000bb1c       0x28 /usr/lib/gcc/arm-none-eabi/9.2.1/../../../arm-none-eabi/lib/thumb/v6-m/nofp/libg.a(lib_a-writer.o)
                0x000000001000bb1c                _write_r
 .text          0x000000001000bb44       0x24 /usr/lib/gcc/arm-none-eabi/9.2.1/../../../arm-none-eabi/lib/thumb/v6-m/nofp/libg.a(lib_a-closer.o)
                0x000000001000bb44                _close_r
 .text          0x000000001000bb68        0xc /usr/lib/gcc/arm-none-eabi/9.2.1/../../../arm-none-eabi/lib/thumb/v6-m/nofp/libg.a(lib_a-errno.o)
                0x000000001000bb68                __errno
 .text          0x000000001000bb74       0xac /usr/lib/gcc/arm-none-eabi/9.2.1/../../../arm-none-eabi/lib/thumb/v6-m/nofp/libg.a(lib_a-fclose.o)
                0x000000001000bb74                _fclose_r
                0x000000001000bc0c                fclose
 .text          0x000000001000bc20      0x1b4 /usr/lib/gcc/arm-none-eabi/9.2.1/../../../arm-none-eabi/lib/thumb/v6-m/nofp/libg.a(lib_a-fflush.o)
                0x000000001000bc20                __sflush_r
                0x000000001000bd80                _fflush_r
                0x000000001000bdac                fflush
 .text          0x000000001000bdd4      0x634 /usr/lib/gcc/arm-none-eabi/9.2.1/../../../arm-none-eabi/lib/thumb/v6-m/nofp/libg.a(lib_a-gdtoa-gethex.o)
                0x000000001000be78                __gethex
 .text          0x000000001000c408      0x1d8 /usr/lib/gcc/arm-none-eabi/9.2.1/../../../arm-none-eabi/lib/thumb/v6-m/nofp/libg.a(lib_a-gdtoa-hexnan.o)
                0x000000001000c408                __match
                0x000000001000c434                __hexnan
 .text          0x000000001000c5e0       0x28 /usr/lib/gcc/arm-none-eabi/9.2.1/../../../arm-none-eabi/lib/thumb/v6-m/nofp/libg.a(lib_a-lseekr.o)
                0x000000001000c5e0                _lseek_r
 .text          0x000000001000c608       0xf0 /usr/lib/gcc/arm-none-eabi/9.2.1/../../../arm-none-eabi/lib/thumb/v6-m/nofp/libg.a(lib_a-makebuf.o)
                0x000000001000c608                __swhatbuf_r
                0x000000001000c668                __smakebuf_r
 .text          0x000000001000c6f8      0xa38 /usr/lib/gcc/arm-none-eabi/9.2.1/../../../arm-none-eabi/lib/thumb/v6-m/nofp/libg.a(lib_a-mprec.o)
                0x000000001000c6f8                _Balloc
                0x000000001000c748                _Bfree
                0x000000001000c75c                __multadd
                0x000000001000c80c                __s2b
                0x000000001000c8b8                __hi0bits
                0x000000001000c8f0                __lo0bits
                0x000000001000c94c                __i2b
                0x000000001000c978                __multiply
                0x000000001000cb04                __pow5mult
                0x000000001000cbb8                __lshift
                0x000000001000cc9c                __mcmp
                0x000000001000ccd0                __mdiff
                0x000000001000ce18                __ulp
                0x000000001000ce60                __b2d
                0x000000001000cf18                __d2b
                0x000000001000cff0                __ratio
                0x000000001000d064                _mprec_log10
                0x000000001000d098                __copybits
                0x000000001000d0d8                __any_on
 .text          0x000000001000d130       0x28 /usr/lib/gcc/arm-none-eabi/9.2.1/../../../arm-none-eabi/lib/thumb/v6-m/nofp/libg.a(lib_a-readr.o)
                0x000000001000d130                _read_r
 .text          0x000000001000d158      0x35c /usr/lib/gcc/arm-none-eabi/9.2.1/../../../arm-none-eabi/lib/thumb/v6-m/nofp/libg.a(lib_a-reallocr.o)
                0x000000001000d158                _realloc_r
 .text          0x000000001000d4b4        0xc /usr/lib/gcc/arm-none-eabi/9.2.1/../../../arm-none-eabi/lib/thumb/v6-m/nofp/libg.a(lib_a-s_nan.o)
                0x000000001000d4b4                nan
 .text          0x000000001000d4c0       0x94 /usr/lib/gcc/arm-none-eabi/9.2.1/../../../arm-none-eabi/lib/thumb/v6-m/nofp/libg.a(lib_a-strncmp.o)
                0x000000001000d4c0                strncmp
 .text          0x000000001000d554       0x28 /usr/lib/gcc/arm-none-eabi/9.2.1/../../../arm-none-eabi/lib/thumb/v6-m/nofp/libg.a(lib_a-fstatr.o)
                0x000000001000d554                _fstat_r
 .text          0x000000001000d57c       0x24 /usr/lib/gcc/arm-none-eabi/9.2.1/../../../arm-none-eabi/lib/thumb/v6-m/nofp/libg.a(lib_a-isattyr.o)
                0x000000001000d57c                _isatty_r
 .text          0x000000001000d5a0       0xbc /usr/lib/gcc/arm-none-eabi/9.2.1/../../../arm-none-eabi/lib/thumb/v6-m/nofp/libg.a(lib_a-memmove.o)
                0x000000001000d5a0                memmove
 .text          0x000000001000d65c       0x10 /usr/lib/gcc/arm-none-eabi/9.2.1/../../../arm-none-eabi/lib/thumb/v6-m/nofp/libnosys.a(close.o)
                0x000000001000d65c                _close
 .text          0x000000001000d66c       0x10 /usr/lib/gcc/arm-none-eabi/9.2.1/../../../arm-none-eabi/lib/thumb/v6-m/nofp/libnosys.a(fstat.o)
                0x000000001000d66c                _fstat
 .text          0x000000001000d67c       0x10 /usr/lib/gcc/arm-none-eabi/9.2.1/../../../arm-none-eabi/lib/thumb/v6-m/nofp/libnosys.a(isatty.o)
                0x000000001000d67c                _isatty
 .text          0x000000001000d68c       0x10 /usr/lib/gcc/arm-none-eabi/9.2.1/../../../arm-none-eabi/lib/thumb/v6-m/nofp/libnosys.a(lseek.o)
                0x000000001000d68c                _lseek
 *(.fini)
 .fini          0x000000001000d69c        0x4 /usr/lib/gcc/arm-none-eabi/9.2.1/thumb/v6-m/nofp/crti.o
                0x000000001000d69c                _fini
 .fini.__stub   0x000000001000d6a0       0x70 linker stubs
 *crtbegin.o(.ctors)
 *crtbegin?.o(.ctors)
 *(EXCLUDE_FILE(*crtend.o *crtend?.o) .ctors)
 *(SORT_BY_NAME(.ctors.*))
 *(.ctors)
 *crtbegin.o(.dtors)
 *crtbegin?.o(.dtors)
 *(EXCLUDE_FILE(*crtend.o *crtend?.o) .dtors)
 *(SORT_BY_NAME(.dtors.*))
 *(.dtors)
 *(.eh_frame*)
 .eh_frame      0x000000001000d710        0x0 /usr/lib/gcc/arm-none-eabi/9.2.1/thumb/v6-m/nofp/crtbegin.o
                0x000000001000d710                . = ALIGN (0x4)

.glue_7         0x000000001000d710        0x0
 .glue_7        0x000000001000d710        0x0 linker stubs

.glue_7t        0x000000001000d710        0x0
 .glue_7t       0x000000001000d710        0x0 linker stubs

.vfp11_veneer   0x000000001000d710        0x0
 .vfp11_veneer  0x000000001000d710        0x0 linker stubs

.v4_bx          0x000000001000d710        0x0
 .v4_bx         0x000000001000d710        0x0 linker stubs

.iplt           0x000000001000d710        0x0
 .iplt          0x000000001000d710        0x0 /usr/lib/gcc/arm-none-eabi/9.2.1/thumb/v6-m/nofp/crtbegin.o

.rodata         0x000000001000d710     0x21f4
 *(EXCLUDE_FILE(*libm.a: *libc.a:*lib_a-mem*.o *libgcc.a:) .rodata*)
 .rodata.error_handler.str1.4
                0x000000001000d710       0x1d CMakeFiles/stazione_meteo.dir/stazione_meteo.c.obj
 *fill*         0x000000001000d72d        0x3 
 .rodata.main.str1.4
                0x000000001000d730       0xca CMakeFiles/stazione_meteo.dir/stazione_meteo.c.obj
 *fill*         0x000000001000d7fa        0x2 
 .rodata.read_hum_sensor.str1.4
                0x000000001000d7fc       0x66 CMakeFiles/stazione_meteo.dir/stazione_meteo.c.obj
 *fill*         0x000000001000d862        0x2 
 .rodata.AHT20_init.str1.4
                0x000000001000d864        0x6 CMakeFiles/stazione_meteo.dir/aht20_lib.c.obj
 *fill*         0x000000001000d86a        0x2 
 .rodata.aht20_read_trig.str1.4
                0x000000001000d86c       0x61 CMakeFiles/stazione_meteo.dir/aht20_lib.c.obj
 *fill*         0x000000001000d8cd        0x3 
 .rodata.__func__.5424
                0x000000001000d8d0       0x15 CMakeFiles/stazione_meteo.dir/aht20_lib.c.obj
 *fill*         0x000000001000d8e5        0x3 
 .rodata.spin_lock_claim_unused.str1.4
                0x000000001000d8e8       0x1b CMakeFiles/stazione_meteo.dir/home/simone/pico/pico-sdk/src/rp2_common/hardware_sync/sync.c.obj
 *fill*         0x000000001000d903        0x1 
 .rodata.repeating_timer_callback.str1.4
                0x000000001000d904       0x4b CMakeFiles/stazione_meteo.dir/home/simone/pico/pico-sdk/src/common/pico_time/time.c.obj
 *fill*         0x000000001000d94f        0x1 
 .rodata.alarm_pool_dump_key.str1.4
                0x000000001000d950       0x33 CMakeFiles/stazione_meteo.dir/home/simone/pico/pico-sdk/src/common/pico_time/time.c.obj
 *fill*         0x000000001000d983        0x1 
 .rodata.ph_add_child_node.str1.4
                0x000000001000d984       0x96 CMakeFiles/stazione_meteo.dir/home/simone/pico/pico-sdk/src/common/pico_time/time.c.obj
 *fill*         0x000000001000da1a        0x2 
 .rodata.add_alarm_under_lock.str1.4
                0x000000001000da1c       0x28 CMakeFiles/stazione_meteo.dir/home/simone/pico/pico-sdk/src/common/pico_time/time.c.obj
                                         0x2b (size before relaxing)
 .rodata.alarm_pool_alarm_callback.str1.4
                0x000000001000da44       0x82 CMakeFiles/stazione_meteo.dir/home/simone/pico/pico-sdk/src/common/pico_time/time.c.obj
                                         0xe6 (size before relaxing)
 *fill*         0x000000001000dac6        0x2 
 .rodata.alarm_pool_get_default.str1.4
                0x000000001000dac8       0x21 CMakeFiles/stazione_meteo.dir/home/simone/pico/pico-sdk/src/common/pico_time/time.c.obj
 *fill*         0x000000001000dae9        0x3 
 .rodata.alarm_pool_cancel_alarm.str1.4
                0x000000001000daec       0x27 CMakeFiles/stazione_meteo.dir/home/simone/pico/pico-sdk/src/common/pico_time/time.c.obj
 *fill*         0x000000001000db13        0x1 
 .rodata.sleep_until.str1.4
                0x000000001000db14       0x4d CMakeFiles/stazione_meteo.dir/home/simone/pico/pico-sdk/src/common/pico_time/time.c.obj
 *fill*         0x000000001000db61        0x3 
 .rodata.__func__.5701
                0x000000001000db64       0x15 CMakeFiles/stazione_meteo.dir/home/simone/pico/pico-sdk/src/common/pico_time/time.c.obj
 *fill*         0x000000001000db79        0x3 
 .rodata.__func__.6002
                0x000000001000db7c        0xc CMakeFiles/stazione_meteo.dir/home/simone/pico/pico-sdk/src/common/pico_time/time.c.obj
 .rodata.__func__.6009
                0x000000001000db88       0x12 CMakeFiles/stazione_meteo.dir/home/simone/pico/pico-sdk/src/common/pico_time/time.c.obj
 *fill*         0x000000001000db9a        0x2 
 .rodata.__func__.6025
                0x000000001000db9c        0xf CMakeFiles/stazione_meteo.dir/home/simone/pico/pico-sdk/src/common/pico_time/time.c.obj
 *fill*         0x000000001000dbab        0x1 
 .rodata.__func__.6047
                0x000000001000dbac        0xd CMakeFiles/stazione_meteo.dir/home/simone/pico/pico-sdk/src/common/pico_time/time.c.obj
 *fill*         0x000000001000dbb9        0x3 
 .rodata.__func__.6248
                0x000000001000dbbc        0xa CMakeFiles/stazione_meteo.dir/home/simone/pico/pico-sdk/src/common/pico_time/time.c.obj
 *fill*         0x000000001000dbc6        0x2 
 .rodata.__func__.6253
                0x000000001000dbc8       0x12 CMakeFiles/stazione_meteo.dir/home/simone/pico/pico-sdk/src/common/pico_time/time.c.obj
 *fill*         0x000000001000dbda        0x2 
 .rodata.__func__.6268
                0x000000001000dbdc       0x17 CMakeFiles/stazione_meteo.dir/home/simone/pico/pico-sdk/src/common/pico_time/time.c.obj
 *fill*         0x000000001000dbf3        0x1 
 .rodata.__func__.6279
                0x000000001000dbf4       0x15 CMakeFiles/stazione_meteo.dir/home/simone/pico/pico-sdk/src/common/pico_time/time.c.obj
 *fill*         0x000000001000dc09        0x3 