Archive member included to satisfy reference by file (symbol)

/usr/lib/gcc/arm-none-eabi/9.2.1/thumb/v6-m/nofp/libgcc.a(_dvmd_tls.o)
                              CMakeFiles/ProjectName.dir/home/simone/pico/pico-sdk/src/rp2_common/pico_divider/divider.S.obj (__aeabi_idiv0)
/usr/lib/gcc/arm-none-eabi/9.2.1/../../../arm-none-eabi/lib/thumb/v6-m/nofp/libg.a(lib_a-atexit.o)
                              /usr/lib/gcc/arm-none-eabi/9.2.1/../../../arm-none-eabi/lib/thumb/v6-m/nofp/crt0.o (atexit)
/usr/lib/gcc/arm-none-eabi/9.2.1/../../../arm-none-eabi/lib/thumb/v6-m/nofp/libg.a(lib_a-calloc.o)
                              CMakeFiles/ProjectName.dir/home/simone/pico/pico-sdk/src/rp2_common/pico_malloc/pico_malloc.c.obj (calloc)
/usr/lib/gcc/arm-none-eabi/9.2.1/../../../arm-none-eabi/lib/thumb/v6-m/nofp/libg.a(lib_a-callocr.o)
                              /usr/lib/gcc/arm-none-eabi/9.2.1/../../../arm-none-eabi/lib/thumb/v6-m/nofp/libg.a(lib_a-calloc.o) (_calloc_r)
/usr/lib/gcc/arm-none-eabi/9.2.1/../../../arm-none-eabi/lib/thumb/v6-m/nofp/libg.a(lib_a-ctype_.o)
                              CMakeFiles/ProjectName.dir/home/simone/pico/pico-sdk/lib/tinyusb/src/tusb.c.obj (_ctype_)
/usr/lib/gcc/arm-none-eabi/9.2.1/../../../arm-none-eabi/lib/thumb/v6-m/nofp/libg.a(lib_a-fini.o)
                              /usr/lib/gcc/arm-none-eabi/9.2.1/../../../arm-none-eabi/lib/thumb/v6-m/nofp/crt0.o (__libc_fini_array)
/usr/lib/gcc/arm-none-eabi/9.2.1/../../../arm-none-eabi/lib/thumb/v6-m/nofp/libg.a(lib_a-impure.o)
                              /usr/lib/gcc/arm-none-eabi/9.2.1/../../../arm-none-eabi/lib/thumb/v6-m/nofp/libg.a(lib_a-calloc.o) (_impure_ptr)
/usr/lib/gcc/arm-none-eabi/9.2.1/../../../arm-none-eabi/lib/thumb/v6-m/nofp/libg.a(lib_a-init.o)
                              /usr/lib/gcc/arm-none-eabi/9.2.1/../../../arm-none-eabi/lib/thumb/v6-m/nofp/crt0.o (__libc_init_array)
/usr/lib/gcc/arm-none-eabi/9.2.1/../../../arm-none-eabi/lib/thumb/v6-m/nofp/libg.a(lib_a-malloc.o)
                              CMakeFiles/ProjectName.dir/home/simone/pico/pico-sdk/src/rp2_common/pico_malloc/pico_malloc.c.obj (malloc)
/usr/lib/gcc/arm-none-eabi/9.2.1/../../../arm-none-eabi/lib/thumb/v6-m/nofp/libg.a(lib_a-mallocr.o)
                              /usr/lib/gcc/arm-none-eabi/9.2.1/../../../arm-none-eabi/lib/thumb/v6-m/nofp/libg.a(lib_a-callocr.o) (_malloc_r)
/usr/lib/gcc/arm-none-eabi/9.2.1/../../../arm-none-eabi/lib/thumb/v6-m/nofp/libg.a(lib_a-mlock.o)
                              /usr/lib/gcc/arm-none-eabi/9.2.1/../../../arm-none-eabi/lib/thumb/v6-m/nofp/libg.a(lib_a-mallocr.o) (__malloc_lock)
/usr/lib/gcc/arm-none-eabi/9.2.1/../../../arm-none-eabi/lib/thumb/v6-m/nofp/libg.a(lib_a-sbrkr.o)
                              /usr/lib/gcc/arm-none-eabi/9.2.1/../../../arm-none-eabi/lib/thumb/v6-m/nofp/libg.a(lib_a-mallocr.o) (_sbrk_r)
/usr/lib/gcc/arm-none-eabi/9.2.1/../../../arm-none-eabi/lib/thumb/v6-m/nofp/libg.a(lib_a-strlen-stub.o)
                              CMakeFiles/ProjectName.dir/home/simone/pico/pico-sdk/src/rp2_common/pico_stdio/stdio.c.obj (strlen)
/usr/lib/gcc/arm-none-eabi/9.2.1/../../../arm-none-eabi/lib/thumb/v6-m/nofp/libg.a(lib_a-__atexit.o)
                              /usr/lib/gcc/arm-none-eabi/9.2.1/../../../arm-none-eabi/lib/thumb/v6-m/nofp/libg.a(lib_a-atexit.o) (__register_exitproc)
/usr/lib/gcc/arm-none-eabi/9.2.1/../../../arm-none-eabi/lib/thumb/v6-m/nofp/libg.a(lib_a-freer.o)
                              /usr/lib/gcc/arm-none-eabi/9.2.1/../../../arm-none-eabi/lib/thumb/v6-m/nofp/libg.a(lib_a-malloc.o) (_free_r)
/usr/lib/gcc/arm-none-eabi/9.2.1/../../../arm-none-eabi/lib/thumb/v6-m/nofp/libg.a(lib_a-reent.o)
                              /usr/lib/gcc/arm-none-eabi/9.2.1/../../../arm-none-eabi/lib/thumb/v6-m/nofp/libg.a(lib_a-sbrkr.o) (errno)

Allocating common symbols
Common symbol       size              file

sf_table            0x100             CMakeFiles/ProjectName.dir/home/simone/pico/pico-sdk/src/rp2_common/pico_float/float_init_rom.c.obj
errno               0x4               /usr/lib/gcc/arm-none-eabi/9.2.1/../../../arm-none-eabi/lib/thumb/v6-m/nofp/libg.a(lib_a-reent.o)
_usbd_qdef_buf      0xc0              CMakeFiles/ProjectName.dir/home/simone/pico/pico-sdk/lib/tinyusb/src/device/usbd.c.obj
sf_clz_func         0x4               CMakeFiles/ProjectName.dir/home/simone/pico/pico-sdk/src/rp2_common/pico_float/float_init_rom.c.obj
sd_table            0x100             CMakeFiles/ProjectName.dir/home/simone/pico/pico-sdk/src/rp2_common/pico_double/double_init_rom.c.obj
uart_char_to_line_feed
                    0x4               CMakeFiles/ProjectName.dir/home/simone/pico/pico-sdk/src/rp2_common/hardware_uart/uart.c.obj

Discarded input sections

 .text          0x0000000000000000        0x0 /usr/lib/gcc/arm-none-eabi/9.2.1/thumb/v6-m/nofp/crti.o
 .data          0x0000000000000000        0x0 /usr/lib/gcc/arm-none-eabi/9.2.1/thumb/v6-m/nofp/crti.o
[...]
Memory Configuration

Name             Origin             Length             Attributes
FLASH            0x0000000010000000 0x0000000000200000 xr
RAM              0x0000000020000000 0x0000000000040000 xrw
SCRATCH_X        0x0000000020040000 0x0000000000001000 xrw
SCRATCH_Y        0x0000000020041000 0x0000000000001000 xrw
*default*        0x0000000000000000 0xffffffffffffffff

Linker script and memory map

LOAD /usr/lib/gcc/arm-none-eabi/9.2.1/thumb/v6-m/nofp/crti.o
LOAD /usr/lib/gcc/arm-none-eabi/9.2.1/thumb/v6-m/nofp/crtbegin.o
LOAD /usr/lib/gcc/arm-none-eabi/9.2.1/../../../arm-none-eabi/lib/thumb/v6-m/nofp/crt0.o

.flash_begin    0x0000000010000000        0x0
                0x0000000010000000                __flash_binary_start = .

.boot2          0x0000000010000000      0x100
                0x0000000010000000                __boot2_start__ = .
 *(.boot2)
 .boot2         0x0000000010000000      0x100 /tmp/ccGHHZoi.o
                0x0000000010000100                __boot2_end__ = .
                0x0000000000000001                ASSERT (((__boot2_end__ - __boot2_start__) == 0x100), ERROR: Pico second stage bootloader must be 256 bytes in size)

.text           0x0000000010000100     0x6de0
                0x0000000010000100                __logical_binary_start = .
 *(.vectors)
 .vectors       0x0000000010000100       0xd4 CMakeFiles/ProjectName.dir/home/simone/pico/pico-sdk/src/rp2_common/pico_standard_link/crt0.S.obj
                0x0000000010000100                __vectors
                0x0000000010000100                __VECTOR_TABLE
                0x00000000100001c0                isr_invalid
                0x00000000100001c0                __default_isrs_start
                0x00000000100001c2                isr_nmi
                0x00000000100001c4                isr_hardfault
                0x00000000100001c6                isr_svcall
                0x00000000100001c8                isr_pendsv
                0x00000000100001ca                isr_systick
                0x00000000100001cc                isr_irq30
                0x00000000100001cc                __unhandled_user_irq
                0x00000000100001cc                isr_irq13
                0x00000000100001cc                isr_irq27
                0x00000000100001cc                isr_irq31
                0x00000000100001cc                isr_irq5
                0x00000000100001cc                isr_irq11
                0x00000000100001cc                isr_irq23
                0x00000000100001cc                isr_irq18
                0x00000000100001cc                isr_irq28
                0x00000000100001cc                isr_irq19
                0x00000000100001cc                isr_irq0
                0x00000000100001cc                isr_irq6
                0x00000000100001cc                isr_irq22
                0x00000000100001cc                isr_irq17
                0x00000000100001cc                isr_irq14
                0x00000000100001cc                isr_irq2
                0x00000000100001cc                isr_irq10
                0x00000000100001cc                isr_irq8
                0x00000000100001cc                isr_irq24
                0x00000000100001cc                isr_irq1
                0x00000000100001cc                isr_irq7
                0x00000000100001cc                isr_irq21
                0x00000000100001cc                isr_irq20
                0x00000000100001cc                isr_irq15
                0x00000000100001cc                isr_irq25
                0x00000000100001cc                isr_irq4
                0x00000000100001cc                isr_irq16
                0x00000000100001cc                isr_irq29
                0x00000000100001cc                isr_irq26
                0x00000000100001cc                __default_isrs_end
                0x00000000100001cc                isr_irq3
                0x00000000100001cc                isr_irq12
                0x00000000100001cc                isr_irq9
                0x00000000100001d2                unhandled_user_irq_num_in_r0
 *(.binary_info_header)
 .binary_info_header
                0x00000000100001d4       0x14 CMakeFiles/ProjectName.dir/home/simone/pico/pico-sdk/src/rp2_common/pico_standard_link/crt0.S.obj
                0x00000000100001e8                __binary_info_header_end = .
 *(.reset)
 .reset         0x00000000100001e8       0xa8 CMakeFiles/ProjectName.dir/home/simone/pico/pico-sdk/src/rp2_common/pico_standard_link/crt0.S.obj
                0x00000000100001e8                _entry_point
                0x0000000010000266                __get_current_exception
 .reset         0x0000000010000290       0x30 CMakeFiles/ProjectName.dir/home/simone/pico/pico-sdk/src/rp2_common/pico_standard_link/binary_info.c.obj
 *(.init)
 .init          0x00000000100002c0        0x4 /usr/lib/gcc/arm-none-eabi/9.2.1/thumb/v6-m/nofp/crti.o
                0x00000000100002c0                _init
 *(EXCLUDE_FILE(*libm.a: *libc.a:*lib_a-mem*.o *libgcc.a:) .text*)
 .text          0x00000000100002c4       0x98 /usr/lib/gcc/arm-none-eabi/9.2.1/thumb/v6-m/nofp/crtbegin.o
 .text.alarm_callback
                0x000000001000035c        0x6 CMakeFiles/ProjectName.dir/ProjectName.c.obj
                0x000000001000035c                alarm_callback
 *fill*         0x0000000010000362        0x2 
 .text.main     0x0000000010000364       0x84 CMakeFiles/ProjectName.dir/ProjectName.c.obj
                0x0000000010000364                main
 .text.hw_claim_lock
                0x00000000100003e8       0x18 CMakeFiles/ProjectName.dir/home/simone/pico/pico-sdk/src/rp2_common/hardware_claim/claim.c.obj
                0x00000000100003e8                hw_claim_lock
 .text.hw_claim_unlock
                0x0000000010000400       0x14 CMakeFiles/ProjectName.dir/home/simone/pico/pico-sdk/src/rp2_common/hardware_claim/claim.c.obj
                0x0000000010000400                hw_claim_unlock
 .text.hw_claim_or_assert
                0x0000000010000414       0x32 CMakeFiles/ProjectName.dir/home/simone/pico/pico-sdk/src/rp2_common/hardware_claim/claim.c.obj
                0x0000000010000414                hw_claim_or_assert
 .text.hw_claim_unused_from_range
                0x0000000010000446       0x50 CMakeFiles/ProjectName.dir/home/simone/pico/pico-sdk/src/rp2_common/hardware_claim/claim.c.obj
                0x0000000010000446                hw_claim_unused_from_range
 *fill*         0x0000000010000496        0x2 
 .text.running_on_fpga
                0x0000000010000498       0x14 CMakeFiles/ProjectName.dir/home/simone/pico/pico-sdk/src/rp2_common/pico_platform/platform.c.obj
                0x0000000010000498                running_on_fpga
 .text.spin_locks_reset
                0x00000000100004ac       0x20 CMakeFiles/ProjectName.dir/home/simone/pico/pico-sdk/src/rp2_common/hardware_sync/sync.c.obj
                0x00000000100004ac                spin_locks_reset
 .text.next_striped_spin_lock_num
                0x00000000100004cc       0x1c CMakeFiles/ProjectName.dir/home/simone/pico/pico-sdk/src/rp2_common/hardware_sync/sync.c.obj
                0x00000000100004cc                next_striped_spin_lock_num
 .text.spin_lock_claim_unused
                0x00000000100004e8       0x20 CMakeFiles/ProjectName.dir/home/simone/pico/pico-sdk/src/rp2_common/hardware_sync/sync.c.obj
                0x00000000100004e8                spin_lock_claim_unused
 .text.alarm_pool_post_alloc_init
                0x0000000010000508       0x40 CMakeFiles/ProjectName.dir/home/simone/pico/pico-sdk/src/common/pico_time/time.c.obj
 .text.sleep_until_callback
                0x0000000010000548       0x30 CMakeFiles/ProjectName.dir/home/simone/pico/pico-sdk/src/common/pico_time/time.c.obj
 .text.timer_pool_entry_comparator
                0x0000000010000578       0x7c CMakeFiles/ProjectName.dir/home/simone/pico/pico-sdk/src/common/pico_time/time.c.obj
                0x0000000010000578                timer_pool_entry_comparator
 .text.ph_add_child_node
                0x00000000100005f4       0xa4 CMakeFiles/ProjectName.dir/home/simone/pico/pico-sdk/src/common/pico_time/time.c.obj
 .text.ph_merge_nodes
                0x0000000010000698       0x3e CMakeFiles/ProjectName.dir/home/simone/pico/pico-sdk/src/common/pico_time/time.c.obj
 *fill*         0x00000000100006d6        0x2 
 .text.add_alarm_under_lock
                0x00000000100006d8      0x174 CMakeFiles/ProjectName.dir/home/simone/pico/pico-sdk/src/common/pico_time/time.c.obj
 .text.alarm_pool_alarm_callback
                0x000000001000084c      0x32c CMakeFiles/ProjectName.dir/home/simone/pico/pico-sdk/src/common/pico_time/time.c.obj
 .text.alarm_pool_init_default
                0x0000000010000b78       0x38 CMakeFiles/ProjectName.dir/home/simone/pico/pico-sdk/src/common/pico_time/time.c.obj
                0x0000000010000b78                alarm_pool_init_default
 .text.alarm_pool_get_default
                0x0000000010000bb0       0x2c CMakeFiles/ProjectName.dir/home/simone/pico/pico-sdk/src/common/pico_time/time.c.obj
                0x0000000010000bb0                alarm_pool_get_default
 .text.alarm_pool_add_alarm_at
                0x0000000010000bdc      0x170 CMakeFiles/ProjectName.dir/home/simone/pico/pico-sdk/src/common/pico_time/time.c.obj
                0x0000000010000bdc                alarm_pool_add_alarm_at
 .text.alarm_pool_cancel_alarm
                0x0000000010000d4c       0xec CMakeFiles/ProjectName.dir/home/simone/pico/pico-sdk/src/common/pico_time/time.c.obj
                0x0000000010000d4c                alarm_pool_cancel_alarm
 .text.best_effort_wfe_or_timeout
                0x0000000010000e38       0x80 CMakeFiles/ProjectName.dir/home/simone/pico/pico-sdk/src/common/pico_time/time.c.obj
                0x0000000010000e38                best_effort_wfe_or_timeout
 .text.hardware_alarm_irq_handler
                0x0000000010000eb8       0x8c CMakeFiles/ProjectName.dir/home/simone/pico/pico-sdk/src/rp2_common/hardware_timer/timer.c.obj
 .text.hardware_alarm_claim
                0x0000000010000f44       0x18 CMakeFiles/ProjectName.dir/home/simone/pico/pico-sdk/src/rp2_common/hardware_timer/timer.c.obj
                0x0000000010000f44                hardware_alarm_claim
 .text.time_us_64
                0x0000000010000f5c       0x18 CMakeFiles/ProjectName.dir/home/simone/pico/pico-sdk/src/rp2_common/hardware_timer/timer.c.obj
                0x0000000010000f5c                time_us_64
 .text.hardware_alarm_set_callback
                0x0000000010000f74       0x90 CMakeFiles/ProjectName.dir/home/simone/pico/pico-sdk/src/rp2_common/hardware_timer/timer.c.obj
                0x0000000010000f74                hardware_alarm_set_callback
 .text.hardware_alarm_set_target
                0x0000000010001004       0xe8 CMakeFiles/ProjectName.dir/home/simone/pico/pico-sdk/src/rp2_common/hardware_timer/timer.c.obj
                0x0000000010001004                hardware_alarm_set_target
 .text.hardware_alarm_cancel
                0x00000000100010ec       0x40 CMakeFiles/ProjectName.dir/home/simone/pico/pico-sdk/src/rp2_common/hardware_timer/timer.c.obj
                0x00000000100010ec                hardware_alarm_cancel
 .text.lock_init
                0x000000001000112c       0x10 CMakeFiles/ProjectName.dir/home/simone/pico/pico-sdk/src/common/pico_sync/lock_core.c.obj
                0x000000001000112c                lock_init
 .text.mutex_init_internal
                0x000000001000113c       0x1e CMakeFiles/ProjectName.dir/home/simone/pico/pico-sdk/src/common/pico_sync/mutex.c.obj
 .text.mutex_init
                0x000000001000115a        0xa CMakeFiles/ProjectName.dir/home/simone/pico/pico-sdk/src/common/pico_sync/mutex.c.obj
                0x000000001000115a                mutex_init
 .text.recursive_mutex_init
                0x0000000010001164        0xa CMakeFiles/ProjectName.dir/home/simone/pico/pico-sdk/src/common/pico_sync/mutex.c.obj
                0x0000000010001164                recursive_mutex_init
 *fill*         0x000000001000116e        0x2 
 .text.critical_section_init_with_lock_num
                0x0000000010001170       0x14 CMakeFiles/ProjectName.dir/home/simone/pico/pico-sdk/src/common/pico_sync/critical_section.c.obj
                0x0000000010001170                critical_section_init_with_lock_num
 .text.critical_section_init
                0x0000000010001184       0x14 CMakeFiles/ProjectName.dir/home/simone/pico/pico-sdk/src/common/pico_sync/critical_section.c.obj
                0x0000000010001184                critical_section_init
 .text.ph_add_child_node
                0x0000000010001198       0xa4 CMakeFiles/ProjectName.dir/home/simone/pico/pico-sdk/src/common/pico_util/pheap.c.obj
 .text.ph_merge_nodes
                0x000000001000123c       0x3e CMakeFiles/ProjectName.dir/home/simone/pico/pico-sdk/src/common/pico_util/pheap.c.obj
 *fill*         0x000000001000127a        0x2 
 .text.ph_clear
                0x000000001000127c       0x70 CMakeFiles/ProjectName.dir/home/simone/pico/pico-sdk/src/common/pico_util/pheap.c.obj
                0x000000001000127c                ph_clear
 .text.ph_post_alloc_init
                0x00000000100012ec        0xe CMakeFiles/ProjectName.dir/home/simone/pico/pico-sdk/src/common/pico_util/pheap.c.obj
                0x00000000100012ec                ph_post_alloc_init
 *fill*         0x00000000100012fa        0x2 
 .text.ph_merge_two_pass
                0x00000000100012fc       0xa8 CMakeFiles/ProjectName.dir/home/simone/pico/pico-sdk/src/common/pico_util/pheap.c.obj
                0x00000000100012fc                ph_merge_two_pass
 .text.ph_remove_any_head
                0x00000000100013a4      0x108 CMakeFiles/ProjectName.dir/home/simone/pico/pico-sdk/src/common/pico_util/pheap.c.obj
 .text.ph_remove_head
                0x00000000100014ac       0x14 CMakeFiles/ProjectName.dir/home/simone/pico/pico-sdk/src/common/pico_util/pheap.c.obj
                0x00000000100014ac                ph_remove_head
 .text.ph_remove_and_free_node
                0x00000000100014c0       0xf8 CMakeFiles/ProjectName.dir/home/simone/pico/pico-sdk/src/common/pico_util/pheap.c.obj
                0x00000000100014c0                ph_remove_and_free_node
 .text.runtime_init
                0x00000000100015b8       0xd8 CMakeFiles/ProjectName.dir/home/simone/pico/pico-sdk/src/rp2_common/pico_runtime/runtime.c.obj
                0x00000000100015b8                runtime_init
 .text._exit    0x0000000010001690        0x4 CMakeFiles/ProjectName.dir/home/simone/pico/pico-sdk/src/rp2_common/pico_runtime/runtime.c.obj
                0x0000000010001690                _exit
 .text.exit     0x0000000010001694        0x6 CMakeFiles/ProjectName.dir/home/simone/pico/pico-sdk/src/rp2_common/pico_runtime/runtime.c.obj
                0x0000000010001694                exit
 *fill*         0x000000001000169a        0x2 
 .text.__assert_func
                0x000000001000169c       0x3c CMakeFiles/ProjectName.dir/home/simone/pico/pico-sdk/src/rp2_common/pico_runtime/runtime.c.obj
                0x000000001000169c                __assert_func
 .text.panic    0x00000000100016d8       0x30 CMakeFiles/ProjectName.dir/home/simone/pico/pico-sdk/src/rp2_common/pico_runtime/runtime.c.obj
                0x00000000100016d8                panic
 .text.clock_configure
                0x0000000010001708      0x104 CMakeFiles/ProjectName.dir/home/simone/pico/pico-sdk/src/rp2_common/hardware_clocks/clocks.c.obj
                0x0000000010001708                clock_configure
 .text.clocks_init
                0x000000001000180c      0x100 CMakeFiles/ProjectName.dir/home/simone/pico/pico-sdk/src/rp2_common/hardware_clocks/clocks.c.obj
                0x000000001000180c                clocks_init
 .text.set_raw_irq_handler_and_unlock
                0x000000001000190c       0x28 CMakeFiles/ProjectName.dir/home/simone/pico/pico-sdk/src/rp2_common/hardware_irq/irq.c.obj
 .text.make_branch
                0x0000000010001934       0x34 CMakeFiles/ProjectName.dir/home/simone/pico/pico-sdk/src/rp2_common/hardware_irq/irq.c.obj
 .text.insert_branch_and_link
                0x0000000010001968       0x40 CMakeFiles/ProjectName.dir/home/simone/pico/pico-sdk/src/rp2_common/hardware_irq/irq.c.obj
 .text.irq_is_enabled
                0x00000000100019a8       0x18 CMakeFiles/ProjectName.dir/home/simone/pico/pico-sdk/src/rp2_common/hardware_irq/irq.c.obj
                0x00000000100019a8                irq_is_enabled
 .text.irq_set_mask_enabled
                0x00000000100019c0       0x20 CMakeFiles/ProjectName.dir/home/simone/pico/pico-sdk/src/rp2_common/hardware_irq/irq.c.obj
                0x00000000100019c0                irq_set_mask_enabled
 .text.irq_set_enabled
                0x00000000100019e0        0xe CMakeFiles/ProjectName.dir/home/simone/pico/pico-sdk/src/rp2_common/hardware_irq/irq.c.obj
                0x00000000100019e0                irq_set_enabled
 *fill*         0x00000000100019ee        0x2 
 .text.irq_set_pending
                0x00000000100019f0       0x10 CMakeFiles/ProjectName.dir/home/simone/pico/pico-sdk/src/rp2_common/hardware_irq/irq.c.obj
                0x00000000100019f0                irq_set_pending
 .text.irq_get_vtable_handler
                0x0000000010001a00       0x10 CMakeFiles/ProjectName.dir/home/simone/pico/pico-sdk/src/rp2_common/hardware_irq/irq.c.obj
                0x0000000010001a00                irq_get_vtable_handler
 .text.irq_set_exclusive_handler
                0x0000000010001a10       0x54 CMakeFiles/ProjectName.dir/home/simone/pico/pico-sdk/src/rp2_common/hardware_irq/irq.c.obj
                0x0000000010001a10                irq_set_exclusive_handler
 .text.irq_remove_handler
                0x0000000010001a64      0x1ac CMakeFiles/ProjectName.dir/home/simone/pico/pico-sdk/src/rp2_common/hardware_irq/irq.c.obj
                0x0000000010001a64                irq_remove_handler
 .text.irq_set_priority
                0x0000000010001c10       0x28 CMakeFiles/ProjectName.dir/home/simone/pico/pico-sdk/src/rp2_common/hardware_irq/irq.c.obj
                0x0000000010001c10                irq_set_priority
 .text.irq_add_tail_to_free_list
                0x0000000010001c38       0xf0 CMakeFiles/ProjectName.dir/home/simone/pico/pico-sdk/src/rp2_common/hardware_irq/irq.c.obj
                0x0000000010001c38                irq_add_tail_to_free_list
 .text.irq_init_priorities
                0x0000000010001d28       0x16 CMakeFiles/ProjectName.dir/home/simone/pico/pico-sdk/src/rp2_common/hardware_irq/irq.c.obj
                0x0000000010001d28                irq_init_priorities
 *fill*         0x0000000010001d3e        0x2 
 .text.pll_init
                0x0000000010001d40      0x118 CMakeFiles/ProjectName.dir/home/simone/pico/pico-sdk/src/rp2_common/hardware_pll/pll.c.obj
                0x0000000010001d40                pll_init
 .text.watchdog_start_tick
                0x0000000010001e58       0x10 CMakeFiles/ProjectName.dir/home/simone/pico/pico-sdk/src/rp2_common/hardware_watchdog/watchdog.c.obj
                0x0000000010001e58                watchdog_start_tick
 .text.watchdog_update
                0x0000000010001e68       0x14 CMakeFiles/ProjectName.dir/home/simone/pico/pico-sdk/src/rp2_common/hardware_watchdog/watchdog.c.obj
                0x0000000010001e68                watchdog_update
 .text._watchdog_enable
                0x0000000010001e7c       0x70 CMakeFiles/ProjectName.dir/home/simone/pico/pico-sdk/src/rp2_common/hardware_watchdog/watchdog.c.obj
                0x0000000010001e7c                _watchdog_enable
 .text.watchdog_reboot
                0x0000000010001eec       0x48 CMakeFiles/ProjectName.dir/home/simone/pico/pico-sdk/src/rp2_common/hardware_watchdog/watchdog.c.obj
                0x0000000010001eec                watchdog_reboot
 .text.xosc_init
                0x0000000010001f34       0x28 CMakeFiles/ProjectName.dir/home/simone/pico/pico-sdk/src/rp2_common/hardware_xosc/xosc.c.obj
                0x0000000010001f34                xosc_init
 .text._out_null
                0x0000000010001f5c        0x2 CMakeFiles/ProjectName.dir/home/simone/pico/pico-sdk/src/rp2_common/pico_printf/printf.c.obj
 .text._out_fct
                0x0000000010001f5e        0xe CMakeFiles/ProjectName.dir/home/simone/pico/pico-sdk/src/rp2_common/pico_printf/printf.c.obj
 .text._atoi    0x0000000010001f6c       0x24 CMakeFiles/ProjectName.dir/home/simone/pico/pico-sdk/src/rp2_common/pico_printf/printf.c.obj
 .text._out_rev
                0x0000000010001f90       0xae CMakeFiles/ProjectName.dir/home/simone/pico/pico-sdk/src/rp2_common/pico_printf/printf.c.obj
 .text._ntoa_format
                0x000000001000203e      0x110 CMakeFiles/ProjectName.dir/home/simone/pico/pico-sdk/src/rp2_common/pico_printf/printf.c.obj
 .text._ntoa_long
                0x000000001000214e       0xbc CMakeFiles/ProjectName.dir/home/simone/pico/pico-sdk/src/rp2_common/pico_printf/printf.c.obj
 .text._ntoa_long_long
                0x000000001000220a       0xe2 CMakeFiles/ProjectName.dir/home/simone/pico/pico-sdk/src/rp2_common/pico_printf/printf.c.obj
 .text._etoa    0x00000000100022ec      0x40c CMakeFiles/ProjectName.dir/home/simone/pico/pico-sdk/src/rp2_common/pico_printf/printf.c.obj
 .text._ftoa    0x00000000100026f8      0x354 CMakeFiles/ProjectName.dir/home/simone/pico/pico-sdk/src/rp2_common/pico_printf/printf.c.obj
 .text._vsnprintf
                0x0000000010002a4c      0x628 CMakeFiles/ProjectName.dir/home/simone/pico/pico-sdk/src/rp2_common/pico_printf/printf.c.obj
 .text.vfctprintf
                0x0000000010003074       0x20 CMakeFiles/ProjectName.dir/home/simone/pico/pico-sdk/src/rp2_common/pico_printf/printf.c.obj
                0x0000000010003074                vfctprintf
 .text          0x0000000010003094       0x10 CMakeFiles/ProjectName.dir/home/simone/pico/pico-sdk/src/rp2_common/pico_bit_ops/bit_ops_aeabi.S.obj
 .text.rom_func_lookup
                0x00000000100030a4       0x10 CMakeFiles/ProjectName.dir/home/simone/pico/pico-sdk/src/rp2_common/pico_bootrom/bootrom.c.obj
                0x00000000100030a4                rom_func_lookup
 .text.rom_data_lookup
                0x00000000100030b4       0x10 CMakeFiles/ProjectName.dir/home/simone/pico/pico-sdk/src/rp2_common/pico_bootrom/bootrom.c.obj
                0x00000000100030b4                rom_data_lookup
 .text.rom_funcs_lookup
                0x00000000100030c4       0x36 CMakeFiles/ProjectName.dir/home/simone/pico/pico-sdk/src/rp2_common/pico_bootrom/bootrom.c.obj
                0x00000000100030c4                rom_funcs_lookup
 *fill*         0x00000000100030fa        0x2 
 .text.__wrap___aeabi_idiv
                0x00000000100030fc       0x50 CMakeFiles/ProjectName.dir/home/simone/pico/pico-sdk/src/rp2_common/pico_divider/divider.S.obj
                0x00000000100030fc                __wrap___aeabi_idivmod
                0x00000000100030fc                divmod_s32s32
                0x00000000100030fc                div_s32s32
                0x00000000100030fc                __wrap___aeabi_idiv
                0x0000000010003104                divmod_s32s32_unsafe
                0x0000000010003130                divmod_s32s32_savestate
 .text.__wrap___aeabi_uidiv
                0x000000001000314c       0x4c CMakeFiles/ProjectName.dir/home/simone/pico/pico-sdk/src/rp2_common/pico_divider/divider.S.obj
                0x000000001000314c                __wrap___aeabi_uidiv
                0x000000001000314c                __wrap___aeabi_uidivmod
                0x000000001000314c                div_u32u32
                0x000000001000314c                divmod_u32u32
                0x0000000010003154                divmod_u32u32_unsafe
                0x000000001000317c                divmod_u32u32_savestate
 .text.__wrap___aeabi_ldiv
                0x0000000010003198      0x430 CMakeFiles/ProjectName.dir/home/simone/pico/pico-sdk/src/rp2_common/pico_divider/divider.S.obj
                0x0000000010003198                div_s64s64
                0x0000000010003198                divmod_s64s64
                0x0000000010003198                __wrap___aeabi_ldivmod
                0x00000000100031d0                div_u64u64
                0x00000000100031d0                divmod_u64u64
                0x00000000100031d0                __wrap___aeabi_uldivmod
                0x00000000100031e0                divmod_u64u64_savestate
                0x0000000010003208                divmod_s64s64_unsafe
                0x0000000010003290                divmod_u64u64_unsafe
 .text.__wrap___aeabi_darithmetic
                0x00000000100035c8       0x80 CMakeFiles/ProjectName.dir/home/simone/pico/pico-sdk/src/rp2_common/pico_double/double_aeabi.S.obj
                0x00000000100035c8                __wrap___aeabi_drsub
                0x00000000100035ce                __wrap___aeabi_dsub
                0x00000000100035e0                __wrap___aeabi_dadd
                0x00000000100035f2                __wrap___aeabi_ddiv
                0x000000001000362e                __wrap___aeabi_dmul
 .text.__wrap___aeabi_cdcmple
                0x0000000010003648       0x6c CMakeFiles/ProjectName.dir/home/simone/pico/pico-sdk/src/rp2_common/pico_double/double_aeabi.S.obj
                0x0000000010003648                __wrap___aeabi_cdrcmple
                0x0000000010003658                __wrap___aeabi_cdcmple
                0x0000000010003658                __wrap___aeabi_cdcmpeq
 .text.__wrap___aeabi_dcmplt
                0x00000000100036b4        0xc CMakeFiles/ProjectName.dir/home/simone/pico/pico-sdk/src/rp2_common/pico_double/double_aeabi.S.obj
                0x00000000100036b4                __wrap___aeabi_dcmplt
 .text.__wrap___aeabi_dcmple
                0x00000000100036c0       0x10 CMakeFiles/ProjectName.dir/home/simone/pico/pico-sdk/src/rp2_common/pico_double/double_aeabi.S.obj
                0x00000000100036c0                __wrap___aeabi_dcmple
 .text.__wrap___aeabi_dcmpge
                0x00000000100036d0       0x10 CMakeFiles/ProjectName.dir/home/simone/pico/pico-sdk/src/rp2_common/pico_double/double_aeabi.S.obj
                0x00000000100036d0                __wrap___aeabi_dcmpge
 .text.__wrap___aeabi_dcmpgt
                0x00000000100036e0        0xa CMakeFiles/ProjectName.dir/home/simone/pico/pico-sdk/src/rp2_common/pico_double/double_aeabi.S.obj
                0x00000000100036e0                __wrap___aeabi_dcmpgt
 .text.__wrap___aeabi_dcmpun
                0x00000000100036ea       0x1c CMakeFiles/ProjectName.dir/home/simone/pico/pico-sdk/src/rp2_common/pico_double/double_aeabi.S.obj
                0x00000000100036ea                __wrap___aeabi_dcmpun
 *fill*         0x0000000010003706        0x2 
 .text.__wrap___aeabi_i2d
                0x0000000010003708       0x38 CMakeFiles/ProjectName.dir/home/simone/pico/pico-sdk/src/rp2_common/pico_double/double_aeabi.S.obj
                0x0000000010003708                __wrap___aeabi_ui2d
                0x0000000010003710                __wrap___aeabi_i2d
 .text.__wrap___aeabi_d2iz
                0x0000000010003740       0x48 CMakeFiles/ProjectName.dir/home/simone/pico/pico-sdk/src/rp2_common/pico_double/double_aeabi.S.obj
                0x0000000010003740                __wrap___aeabi_d2iz
                0x0000000010003740                double2int_z
 .text.__wrap___aeabi_d2uiz
                0x0000000010003788       0x18 CMakeFiles/ProjectName.dir/home/simone/pico/pico-sdk/src/rp2_common/pico_double/double_aeabi.S.obj
                0x0000000010003788                double2uint
                0x0000000010003788                __wrap___aeabi_d2uiz
 .text.__aeabi_double_init
                0x00000000100037a0       0xb4 CMakeFiles/ProjectName.dir/home/simone/pico/pico-sdk/src/rp2_common/pico_double/double_init_rom.c.obj
                0x00000000100037a0                __aeabi_double_init
 .text.double_table_shim_on_use_helper
                0x0000000010003854       0x34 CMakeFiles/ProjectName.dir/home/simone/pico/pico-sdk/src/rp2_common/pico_double/double_v1_rom_shim.S.obj
                0x0000000010003854                double_table_shim_on_use_helper
 .text.__wrap___aeabi_dsub
                0x0000000010003888       0x10 CMakeFiles/ProjectName.dir/home/simone/pico/pico-sdk/src/rp2_common/pico_double/double_v1_rom_shim.S.obj
                0x0000000010003888                drsub_shim
                0x000000001000388e                dsub_shim
 .text.dadd_shim
                0x0000000010003898      0x15c CMakeFiles/ProjectName.dir/home/simone/pico/pico-sdk/src/rp2_common/pico_double/double_v1_rom_shim.S.obj
                0x0000000010003898                dadd_shim
 .text.dmul_shim
                0x00000000100039f4      0x15c CMakeFiles/ProjectName.dir/home/simone/pico/pico-sdk/src/rp2_common/pico_double/double_v1_rom_shim.S.obj
                0x00000000100039f4                dmul_shim
 .text.ddiv_shim
                0x0000000010003b50      0x1b0 CMakeFiles/ProjectName.dir/home/simone/pico/pico-sdk/src/rp2_common/pico_double/double_v1_rom_shim.S.obj
                0x0000000010003b50                ddiv_shim
 .text.dcordic_rot_step
                0x0000000010003d00       0x7c CMakeFiles/ProjectName.dir/home/simone/pico/pico-sdk/src/rp2_common/pico_double/double_v1_rom_shim.S.obj
                0x0000000010003d00                dcordic_rot_step
 .text.double2uint_shim
                0x0000000010003d7c        0xe CMakeFiles/ProjectName.dir/home/simone/pico/pico-sdk/src/rp2_common/pico_double/double_v1_rom_shim.S.obj
                0x0000000010003d7c                double2uint_shim
                0x0000000010003d7e                double2ufix_shim
 *fill*         0x0000000010003d8a        0x2 
 .text.double2uint64_shim
                0x0000000010003d8c       0x6c CMakeFiles/ProjectName.dir/home/simone/pico/pico-sdk/src/rp2_common/pico_double/double_v1_rom_shim.S.obj
                0x0000000010003d8c                double2uint64_shim
                0x0000000010003d8e                double2ufix64_shim
                0x0000000010003da8                d2fix_a
 .text.dunpacks
                0x0000000010003df8       0x3c CMakeFiles/ProjectName.dir/home/simone/pico/pico-sdk/src/rp2_common/pico_double/double_v1_rom_shim.S.obj
                0x0000000010003df8                dunpacks
 .text.__aeabi_lmul
                0x0000000010003e34       0x32 CMakeFiles/ProjectName.dir/home/simone/pico/pico-sdk/src/rp2_common/pico_int64_ops/pico_int64_ops_aeabi.S.obj
                0x0000000010003e34                __wrap___aeabi_lmul
 *fill*         0x0000000010003e66        0x2 
 .text.__aeabi_float_init
                0x0000000010003e68       0xfc CMakeFiles/ProjectName.dir/home/simone/pico/pico-sdk/src/rp2_common/pico_float/float_init_rom.c.obj
                0x0000000010003e68                __aeabi_float_init
 .text.float_table_shim_on_use_helper
                0x0000000010003f64       0x34 CMakeFiles/ProjectName.dir/home/simone/pico/pico-sdk/src/rp2_common/pico_float/float_v1_rom_shim.S.obj
                0x0000000010003f64                float_table_shim_on_use_helper
 .text          0x0000000010003f98       0x10 CMakeFiles/ProjectName.dir/home/simone/pico/pico-sdk/src/rp2_common/pico_mem_ops/mem_ops_aeabi.S.obj
                0x0000000010003f98                __aeabi_mem_init
 .text.memset   0x0000000010003fa8        0xc CMakeFiles/ProjectName.dir/home/simone/pico/pico-sdk/src/rp2_common/pico_mem_ops/mem_ops_aeabi.S.obj
                0x0000000010003fa8                __wrap_memset
 .text.memcpy   0x0000000010003fb4        0xc CMakeFiles/ProjectName.dir/home/simone/pico/pico-sdk/src/rp2_common/pico_mem_ops/mem_ops_aeabi.S.obj
                0x0000000010003fb4                __wrap___aeabi_memcpy
                0x0000000010003fb4                __wrap_memcpy
 .text.stdio_out_chars_crlf
                0x0000000010003fc0       0x80 CMakeFiles/ProjectName.dir/home/simone/pico/pico-sdk/src/rp2_common/pico_stdio/stdio.c.obj
 .text.stdio_stack_buffer_flush
                0x0000000010004040       0x44 CMakeFiles/ProjectName.dir/home/simone/pico/pico-sdk/src/rp2_common/pico_stdio/stdio.c.obj
 .text.stdio_buffered_printer
                0x0000000010004084       0x24 CMakeFiles/ProjectName.dir/home/simone/pico/pico-sdk/src/rp2_common/pico_stdio/stdio.c.obj
 .text.stdout_serialize_begin
                0x00000000100040a8       0x30 CMakeFiles/ProjectName.dir/home/simone/pico/pico-sdk/src/rp2_common/pico_stdio/stdio.c.obj
                0x00000000100040a8                stdout_serialize_begin
 .text.stdout_serialize_end
                0x00000000100040d8       0x10 CMakeFiles/ProjectName.dir/home/simone/pico/pico-sdk/src/rp2_common/pico_stdio/stdio.c.obj
                0x00000000100040d8                stdout_serialize_end
 .text.stdio_put_string
                0x00000000100040e8       0x84 CMakeFiles/ProjectName.dir/home/simone/pico/pico-sdk/src/rp2_common/pico_stdio/stdio.c.obj
 .text.stdio_set_driver_enabled
                0x000000001000416c       0x38 CMakeFiles/ProjectName.dir/home/simone/pico/pico-sdk/src/rp2_common/pico_stdio/stdio.c.obj
                0x000000001000416c                stdio_set_driver_enabled
 .text.stdio_flush
                0x00000000100041a4       0x20 CMakeFiles/ProjectName.dir/home/simone/pico/pico-sdk/src/rp2_common/pico_stdio/stdio.c.obj
                0x00000000100041a4                stdio_flush
 .text.__wrap_puts
                0x00000000100041c4       0x1c CMakeFiles/ProjectName.dir/home/simone/pico/pico-sdk/src/rp2_common/pico_stdio/stdio.c.obj
                0x00000000100041c4                __wrap_puts
 .text.__wrap_vprintf
                0x00000000100041e0       0x48 CMakeFiles/ProjectName.dir/home/simone/pico/pico-sdk/src/rp2_common/pico_stdio/stdio.c.obj
                0x00000000100041e0                __wrap_vprintf
 .text.__wrap_printf
                0x0000000010004228       0x18 CMakeFiles/ProjectName.dir/home/simone/pico/pico-sdk/src/rp2_common/pico_stdio/stdio.c.obj
                0x0000000010004228                __wrap_printf
 .text.stdio_init_all
                0x0000000010004240        0x8 CMakeFiles/ProjectName.dir/home/simone/pico/pico-sdk/src/rp2_common/pico_stdio/stdio.c.obj
                0x0000000010004240                stdio_init_all
 .text.resetd_init
                0x0000000010004248        0x2 CMakeFiles/ProjectName.dir/home/simone/pico/pico-sdk/src/rp2_common/pico_stdio_usb/reset_interface.c.obj
 *fill*         0x000000001000424a        0x2 
 .text.resetd_reset
                0x000000001000424c        0xc CMakeFiles/ProjectName.dir/home/simone/pico/pico-sdk/src/rp2_common/pico_stdio_usb/reset_interface.c.obj
 .text.resetd_open
                0x0000000010004258       0x34 CMakeFiles/ProjectName.dir/home/simone/pico/pico-sdk/src/rp2_common/pico_stdio_usb/reset_interface.c.obj
 .text.resetd_xfer_cb
                0x000000001000428c        0x4 CMakeFiles/ProjectName.dir/home/simone/pico/pico-sdk/src/rp2_common/pico_stdio_usb/reset_interface.c.obj
 .text.resetd_control_xfer_cb
                0x0000000010004290       0x6c CMakeFiles/ProjectName.dir/home/simone/pico/pico-sdk/src/rp2_common/pico_stdio_usb/reset_interface.c.obj
 .text.usbd_app_driver_get_cb
                0x00000000100042fc        0xc CMakeFiles/ProjectName.dir/home/simone/pico/pico-sdk/src/rp2_common/pico_stdio_usb/reset_interface.c.obj
                0x00000000100042fc                usbd_app_driver_get_cb
 .text.tud_cdc_line_coding_cb
                0x0000000010004308       0x34 CMakeFiles/ProjectName.dir/home/simone/pico/pico-sdk/src/rp2_common/pico_stdio_usb/reset_interface.c.obj
                0x0000000010004308                tud_cdc_line_coding_cb
 .text.stdio_usb_in_chars
                0x000000001000433c       0x70 CMakeFiles/ProjectName.dir/home/simone/pico/pico-sdk/src/rp2_common/pico_stdio_usb/stdio_usb.c.obj
                0x000000001000433c                stdio_usb_in_chars
 .text.low_priority_worker_irq
                0x00000000100043ac       0x20 CMakeFiles/ProjectName.dir/home/simone/pico/pico-sdk/src/rp2_common/pico_stdio_usb/stdio_usb.c.obj
 .text.stdio_usb_out_chars
                0x00000000100043cc       0xd4 CMakeFiles/ProjectName.dir/home/simone/pico/pico-sdk/src/rp2_common/pico_stdio_usb/stdio_usb.c.obj
 .text.timer_task
                0x00000000100044a0       0x10 CMakeFiles/ProjectName.dir/home/simone/pico/pico-sdk/src/rp2_common/pico_stdio_usb/stdio_usb.c.obj
 .text.stdio_usb_init
                0x00000000100044b0       0xb8 CMakeFiles/ProjectName.dir/home/simone/pico/pico-sdk/src/rp2_common/pico_stdio_usb/stdio_usb.c.obj
                0x00000000100044b0                stdio_usb_init
 .text.tud_descriptor_device_cb
                0x0000000010004568        0x8 CMakeFiles/ProjectName.dir/home/simone/pico/pico-sdk/src/rp2_common/pico_stdio_usb/stdio_usb_descriptors.c.obj
                0x0000000010004568                tud_descriptor_device_cb
 .text.tud_descriptor_configuration_cb
                0x0000000010004570        0x8 CMakeFiles/ProjectName.dir/home/simone/pico/pico-sdk/src/rp2_common/pico_stdio_usb/stdio_usb_descriptors.c.obj
                0x0000000010004570                tud_descriptor_configuration_cb
 .text.tud_descriptor_string_cb
                0x0000000010004578       0x68 CMakeFiles/ProjectName.dir/home/simone/pico/pico-sdk/src/rp2_common/pico_stdio_usb/stdio_usb_descriptors.c.obj
                0x0000000010004578                tud_descriptor_string_cb
 .text.hw_endpoint_get_by_addr
                0x00000000100045e0       0x18 CMakeFiles/ProjectName.dir/home/simone/pico/pico-sdk/lib/tinyusb/src/portable/raspberrypi/rp2040/dcd_rp2040.c.obj
 .text.reset_ep0
                0x00000000100045f8       0x2c CMakeFiles/ProjectName.dir/home/simone/pico/pico-sdk/lib/tinyusb/src/portable/raspberrypi/rp2040/dcd_rp2040.c.obj
 .text._hw_endpoint_alloc
                0x0000000010004624       0x80 CMakeFiles/ProjectName.dir/home/simone/pico/pico-sdk/lib/tinyusb/src/portable/raspberrypi/rp2040/dcd_rp2040.c.obj
 .text._hw_endpoint_init
                0x00000000100046a4       0xbc CMakeFiles/ProjectName.dir/home/simone/pico/pico-sdk/lib/tinyusb/src/portable/raspberrypi/rp2040/dcd_rp2040.c.obj
 .text.hw_endpoint_init
                0x0000000010004760       0x18 CMakeFiles/ProjectName.dir/home/simone/pico/pico-sdk/lib/tinyusb/src/portable/raspberrypi/rp2040/dcd_rp2040.c.obj
 .text.hw_handle_buff_status
                0x0000000010004778       0xb4 CMakeFiles/ProjectName.dir/home/simone/pico/pico-sdk/lib/tinyusb/src/portable/raspberrypi/rp2040/dcd_rp2040.c.obj
 .text.dcd_rp2040_irq
                0x000000001000482c       0xa8 CMakeFiles/ProjectName.dir/home/simone/pico/pico-sdk/lib/tinyusb/src/portable/raspberrypi/rp2040/dcd_rp2040.c.obj
 .text.hw_endpoint_xfer
                0x00000000100048d4       0x18 CMakeFiles/ProjectName.dir/home/simone/pico/pico-sdk/lib/tinyusb/src/portable/raspberrypi/rp2040/dcd_rp2040.c.obj
 .text.ep0_0len_status
                0x00000000100048ec       0x14 CMakeFiles/ProjectName.dir/home/simone/pico/pico-sdk/lib/tinyusb/src/portable/raspberrypi/rp2040/dcd_rp2040.c.obj
 .text._hw_endpoint_stall
                0x0000000010004900       0x54 CMakeFiles/ProjectName.dir/home/simone/pico/pico-sdk/lib/tinyusb/src/portable/raspberrypi/rp2040/dcd_rp2040.c.obj
 .text.hw_endpoint_stall
                0x0000000010004954        0xc CMakeFiles/ProjectName.dir/home/simone/pico/pico-sdk/lib/tinyusb/src/portable/raspberrypi/rp2040/dcd_rp2040.c.obj
 .text._hw_endpoint_clear_stall
                0x0000000010004960       0x34 CMakeFiles/ProjectName.dir/home/simone/pico/pico-sdk/lib/tinyusb/src/portable/raspberrypi/rp2040/dcd_rp2040.c.obj
 .text.hw_endpoint_clear_stall
                0x0000000010004994        0xc CMakeFiles/ProjectName.dir/home/simone/pico/pico-sdk/lib/tinyusb/src/portable/raspberrypi/rp2040/dcd_rp2040.c.obj
 .text.dcd_int_enable
                0x00000000100049a0       0x2c CMakeFiles/ProjectName.dir/home/simone/pico/pico-sdk/lib/tinyusb/src/portable/raspberrypi/rp2040/dcd_rp2040.c.obj
                0x00000000100049a0                dcd_int_enable
 .text.dcd_set_address
                0x00000000100049cc       0x28 CMakeFiles/ProjectName.dir/home/simone/pico/pico-sdk/lib/tinyusb/src/portable/raspberrypi/rp2040/dcd_rp2040.c.obj
                0x00000000100049cc                dcd_set_address
 .text.dcd_connect
                0x00000000100049f4       0x30 CMakeFiles/ProjectName.dir/home/simone/pico/pico-sdk/lib/tinyusb/src/portable/raspberrypi/rp2040/dcd_rp2040.c.obj
                0x00000000100049f4                dcd_connect
 .text.dcd_init
                0x0000000010004a24       0x84 CMakeFiles/ProjectName.dir/home/simone/pico/pico-sdk/lib/tinyusb/src/portable/raspberrypi/rp2040/dcd_rp2040.c.obj
                0x0000000010004a24                dcd_init
 .text.dcd_edpt0_status_complete
                0x0000000010004aa8       0x40 CMakeFiles/ProjectName.dir/home/simone/pico/pico-sdk/lib/tinyusb/src/portable/raspberrypi/rp2040/dcd_rp2040.c.obj
                0x0000000010004aa8                dcd_edpt0_status_complete
 .text.dcd_edpt_open
                0x0000000010004ae8       0x40 CMakeFiles/ProjectName.dir/home/simone/pico/pico-sdk/lib/tinyusb/src/portable/raspberrypi/rp2040/dcd_rp2040.c.obj
                0x0000000010004ae8                dcd_edpt_open
 .text.dcd_edpt_xfer
                0x0000000010004b28       0x34 CMakeFiles/ProjectName.dir/home/simone/pico/pico-sdk/lib/tinyusb/src/portable/raspberrypi/rp2040/dcd_rp2040.c.obj
                0x0000000010004b28                dcd_edpt_xfer
 .text.dcd_edpt_stall
                0x0000000010004b5c       0x28 CMakeFiles/ProjectName.dir/home/simone/pico/pico-sdk/lib/tinyusb/src/portable/raspberrypi/rp2040/dcd_rp2040.c.obj
                0x0000000010004b5c                dcd_edpt_stall
 .text.dcd_edpt_clear_stall
                0x0000000010004b84       0x2c CMakeFiles/ProjectName.dir/home/simone/pico/pico-sdk/lib/tinyusb/src/portable/raspberrypi/rp2040/dcd_rp2040.c.obj
                0x0000000010004b84                dcd_edpt_clear_stall
 .text.rp2040_usb_init
                0x0000000010004bb0       0x50 CMakeFiles/ProjectName.dir/home/simone/pico/pico-sdk/lib/tinyusb/src/portable/raspberrypi/rp2040/rp2040_usb.c.obj
                0x0000000010004bb0                rp2040_usb_init
 .text.hw_endpoint_reset_transfer
                0x0000000010004c00       0x10 CMakeFiles/ProjectName.dir/home/simone/pico/pico-sdk/lib/tinyusb/src/portable/raspberrypi/rp2040/rp2040_usb.c.obj
                0x0000000010004c00                hw_endpoint_reset_transfer
 .text._hw_endpoint_buffer_control_update32
                0x0000000010004c10       0x58 CMakeFiles/ProjectName.dir/home/simone/pico/pico-sdk/lib/tinyusb/src/portable/raspberrypi/rp2040/rp2040_usb.c.obj
                0x0000000010004c10                _hw_endpoint_buffer_control_update32
 .text._hw_endpoint_start_next_buffer
                0x0000000010004c68       0x50 CMakeFiles/ProjectName.dir/home/simone/pico/pico-sdk/lib/tinyusb/src/portable/raspberrypi/rp2040/rp2040_usb.c.obj
                0x0000000010004c68                _hw_endpoint_start_next_buffer
 .text._hw_endpoint_xfer_start
                0x0000000010004cb8       0x3e CMakeFiles/ProjectName.dir/home/simone/pico/pico-sdk/lib/tinyusb/src/portable/raspberrypi/rp2040/rp2040_usb.c.obj
                0x0000000010004cb8                _hw_endpoint_xfer_start
 *fill*         0x0000000010004cf6        0x2 
 .text._hw_endpoint_xfer_sync
                0x0000000010004cf8       0x74 CMakeFiles/ProjectName.dir/home/simone/pico/pico-sdk/lib/tinyusb/src/portable/raspberrypi/rp2040/rp2040_usb.c.obj
                0x0000000010004cf8                _hw_endpoint_xfer_sync
 .text._hw_endpoint_xfer_continue
                0x0000000010004d6c       0x60 CMakeFiles/ProjectName.dir/home/simone/pico/pico-sdk/lib/tinyusb/src/portable/raspberrypi/rp2040/rp2040_usb.c.obj
                0x0000000010004d6c                _hw_endpoint_xfer_continue
 .text._hw_endpoint_xfer
                0x0000000010004dcc       0x34 CMakeFiles/ProjectName.dir/home/simone/pico/pico-sdk/lib/tinyusb/src/portable/raspberrypi/rp2040/rp2040_usb.c.obj
                0x0000000010004dcc                _hw_endpoint_xfer
 .text.mark_interface_endpoint
                0x0000000010004e00       0x2a CMakeFiles/ProjectName.dir/home/simone/pico/pico-sdk/lib/tinyusb/src/device/usbd.c.obj
 *fill*         0x0000000010004e2a        0x2 
 .text.usbd_reset
                0x0000000010004e2c       0x88 CMakeFiles/ProjectName.dir/home/simone/pico/pico-sdk/lib/tinyusb/src/device/usbd.c.obj
 .text.invoke_class_control
                0x0000000010004eb4       0x1a CMakeFiles/ProjectName.dir/home/simone/pico/pico-sdk/lib/tinyusb/src/device/usbd.c.obj
 *fill*         0x0000000010004ece        0x2 
 .text.process_set_config
                0x0000000010004ed0      0x1d0 CMakeFiles/ProjectName.dir/home/simone/pico/pico-sdk/lib/tinyusb/src/device/usbd.c.obj
 .text.process_get_descriptor
                0x00000000100050a0       0xf8 CMakeFiles/ProjectName.dir/home/simone/pico/pico-sdk/lib/tinyusb/src/device/usbd.c.obj
 .text.tud_mounted
                0x0000000010005198       0x10 CMakeFiles/ProjectName.dir/home/simone/pico/pico-sdk/lib/tinyusb/src/device/usbd.c.obj
                0x0000000010005198                tud_mounted
 .text.tud_suspended
                0x00000000100051a8       0x10 CMakeFiles/ProjectName.dir/home/simone/pico/pico-sdk/lib/tinyusb/src/device/usbd.c.obj
                0x00000000100051a8                tud_suspended
 .text.tud_inited
                0x00000000100051b8        0xc CMakeFiles/ProjectName.dir/home/simone/pico/pico-sdk/lib/tinyusb/src/device/usbd.c.obj
                0x00000000100051b8                tud_inited
 .text.tud_init
                0x00000000100051c4       0xcc CMakeFiles/ProjectName.dir/home/simone/pico/pico-sdk/lib/tinyusb/src/device/usbd.c.obj
                0x00000000100051c4                tud_init
 .text.dcd_event_handler
                0x0000000010005290      0x174 CMakeFiles/ProjectName.dir/home/simone/pico/pico-sdk/lib/tinyusb/src/device/usbd.c.obj
                0x0000000010005290                dcd_event_handler
 .text.dcd_event_bus_signal
                0x0000000010005404       0x26 CMakeFiles/ProjectName.dir/home/simone/pico/pico-sdk/lib/tinyusb/src/device/usbd.c.obj
                0x0000000010005404                dcd_event_bus_signal
 .text.dcd_event_bus_reset
                0x000000001000542a       0x2a CMakeFiles/ProjectName.dir/home/simone/pico/pico-sdk/lib/tinyusb/src/device/usbd.c.obj
                0x000000001000542a                dcd_event_bus_reset
 .text.dcd_event_setup_received
                0x0000000010005454       0x34 CMakeFiles/ProjectName.dir/home/simone/pico/pico-sdk/lib/tinyusb/src/device/usbd.c.obj
                0x0000000010005454                dcd_event_setup_received
 .text.dcd_event_xfer_complete
                0x0000000010005488       0x44 CMakeFiles/ProjectName.dir/home/simone/pico/pico-sdk/lib/tinyusb/src/device/usbd.c.obj
                0x0000000010005488                dcd_event_xfer_complete
 .text.usbd_edpt_open
                0x00000000100054cc       0xe0 CMakeFiles/ProjectName.dir/home/simone/pico/pico-sdk/lib/tinyusb/src/device/usbd.c.obj
                0x00000000100054cc                usbd_edpt_open
 .text.usbd_open_edpt_pair
                0x00000000100055ac       0x8c CMakeFiles/ProjectName.dir/home/simone/pico/pico-sdk/lib/tinyusb/src/device/usbd.c.obj
                0x00000000100055ac                usbd_open_edpt_pair
 .text.usbd_edpt_claim
                0x0000000010005638       0x8c CMakeFiles/ProjectName.dir/home/simone/pico/pico-sdk/lib/tinyusb/src/device/usbd.c.obj
                0x0000000010005638                usbd_edpt_claim
 .text.usbd_edpt_release
                0x00000000100056c4       0x68 CMakeFiles/ProjectName.dir/home/simone/pico/pico-sdk/lib/tinyusb/src/device/usbd.c.obj
                0x00000000100056c4                usbd_edpt_release
 .text.usbd_edpt_xfer
                0x000000001000572c       0x80 CMakeFiles/ProjectName.dir/home/simone/pico/pico-sdk/lib/tinyusb/src/device/usbd.c.obj
                0x000000001000572c                usbd_edpt_xfer
 .text.usbd_edpt_stall
                0x00000000100057ac       0x2c CMakeFiles/ProjectName.dir/home/simone/pico/pico-sdk/lib/tinyusb/src/device/usbd.c.obj
                0x00000000100057ac                usbd_edpt_stall
 .text.usbd_edpt_clear_stall
                0x00000000100057d8       0x2c CMakeFiles/ProjectName.dir/home/simone/pico/pico-sdk/lib/tinyusb/src/device/usbd.c.obj
                0x00000000100057d8                usbd_edpt_clear_stall
 .text.usbd_edpt_stalled
                0x0000000010005804       0x1c CMakeFiles/ProjectName.dir/home/simone/pico/pico-sdk/lib/tinyusb/src/device/usbd.c.obj
                0x0000000010005804                usbd_edpt_stalled
 .text.process_control_request
                0x0000000010005820      0x380 CMakeFiles/ProjectName.dir/home/simone/pico/pico-sdk/lib/tinyusb/src/device/usbd.c.obj
 .text.tud_task
                0x0000000010005ba0      0x204 CMakeFiles/ProjectName.dir/home/simone/pico/pico-sdk/lib/tinyusb/src/device/usbd.c.obj
                0x0000000010005ba0                tud_task
 .text._data_stage_xact
                0x0000000010005da4       0x58 CMakeFiles/ProjectName.dir/home/simone/pico/pico-sdk/lib/tinyusb/src/device/usbd_control.c.obj
 .text.tud_control_status
                0x0000000010005dfc       0x38 CMakeFiles/ProjectName.dir/home/simone/pico/pico-sdk/lib/tinyusb/src/device/usbd_control.c.obj
                0x0000000010005dfc                tud_control_status
 .text.tud_control_xfer
                0x0000000010005e34       0xa8 CMakeFiles/ProjectName.dir/home/simone/pico/pico-sdk/lib/tinyusb/src/device/usbd_control.c.obj
                0x0000000010005e34                tud_control_xfer
 .text.usbd_control_reset
                0x0000000010005edc       0x14 CMakeFiles/ProjectName.dir/home/simone/pico/pico-sdk/lib/tinyusb/src/device/usbd_control.c.obj
                0x0000000010005edc                usbd_control_reset
 .text.usbd_control_set_complete_callback
                0x0000000010005ef0        0xc CMakeFiles/ProjectName.dir/home/simone/pico/pico-sdk/lib/tinyusb/src/device/usbd_control.c.obj
                0x0000000010005ef0                usbd_control_set_complete_callback
 .text.usbd_control_set_request
                0x0000000010005efc       0x1c CMakeFiles/ProjectName.dir/home/simone/pico/pico-sdk/lib/tinyusb/src/device/usbd_control.c.obj
                0x0000000010005efc                usbd_control_set_request
 .text.usbd_control_xfer_cb
                0x0000000010005f18       0xfc CMakeFiles/ProjectName.dir/home/simone/pico/pico-sdk/lib/tinyusb/src/device/usbd_control.c.obj
                0x0000000010005f18                usbd_control_xfer_cb
 .text._prep_out_transaction
                0x0000000010006014       0x46 CMakeFiles/ProjectName.dir/home/simone/pico/pico-sdk/lib/tinyusb/src/class/cdc/cdc_device.c.obj
 *fill*         0x000000001000605a        0x2 
 .text.tud_cdc_n_connected
                0x000000001000605c       0x44 CMakeFiles/ProjectName.dir/home/simone/pico/pico-sdk/lib/tinyusb/src/class/cdc/cdc_device.c.obj
                0x000000001000605c                tud_cdc_n_connected
 .text.tud_cdc_n_available
                0x00000000100060a0       0x18 CMakeFiles/ProjectName.dir/home/simone/pico/pico-sdk/lib/tinyusb/src/class/cdc/cdc_device.c.obj
                0x00000000100060a0                tud_cdc_n_available
 .text.tud_cdc_n_read
                0x00000000100060b8       0x28 CMakeFiles/ProjectName.dir/home/simone/pico/pico-sdk/lib/tinyusb/src/class/cdc/cdc_device.c.obj
                0x00000000100060b8                tud_cdc_n_read
 .text.tud_cdc_n_write_flush
                0x00000000100060e0       0xcc CMakeFiles/ProjectName.dir/home/simone/pico/pico-sdk/lib/tinyusb/src/class/cdc/cdc_device.c.obj
                0x00000000100060e0                tud_cdc_n_write_flush
 .text.tud_cdc_n_write
                0x00000000100061ac       0x38 CMakeFiles/ProjectName.dir/home/simone/pico/pico-sdk/lib/tinyusb/src/class/cdc/cdc_device.c.obj
                0x00000000100061ac                tud_cdc_n_write
 .text.tud_cdc_n_write_available
                0x00000000100061e4       0x1c CMakeFiles/ProjectName.dir/home/simone/pico/pico-sdk/lib/tinyusb/src/class/cdc/cdc_device.c.obj
                0x00000000100061e4                tud_cdc_n_write_available
 .text.cdcd_init
                0x0000000010006200       0xbc CMakeFiles/ProjectName.dir/home/simone/pico/pico-sdk/lib/tinyusb/src/class/cdc/cdc_device.c.obj
                0x0000000010006200                cdcd_init
 .text.cdcd_reset
                0x00000000100062bc       0x44 CMakeFiles/ProjectName.dir/home/simone/pico/pico-sdk/lib/tinyusb/src/class/cdc/cdc_device.c.obj
                0x00000000100062bc                cdcd_reset
 .text.cdcd_open
                0x0000000010006300      0x10c CMakeFiles/ProjectName.dir/home/simone/pico/pico-sdk/lib/tinyusb/src/class/cdc/cdc_device.c.obj
                0x0000000010006300                cdcd_open
 .text.cdcd_control_xfer_cb
                0x000000001000640c      0x134 CMakeFiles/ProjectName.dir/home/simone/pico/pico-sdk/lib/tinyusb/src/class/cdc/cdc_device.c.obj
                0x000000001000640c                cdcd_control_xfer_cb
 .text.cdcd_xfer_cb
                0x0000000010006540      0x144 CMakeFiles/ProjectName.dir/home/simone/pico/pico-sdk/lib/tinyusb/src/class/cdc/cdc_device.c.obj
                0x0000000010006540                cdcd_xfer_cb
 .text.tusb_init
                0x0000000010006684       0x24 CMakeFiles/ProjectName.dir/home/simone/pico/pico-sdk/lib/tinyusb/src/tusb.c.obj
                0x0000000010006684                tusb_init
 .text.tusb_inited
                0x00000000100066a8        0xe CMakeFiles/ProjectName.dir/home/simone/pico/pico-sdk/lib/tinyusb/src/tusb.c.obj
                0x00000000100066a8                tusb_inited
 .text.advance_pointer
                0x00000000100066b6       0x1e CMakeFiles/ProjectName.dir/home/simone/pico/pico-sdk/lib/tinyusb/src/common/tusb_fifo.c.obj
 .text.backward_pointer
                0x00000000100066d4       0x1a CMakeFiles/ProjectName.dir/home/simone/pico/pico-sdk/lib/tinyusb/src/common/tusb_fifo.c.obj
 .text.get_relative_pointer
                0x00000000100066ee       0x10 CMakeFiles/ProjectName.dir/home/simone/pico/pico-sdk/lib/tinyusb/src/common/tusb_fifo.c.obj
 .text._tu_fifo_peek
                0x00000000100066fe       0x50 CMakeFiles/ProjectName.dir/home/simone/pico/pico-sdk/lib/tinyusb/src/common/tusb_fifo.c.obj
 .text._ff_pull_const_addr
                0x000000001000674e       0x4c CMakeFiles/ProjectName.dir/home/simone/pico/pico-sdk/lib/tinyusb/src/common/tusb_fifo.c.obj
 .text._ff_pull_n
                0x000000001000679a      0x10c CMakeFiles/ProjectName.dir/home/simone/pico/pico-sdk/lib/tinyusb/src/common/tusb_fifo.c.obj
 .text._tu_fifo_peek_n
                0x00000000100068a6       0x5e CMakeFiles/ProjectName.dir/home/simone/pico/pico-sdk/lib/tinyusb/src/common/tusb_fifo.c.obj
 .text._tu_fifo_read_n
                0x0000000010006904       0x4e CMakeFiles/ProjectName.dir/home/simone/pico/pico-sdk/lib/tinyusb/src/common/tusb_fifo.c.obj
 .text._ff_push_const_addr
                0x0000000010006952       0x40 CMakeFiles/ProjectName.dir/home/simone/pico/pico-sdk/lib/tinyusb/src/common/tusb_fifo.c.obj
 .text._ff_push_n
                0x0000000010006992      0x106 CMakeFiles/ProjectName.dir/home/simone/pico/pico-sdk/lib/tinyusb/src/common/tusb_fifo.c.obj
 .text._tu_fifo_write_n
                0x0000000010006a98       0x9e CMakeFiles/ProjectName.dir/home/simone/pico/pico-sdk/lib/tinyusb/src/common/tusb_fifo.c.obj
 .text.tu_fifo_config
                0x0000000010006b36       0x72 CMakeFiles/ProjectName.dir/home/simone/pico/pico-sdk/lib/tinyusb/src/common/tusb_fifo.c.obj
                0x0000000010006b36                tu_fifo_config
 .text.tu_fifo_count
                0x0000000010006ba8       0x26 CMakeFiles/ProjectName.dir/home/simone/pico/pico-sdk/lib/tinyusb/src/common/tusb_fifo.c.obj
                0x0000000010006ba8                tu_fifo_count
 .text.tu_fifo_empty
                0x0000000010006bce        0xe CMakeFiles/ProjectName.dir/home/simone/pico/pico-sdk/lib/tinyusb/src/common/tusb_fifo.c.obj
                0x0000000010006bce                tu_fifo_empty
 .text.tu_fifo_remaining
                0x0000000010006bdc       0x20 CMakeFiles/ProjectName.dir/home/simone/pico/pico-sdk/lib/tinyusb/src/common/tusb_fifo.c.obj
                0x0000000010006bdc                tu_fifo_remaining
 .text.tu_fifo_read
                0x0000000010006bfc       0x42 CMakeFiles/ProjectName.dir/home/simone/pico/pico-sdk/lib/tinyusb/src/common/tusb_fifo.c.obj
                0x0000000010006bfc                tu_fifo_read
 .text.tu_fifo_read_n
                0x0000000010006c3e        0xa CMakeFiles/ProjectName.dir/home/simone/pico/pico-sdk/lib/tinyusb/src/common/tusb_fifo.c.obj
                0x0000000010006c3e                tu_fifo_read_n
 .text.tu_fifo_write
                0x0000000010006c48       0x6c CMakeFiles/ProjectName.dir/home/simone/pico/pico-sdk/lib/tinyusb/src/common/tusb_fifo.c.obj
                0x0000000010006c48                tu_fifo_write
 .text.tu_fifo_write_n
                0x0000000010006cb4        0xa CMakeFiles/ProjectName.dir/home/simone/pico/pico-sdk/lib/tinyusb/src/common/tusb_fifo.c.obj
                0x0000000010006cb4                tu_fifo_write_n
 .text.tu_fifo_clear
                0x0000000010006cbe       0x4c CMakeFiles/ProjectName.dir/home/simone/pico/pico-sdk/lib/tinyusb/src/common/tusb_fifo.c.obj
                0x0000000010006cbe                tu_fifo_clear
 .text.tu_fifo_set_overwritable
                0x0000000010006d0a       0x3c CMakeFiles/ProjectName.dir/home/simone/pico/pico-sdk/lib/tinyusb/src/common/tusb_fifo.c.obj
                0x0000000010006d0a                tu_fifo_set_overwritable
 *fill*         0x0000000010006d46        0x2 
 .text._retrieve_unique_id_on_boot
                0x0000000010006d48       0x10 CMakeFiles/ProjectName.dir/home/simone/pico/pico-sdk/src/rp2_common/pico_unique_id/unique_id.c.obj
 .text.pico_get_unique_board_id_string
                0x0000000010006d58       0x60 CMakeFiles/ProjectName.dir/home/simone/pico/pico-sdk/src/rp2_common/pico_unique_id/unique_id.c.obj
                0x0000000010006d58                pico_get_unique_board_id_string
 .text.flash_get_unique_id
                0x0000000010006db8       0x46 CMakeFiles/ProjectName.dir/home/simone/pico/pico-sdk/src/rp2_common/hardware_flash/flash.c.obj
                0x0000000010006db8                flash_get_unique_id
 *fill*         0x0000000010006dfe        0x2 
 .text          0x0000000010006e00       0x68 /usr/lib/gcc/arm-none-eabi/9.2.1/../../../arm-none-eabi/lib/thumb/v6-m/nofp/libg.a(lib_a-strlen-stub.o)
                0x0000000010006e00                strlen
 *(.fini)
 .fini          0x0000000010006e68        0x4 /usr/lib/gcc/arm-none-eabi/9.2.1/thumb/v6-m/nofp/crti.o
                0x0000000010006e68                _fini
 *fill*         0x0000000010006e6c        0x4 
 .fini.__stub   0x0000000010006e70       0x70 linker stubs
 *crtbegin.o(.ctors)
 *crtbegin?.o(.ctors)
 *(EXCLUDE_FILE(*crtend.o *crtend?.o) .ctors)
 *(SORT_BY_NAME(.ctors.*))
 *(.ctors)
 *crtbegin.o(.dtors)
 *crtbegin?.o(.dtors)
 *(EXCLUDE_FILE(*crtend.o *crtend?.o) .dtors)
 *(SORT_BY_NAME(.dtors.*))
 *(.dtors)
 *(.eh_frame*)
 .eh_frame      0x0000000010006ee0        0x0 /usr/lib/gcc/arm-none-eabi/9.2.1/thumb/v6-m/nofp/crtbegin.o
                0x0000000010006ee0                . = ALIGN (0x4)

.glue_7         0x0000000010006ee0        0x0
 .glue_7        0x0000000010006ee0        0x0 linker stubs

.glue_7t        0x0000000010006ee0        0x0
 .glue_7t       0x0000000010006ee0        0x0 linker stubs

.vfp11_veneer   0x0000000010006ee0        0x0
 .vfp11_veneer  0x0000000010006ee0        0x0 linker stubs

.v4_bx          0x0000000010006ee0        0x0
 .v4_bx         0x0000000010006ee0        0x0 linker stubs

.iplt           0x0000000010006ee0        0x0
 .iplt          0x0000000010006ee0        0x0 /usr/lib/gcc/arm-none-eabi/9.2.1/thumb/v6-m/nofp/crtbegin.o

.rodata         0x0000000010006ee0     0x1610
 *(EXCLUDE_FILE(*libm.a: *libc.a:*lib_a-mem*.o *libgcc.a:) .rodata*)
 .rodata.main.str1.4
                0x0000000010006ee0       0x72 CMakeFiles/ProjectName.dir/ProjectName.c.obj
 *fill*         0x0000000010006f52        0x2 
 .rodata.__func__.5221
                0x0000000010006f54       0x15 CMakeFiles/ProjectName.dir/ProjectName.c.obj
 *fill*         0x0000000010006f69        0x3 
 .rodata.spin_lock_claim_unused.str1.4
                0x0000000010006f6c       0x1b CMakeFiles/ProjectName.dir/home/simone/pico/pico-sdk/src/rp2_common/hardware_sync/sync.c.obj
 *fill*         0x0000000010006f87        0x1 
 .rodata.repeating_timer_callback.str1.4
                0x0000000010006f88       0x4b CMakeFiles/ProjectName.dir/home/simone/pico/pico-sdk/src/common/pico_time/time.c.obj
 *fill*         0x0000000010006fd3        0x1 
 .rodata.alarm_pool_dump_key.str1.4
                0x0000000010006fd4       0x33 CMakeFiles/ProjectName.dir/home/simone/pico/pico-sdk/src/common/pico_time/time.c.obj
 *fill*         0x0000000010007007        0x1 
 .rodata.ph_add_child_node.str1.4
                0x0000000010007008       0x96 CMakeFiles/ProjectName.dir/home/simone/pico/pico-sdk/src/common/pico_time/time.c.obj
 *fill*         0x000000001000709e        0x2 
 .rodata.add_alarm_under_lock.str1.4
                0x00000000100070a0       0x28 CMakeFiles/ProjectName.dir/home/simone/pico/pico-sdk/src/common/pico_time/time.c.obj
                                         0x2b (size before relaxing)
 .rodata.alarm_pool_alarm_callback.str1.4
                0x00000000100070c8       0x82 CMakeFiles/ProjectName.dir/home/simone/pico/pico-sdk/src/common/pico_time/time.c.obj
                                         0xe6 (size before relaxing)
 *fill*         0x000000001000714a        0x2 
 .rodata.alarm_pool_get_default.str1.4
                0x000000001000714c       0x21 CMakeFiles/ProjectName.dir/home/simone/pico/pico-sdk/src/common/pico_time/time.c.obj
 *fill*         0x000000001000716d        0x3 
 .rodata.alarm_pool_cancel_alarm.str1.4
                0x0000000010007170       0x27 CMakeFiles/ProjectName.dir/home/simone/pico/pico-sdk/src/common/pico_time/time.c.obj
 *fill*         0x0000000010007197        0x1 
 .rodata.__func__.5701
                0x0000000010007198       0x15 CMakeFiles/ProjectName.dir/home/simone/pico/pico-sdk/src/common/pico_time/time.c.obj
 *fill*         0x00000000100071ad        0x3 
 .rodata.__func__.6002
                0x00000000100071b0        0xc CMakeFiles/ProjectName.dir/home/simone/pico/pico-sdk/src/common/pico_time/time.c.obj
 .rodata.__func__.6009
                0x00000000100071bc       0x12 CMakeFiles/ProjectName.dir/home/simone/pico/pico-sdk/src/common/pico_time/time.c.obj
 *fill*         0x00000000100071ce        0x2 
 .rodata.__func__.6025
                0x00000000100071d0        0xf CMakeFiles/ProjectName.dir/home/simone/pico/pico-sdk/src/common/pico_time/time.c.obj
 *fill*         0x00000000100071df        0x1 
 .rodata.__func__.6047
                0x00000000100071e0        0xd CMakeFiles/ProjectName.dir/home/simone/pico/pico-sdk/src/common/pico_time/time.c.obj
 *fill*         0x00000000100071ed        0x3 
 .rodata.__func__.6248
                0x00000000100071f0        0xa CMakeFiles/ProjectName.dir/home/simone/pico/pico-sdk/src/common/pico_time/time.c.obj
 *fill*         0x00000000100071fa        0x2 
 .rodata.__func__.6253
                0x00000000100071fc       0x12 CMakeFiles/ProjectName.dir/home/simone/pico/pico-sdk/src/common/pico_time/time.c.obj
 *fill*         0x000000001000720e        0x2 
 .rodata.__func__.6268
                0x0000000010007210       0x17 CMakeFiles/ProjectName.dir/home/simone/pico/pico-sdk/src/common/pico_time/time.c.obj
 *fill*         0x0000000010007227        0x1 
 .rodata.__func__.6279
                0x0000000010007228       0x15 CMakeFiles/ProjectName.dir/home/simone/pico/pico-sdk/src/common/pico_time/time.c.obj
 *fill*         0x000000001000723d        0x3 
 .rodata.__func__.6296
                0x0000000010007240       0x1a CMakeFiles/ProjectName.dir/home/simone/pico/pico-sdk/src/common/pico_time/time.c.obj
 *fill*         0x000000001000725a        0x2 
 .rodata.__func__.6335
                0x000000001000725c       0x18 CMakeFiles/ProjectName.dir/home/simone/pico/pico-sdk/src/common/pico_time/time.c.obj
 .rodata.hardware_alarm_claim.str1.4
                0x0000000010007274       0x22 CMakeFiles/ProjectName.dir/home/simone/pico/pico-sdk/src/rp2_common/hardware_timer/timer.c.obj
 *fill*         0x0000000010007296        0x2 
 .rodata.hardware_alarm_set_target.str1.4
                0x0000000010007298       0x65 CMakeFiles/ProjectName.dir/home/simone/pico/pico-sdk/src/rp2_common/hardware_timer/timer.c.obj
 *fill*         0x00000000100072fd        0x3 
 .rodata.__func__.4548
                0x0000000010007300       0x1a CMakeFiles/ProjectName.dir/home/simone/pico/pico-sdk/src/rp2_common/hardware_timer/timer.c.obj
 *fill*         0x000000001000731a        0x2 
 .rodata.str1.4
                0x000000001000731c       0xb1 CMakeFiles/ProjectName.dir/home/simone/pico/pico-sdk/src/common/pico_sync/mutex.c.obj
                                        0x115 (size before relaxing)
 *fill*         0x00000000100073cd        0x3 
 .rodata.__func__.4193
                0x00000000100073d0       0x15 CMakeFiles/ProjectName.dir/home/simone/pico/pico-sdk/src/common/pico_sync/mutex.c.obj
 *fill*         0x00000000100073e5        0x3 
 .rodata.__func__.4610
                0x00000000100073e8       0x15 CMakeFiles/ProjectName.dir/home/simone/pico/pico-sdk/src/common/pico_sync/mutex.c.obj
 *fill*         0x00000000100073fd        0x3 
 .rodata.__func__.4635
                0x0000000010007400       0x18 CMakeFiles/ProjectName.dir/home/simone/pico/pico-sdk/src/common/pico_sync/mutex.c.obj
 .rodata.__func__.4645
                0x0000000010007418        0xb CMakeFiles/ProjectName.dir/home/simone/pico/pico-sdk/src/common/pico_sync/mutex.c.obj
 .rodata.ph_add_child_node.str1.4
                0x0000000010007423       0x96 CMakeFiles/ProjectName.dir/home/simone/pico/pico-sdk/src/common/pico_util/pheap.c.obj
 *fill*         0x0000000010007423        0x1 
 .rodata.ph_remove_any_head.str1.4
                0x0000000010007424       0x8c CMakeFiles/ProjectName.dir/home/simone/pico/pico-sdk/src/common/pico_util/pheap.c.obj
 .rodata.ph_remove_and_free_node.str1.4
                0x00000000100074b0       0x26 CMakeFiles/ProjectName.dir/home/simone/pico/pico-sdk/src/common/pico_util/pheap.c.obj
 *fill*         0x00000000100074d6        0x2 
 .rodata.__func__.5708
                0x00000000100074d8        0xc CMakeFiles/ProjectName.dir/home/simone/pico/pico-sdk/src/common/pico_util/pheap.c.obj
 .rodata.__func__.5715
                0x00000000100074e4       0x12 CMakeFiles/ProjectName.dir/home/simone/pico/pico-sdk/src/common/pico_util/pheap.c.obj
 *fill*         0x00000000100074f6        0x2 
 .rodata.__func__.5801
                0x00000000100074f8       0x13 CMakeFiles/ProjectName.dir/home/simone/pico/pico-sdk/src/common/pico_util/pheap.c.obj
 *fill*         0x000000001000750b        0x1 
 .rodata.__func__.5819
                0x000000001000750c       0x18 CMakeFiles/ProjectName.dir/home/simone/pico/pico-sdk/src/common/pico_util/pheap.c.obj
 .rodata.__assert_func.str1.4
                0x0000000010007524       0x3f CMakeFiles/ProjectName.dir/home/simone/pico/pico-sdk/src/rp2_common/pico_runtime/runtime.c.obj
                                         0x43 (size before relaxing)
 *fill*         0x0000000010007563        0x1 
 .rodata.panic.str1.4
                0x0000000010007564       0x12 CMakeFiles/ProjectName.dir/home/simone/pico/pico-sdk/src/rp2_common/pico_runtime/runtime.c.obj
 *fill*         0x0000000010007576        0x2 
 .rodata.clock_configure.str1.4
                0x0000000010007578       0x57 CMakeFiles/ProjectName.dir/home/simone/pico/pico-sdk/src/rp2_common/hardware_clocks/clocks.c.obj
 *fill*         0x00000000100075cf        0x1 
 .rodata.__func__.4667
                0x00000000100075d0       0x10 CMakeFiles/ProjectName.dir/home/simone/pico/pico-sdk/src/rp2_common/hardware_clocks/clocks.c.obj
 .rodata.make_branch.str1.4
                0x00000000100075e0       0x4d CMakeFiles/ProjectName.dir/home/simone/pico/pico-sdk/src/rp2_common/hardware_irq/irq.c.obj
 *fill*         0x000000001000762d        0x3 
 .rodata.irq_set_exclusive_handler.str1.4
                0x0000000010007630       0x36 CMakeFiles/ProjectName.dir/home/simone/pico/pico-sdk/src/rp2_common/hardware_irq/irq.c.obj
 *fill*         0x0000000010007666        0x2 
 .rodata.irq_add_shared_handler.str1.4
                0x0000000010007668       0xd9 CMakeFiles/ProjectName.dir/home/simone/pico/pico-sdk/src/rp2_common/hardware_irq/irq.c.obj
 *fill*         0x0000000010007741        0x3 
 .rodata.irq_remove_handler.str1.4
                0x0000000010007744       0x2a CMakeFiles/ProjectName.dir/home/simone/pico/pico-sdk/src/rp2_common/hardware_irq/irq.c.obj
 *fill*         0x000000001000776e        0x2 
 .rodata.irq_add_tail_to_free_list.str1.4
                0x0000000010007770       0x32 CMakeFiles/ProjectName.dir/home/simone/pico/pico-sdk/src/rp2_common/hardware_irq/irq.c.obj
                                         0x3a (size before relaxing)
 *fill*         0x00000000100077a2        0x2 
 .rodata.__func__.4703
                0x00000000100077a4       0x1a CMakeFiles/ProjectName.dir/home/simone/pico/pico-sdk/src/rp2_common/hardware_irq/irq.c.obj
 *fill*         0x00000000100077be        0x2 
 .rodata.__func__.4717
                0x00000000100077c0        0xc CMakeFiles/ProjectName.dir/home/simone/pico/pico-sdk/src/rp2_common/hardware_irq/irq.c.obj
 .rodata.__func__.4725
                0x00000000100077cc       0x17 CMakeFiles/ProjectName.dir/home/simone/pico/pico-sdk/src/rp2_common/hardware_irq/irq.c.obj
 *fill*         0x00000000100077e3        0x1 
 .rodata.__func__.4729
                0x00000000100077e4        0xf CMakeFiles/ProjectName.dir/home/simone/pico/pico-sdk/src/rp2_common/hardware_irq/irq.c.obj
 *fill*         0x00000000100077f3        0x1 
 .rodata.__func__.4768
                0x00000000100077f4       0x13 CMakeFiles/ProjectName.dir/home/simone/pico/pico-sdk/src/rp2_common/hardware_irq/irq.c.obj
 *fill*         0x0000000010007807        0x1 
 .rodata.__func__.4787
                0x0000000010007808       0x1a CMakeFiles/ProjectName.dir/home/simone/pico/pico-sdk/src/rp2_common/hardware_irq/irq.c.obj
 *fill*         0x0000000010007822        0x2 
 .rodata.pll_init.str1.4
                0x0000000010007824       0xdb CMakeFiles/ProjectName.dir/home/simone/pico/pico-sdk/src/rp2_common/hardware_pll/pll.c.obj
 *fill*         0x00000000100078ff        0x1 
 .rodata.__func__.4402
                0x0000000010007900        0x9 CMakeFiles/ProjectName.dir/home/simone/pico/pico-sdk/src/rp2_common/hardware_pll/pll.c.obj
 *fill*         0x0000000010007909        0x3 
 .rodata._ftoa.str1.4
                0x000000001000790c       0x15 CMakeFiles/ProjectName.dir/home/simone/pico/pico-sdk/src/rp2_common/pico_printf/printf.c.obj
 *fill*         0x0000000010007921        0x3 
 .rodata._vsnprintf
                0x0000000010007924      0x1e0 CMakeFiles/ProjectName.dir/home/simone/pico/pico-sdk/src/rp2_common/pico_printf/printf.c.obj
 *fill*         0x0000000010007b04        0x4 
 .rodata.pow10.5422
                0x0000000010007b08       0x50 CMakeFiles/ProjectName.dir/home/simone/pico/pico-sdk/src/rp2_common/pico_printf/printf.c.obj
 .rodata.__aeabi_double_init.str1.4
                0x0000000010007b58       0xa8 CMakeFiles/ProjectName.dir/home/simone/pico/pico-sdk/src/rp2_common/pico_double/double_init_rom.c.obj
 .rodata.__func__.4668
                0x0000000010007c00       0x14 CMakeFiles/ProjectName.dir/home/simone/pico/pico-sdk/src/rp2_common/pico_double/double_init_rom.c.obj
 .rodata.__aeabi_float_init.str1.4
                0x0000000010007c14       0x7a CMakeFiles/ProjectName.dir/home/simone/pico/pico-sdk/src/rp2_common/pico_float/float_init_rom.c.obj
                                         0x7e (size before relaxing)
 *fill*         0x0000000010007c8e        0x2 
 .rodata.__func__.4670
                0x0000000010007c90       0x13 CMakeFiles/ProjectName.dir/home/simone/pico/pico-sdk/src/rp2_common/pico_float/float_init_rom.c.obj
 *fill*         0x0000000010007ca3        0x1 
 .rodata.str1.4
                0x0000000010007ca4       0x44 CMakeFiles/ProjectName.dir/home/simone/pico/pico-sdk/src/rp2_common/pico_standard_link/binary_info.c.obj
 .rodata.__bi_44
                0x0000000010007ce8        0xc CMakeFiles/ProjectName.dir/home/simone/pico/pico-sdk/src/rp2_common/pico_standard_link/binary_info.c.obj
 .rodata.__bi_56
                0x0000000010007cf4        0xc CMakeFiles/ProjectName.dir/home/simone/pico/pico-sdk/src/rp2_common/pico_standard_link/binary_info.c.obj
 .rodata.__bi_75
                0x0000000010007d00        0xc CMakeFiles/ProjectName.dir/home/simone/pico/pico-sdk/src/rp2_common/pico_standard_link/binary_info.c.obj
 .rodata.__bi_81
                0x0000000010007d0c        0xc CMakeFiles/ProjectName.dir/home/simone/pico/pico-sdk/src/rp2_common/pico_standard_link/binary_info.c.obj
 .rodata.crlf_str.5862
                0x0000000010007d18        0x2 CMakeFiles/ProjectName.dir/home/simone/pico/pico-sdk/src/rp2_common/pico_stdio/stdio.c.obj
 *fill*         0x0000000010007d1a        0x2 
 .rodata._resetd_driver
                0x0000000010007d1c       0x18 CMakeFiles/ProjectName.dir/home/simone/pico/pico-sdk/src/rp2_common/pico_stdio_usb/reset_interface.c.obj
 .rodata.stdio_usb_init.str1.4
                0x0000000010007d34       0x61 CMakeFiles/ProjectName.dir/home/simone/pico/pico-sdk/src/rp2_common/pico_stdio_usb/stdio_usb.c.obj
 .rodata.str1.4
                0x0000000010007d34       0x13 CMakeFiles/ProjectName.dir/home/simone/pico/pico-sdk/src/rp2_common/pico_stdio_usb/stdio_usb.c.obj
 *fill*         0x0000000010007d47        0x1 
 .rodata.__bi_93.7154
                0x0000000010007d48        0xc CMakeFiles/ProjectName.dir/home/simone/pico/pico-sdk/src/rp2_common/pico_stdio_usb/stdio_usb.c.obj
 .rodata.__func__.5424
                0x0000000010007d54       0x15 CMakeFiles/ProjectName.dir/home/simone/pico/pico-sdk/src/rp2_common/pico_stdio_usb/stdio_usb.c.obj
 *fill*         0x0000000010007d69        0x3 
 .rodata.str1.4
                0x0000000010007d6c       0x2a CMakeFiles/ProjectName.dir/home/simone/pico/pico-sdk/src/rp2_common/pico_stdio_usb/stdio_usb_descriptors.c.obj
 *fill*         0x0000000010007d96        0x2 
 .rodata.usbd_desc_cfg
                0x0000000010007d98       0x54 CMakeFiles/ProjectName.dir/home/simone/pico/pico-sdk/src/rp2_common/pico_stdio_usb/stdio_usb_descriptors.c.obj
 .rodata.usbd_desc_device
                0x0000000010007dec       0x12 CMakeFiles/ProjectName.dir/home/simone/pico/pico-sdk/src/rp2_common/pico_stdio_usb/stdio_usb_descriptors.c.obj
 *fill*         0x0000000010007dfe        0x2 
 .rodata.usbd_desc_str
                0x0000000010007e00       0x18 CMakeFiles/ProjectName.dir/home/simone/pico/pico-sdk/src/rp2_common/pico_stdio_usb/stdio_usb_descriptors.c.obj
 .rodata._hw_endpoint_alloc.str1.4
                0x0000000010007e18       0xb5 CMakeFiles/ProjectName.dir/home/simone/pico/pico-sdk/lib/tinyusb/src/portable/raspberrypi/rp2040/dcd_rp2040.c.obj
 *fill*         0x0000000010007ecd        0x3 
 .rodata._hw_endpoint_init.str1.4
                0x0000000010007ed0       0x28 CMakeFiles/ProjectName.dir/home/simone/pico/pico-sdk/lib/tinyusb/src/portable/raspberrypi/rp2040/dcd_rp2040.c.obj
 .rodata.hw_handle_buff_status.str1.4
                0x0000000010007ef8        0xb CMakeFiles/ProjectName.dir/home/simone/pico/pico-sdk/lib/tinyusb/src/portable/raspberrypi/rp2040/dcd_rp2040.c.obj
 *fill*         0x0000000010007f03        0x1 
 .rodata.dcd_rp2040_irq.str1.4
                0x0000000010007f04       0x14 CMakeFiles/ProjectName.dir/home/simone/pico/pico-sdk/lib/tinyusb/src/portable/raspberrypi/rp2040/dcd_rp2040.c.obj
 .rodata._hw_endpoint_stall.str1.4
                0x0000000010007f18        0xd CMakeFiles/ProjectName.dir/home/simone/pico/pico-sdk/lib/tinyusb/src/portable/raspberrypi/rp2040/dcd_rp2040.c.obj
 *fill*         0x0000000010007f25        0x3 
 .rodata.dcd_int_enable.str1.4
                0x0000000010007f28        0xc CMakeFiles/ProjectName.dir/home/simone/pico/pico-sdk/lib/tinyusb/src/portable/raspberrypi/rp2040/dcd_rp2040.c.obj
 .rodata.__func__.6859
                0x0000000010007f34       0x13 CMakeFiles/ProjectName.dir/home/simone/pico/pico-sdk/lib/tinyusb/src/portable/raspberrypi/rp2040/dcd_rp2040.c.obj
 *fill*         0x0000000010007f47        0x1 
 .rodata.__func__.6890
                0x0000000010007f48       0x16 CMakeFiles/ProjectName.dir/home/simone/pico/pico-sdk/lib/tinyusb/src/portable/raspberrypi/rp2040/dcd_rp2040.c.obj
 *fill*         0x0000000010007f5e        0x2 
 .rodata.__func__.6911
                0x0000000010007f60       0x13 CMakeFiles/ProjectName.dir/home/simone/pico/pico-sdk/lib/tinyusb/src/portable/raspberrypi/rp2040/dcd_rp2040.c.obj
 *fill*         0x0000000010007f73        0x1 
 .rodata.__func__.6932
                0x0000000010007f74        0x9 CMakeFiles/ProjectName.dir/home/simone/pico/pico-sdk/lib/tinyusb/src/portable/raspberrypi/rp2040/dcd_rp2040.c.obj
 *fill*         0x0000000010007f7d        0x3 
 .rodata.__func__.6936
                0x0000000010007f80        0xf CMakeFiles/ProjectName.dir/home/simone/pico/pico-sdk/lib/tinyusb/src/portable/raspberrypi/rp2040/dcd_rp2040.c.obj
 *fill*         0x0000000010007f8f        0x1 
 .rodata.__func__.6945
                0x0000000010007f90       0x10 CMakeFiles/ProjectName.dir/home/simone/pico/pico-sdk/lib/tinyusb/src/portable/raspberrypi/rp2040/dcd_rp2040.c.obj
 .rodata.__func__.6957
                0x0000000010007fa0        0xc CMakeFiles/ProjectName.dir/home/simone/pico/pico-sdk/lib/tinyusb/src/portable/raspberrypi/rp2040/dcd_rp2040.c.obj
 .rodata.__func__.6962
                0x0000000010007fac       0x1a CMakeFiles/ProjectName.dir/home/simone/pico/pico-sdk/lib/tinyusb/src/portable/raspberrypi/rp2040/dcd_rp2040.c.obj
 *fill*         0x0000000010007fc6        0x2 
 .rodata.__func__.6967
                0x0000000010007fc8        0xe CMakeFiles/ProjectName.dir/home/simone/pico/pico-sdk/lib/tinyusb/src/portable/raspberrypi/rp2040/dcd_rp2040.c.obj
 *fill*         0x0000000010007fd6        0x2 
 .rodata.__func__.6974
                0x0000000010007fd8        0xe CMakeFiles/ProjectName.dir/home/simone/pico/pico-sdk/lib/tinyusb/src/portable/raspberrypi/rp2040/dcd_rp2040.c.obj
 *fill*         0x0000000010007fe6        0x2 
 .rodata.__func__.6979
                0x0000000010007fe8        0xf CMakeFiles/ProjectName.dir/home/simone/pico/pico-sdk/lib/tinyusb/src/portable/raspberrypi/rp2040/dcd_rp2040.c.obj
 *fill*         0x0000000010007ff7        0x1 
 .rodata.__func__.6984
                0x0000000010007ff8       0x15 CMakeFiles/ProjectName.dir/home/simone/pico/pico-sdk/lib/tinyusb/src/portable/raspberrypi/rp2040/dcd_rp2040.c.obj
 *fill*         0x000000001000800d        0x3 
 .rodata._hw_endpoint_buffer_control_update32.str1.4
                0x0000000010008010       0x1f CMakeFiles/ProjectName.dir/home/simone/pico/pico-sdk/lib/tinyusb/src/portable/raspberrypi/rp2040/rp2040_usb.c.obj
 *fill*         0x000000001000802f        0x1 
 .rodata._hw_endpoint_xfer_sync.str1.4
                0x0000000010008030       0x91 CMakeFiles/ProjectName.dir/home/simone/pico/pico-sdk/lib/tinyusb/src/portable/raspberrypi/rp2040/rp2040_usb.c.obj
 *fill*         0x00000000100080c1        0x3 
 .rodata._hw_endpoint_xfer_continue.str1.4
                0x00000000100080c4       0x50 CMakeFiles/ProjectName.dir/home/simone/pico/pico-sdk/lib/tinyusb/src/portable/raspberrypi/rp2040/rp2040_usb.c.obj
 .rodata._hw_endpoint_xfer.str1.4
                0x0000000010008114        0xf CMakeFiles/ProjectName.dir/home/simone/pico/pico-sdk/lib/tinyusb/src/portable/raspberrypi/rp2040/rp2040_usb.c.obj
 *fill*         0x0000000010008123        0x1 
 .rodata.str1.4
                0x0000000010008124        0x7 CMakeFiles/ProjectName.dir/home/simone/pico/pico-sdk/lib/tinyusb/src/portable/raspberrypi/rp2040/rp2040_usb.c.obj
 *fill*         0x000000001000812b        0x1 
 .rodata.__func__.6638
                0x000000001000812c       0x17 CMakeFiles/ProjectName.dir/home/simone/pico/pico-sdk/lib/tinyusb/src/portable/raspberrypi/rp2040/rp2040_usb.c.obj
 *fill*         0x0000000010008143        0x1 
 .rodata.__func__.6649
                0x0000000010008144       0x12 CMakeFiles/ProjectName.dir/home/simone/pico/pico-sdk/lib/tinyusb/src/portable/raspberrypi/rp2040/rp2040_usb.c.obj
 *fill*         0x0000000010008156        0x2 
 .rodata.process_set_config.str1.4
                0x0000000010008158       0x17 CMakeFiles/ProjectName.dir/home/simone/pico/pico-sdk/lib/tinyusb/src/device/usbd.c.obj
 *fill*         0x000000001000816f        0x1 
 .rodata.process_get_descriptor
                0x0000000010008170       0x40 CMakeFiles/ProjectName.dir/home/simone/pico/pico-sdk/lib/tinyusb/src/device/usbd.c.obj
 .rodata.process_control_request
                0x00000000100081b0       0x28 CMakeFiles/ProjectName.dir/home/simone/pico/pico-sdk/lib/tinyusb/src/device/usbd.c.obj
 .rodata.tud_task
                0x00000000100081d8       0x24 CMakeFiles/ProjectName.dir/home/simone/pico/pico-sdk/lib/tinyusb/src/device/usbd.c.obj
 .rodata.__func__.6512
                0x00000000100081fc       0x10 CMakeFiles/ProjectName.dir/home/simone/pico/pico-sdk/lib/tinyusb/src/device/usbd.c.obj
 .rodata.__func__.7306
                0x000000001000820c        0x9 CMakeFiles/ProjectName.dir/home/simone/pico/pico-sdk/lib/tinyusb/src/device/usbd.c.obj
 *fill*         0x0000000010008215        0x3 
 .rodata.__func__.7327
                0x0000000010008218       0x18 CMakeFiles/ProjectName.dir/home/simone/pico/pico-sdk/lib/tinyusb/src/device/usbd.c.obj
 .rodata.__func__.7365
                0x0000000010008230       0x13 CMakeFiles/ProjectName.dir/home/simone/pico/pico-sdk/lib/tinyusb/src/device/usbd.c.obj
 *fill*         0x0000000010008243        0x1 
 .rodata.__func__.7408
                0x0000000010008244       0x17 CMakeFiles/ProjectName.dir/home/simone/pico/pico-sdk/lib/tinyusb/src/device/usbd.c.obj
 *fill*         0x000000001000825b        0x1 
 .rodata.__func__.7462
                0x000000001000825c       0x14 CMakeFiles/ProjectName.dir/home/simone/pico/pico-sdk/lib/tinyusb/src/device/usbd.c.obj
 .rodata.__func__.7478
                0x0000000010008270        0xf CMakeFiles/ProjectName.dir/home/simone/pico/pico-sdk/lib/tinyusb/src/device/usbd.c.obj
 *fill*         0x000000001000827f        0x1 
 .rodata.__func__.7506
                0x0000000010008280        0xf CMakeFiles/ProjectName.dir/home/simone/pico/pico-sdk/lib/tinyusb/src/device/usbd.c.obj
 *fill*         0x000000001000828f        0x1 
 .rodata._usbd_driver
                0x0000000010008290       0x18 CMakeFiles/ProjectName.dir/home/simone/pico/pico-sdk/lib/tinyusb/src/device/usbd.c.obj
 .rodata.tud_control_xfer.str1.4
                0x00000000100082a8       0x17 CMakeFiles/ProjectName.dir/home/simone/pico/pico-sdk/lib/tinyusb/src/device/usbd_control.c.obj
 .rodata.__func__.7219
                0x00000000100082a8       0x11 CMakeFiles/ProjectName.dir/home/simone/pico/pico-sdk/lib/tinyusb/src/device/usbd_control.c.obj
 *fill*         0x00000000100082b9        0x3 
 .rodata.__func__.7246
                0x00000000100082bc       0x15 CMakeFiles/ProjectName.dir/home/simone/pico/pico-sdk/lib/tinyusb/src/device/usbd_control.c.obj
 .rodata.tud_cdc_n_write_flush.str1.4
                0x00000000100082d1       0x17 CMakeFiles/ProjectName.dir/home/simone/pico/pico-sdk/lib/tinyusb/src/class/cdc/cdc_device.c.obj
 *fill*         0x00000000100082d1        0x3 
 .rodata.__func__.7157
                0x00000000100082d4       0x16 CMakeFiles/ProjectName.dir/home/simone/pico/pico-sdk/lib/tinyusb/src/class/cdc/cdc_device.c.obj
 *fill*         0x00000000100082ea        0x2 
 .rodata.__func__.7190
                0x00000000100082ec        0xa CMakeFiles/ProjectName.dir/home/simone/pico/pico-sdk/lib/tinyusb/src/class/cdc/cdc_device.c.obj
 *fill*         0x00000000100082f6        0x2 
 .rodata.__func__.7224
                0x00000000100082f8        0xd CMakeFiles/ProjectName.dir/home/simone/pico/pico-sdk/lib/tinyusb/src/class/cdc/cdc_device.c.obj
 .rodata.tusb_init.str1.4
                0x0000000010008305       0x17 CMakeFiles/ProjectName.dir/home/simone/pico/pico-sdk/lib/tinyusb/src/tusb.c.obj
 *fill*         0x0000000010008305        0x3 
 .rodata.__func__.7094
                0x0000000010008308        0xa CMakeFiles/ProjectName.dir/home/simone/pico/pico-sdk/lib/tinyusb/src/tusb.c.obj
 *fill*         0x0000000010008312        0x2 
 .rodata.pico_get_unique_board_id_string.str1.4
                0x0000000010008314       0x4d CMakeFiles/ProjectName.dir/home/simone/pico/pico-sdk/src/rp2_common/pico_unique_id/unique_id.c.obj
 *fill*         0x0000000010008361        0x3 
 .rodata.__func__.4287
                0x0000000010008364       0x20 CMakeFiles/ProjectName.dir/home/simone/pico/pico-sdk/src/rp2_common/pico_unique_id/unique_id.c.obj
 .rodata.str1.4
                0x0000000010008384      0x15a CMakeFiles/ProjectName.dir/home/simone/pico/pico-sdk/src/rp2_common/hardware_flash/flash.c.obj
 *fill*         0x00000000100084de        0x2 
 .rodata.__func__.4428
                0x00000000100084e0        0xd CMakeFiles/ProjectName.dir/home/simone/pico/pico-sdk/src/rp2_common/hardware_flash/flash.c.obj
                0x00000000100084f0                . = ALIGN (0x4)
 *fill*         0x00000000100084ed        0x3 
 *(SORT_BY_ALIGNMENT(SORT_BY_NAME(.flashdata*)))
                0x00000000100084f0                . = ALIGN (0x4)

.rel.dyn        0x00000000100084f0        0x0
 .rel.iplt      0x00000000100084f0        0x0 /usr/lib/gcc/arm-none-eabi/9.2.1/thumb/v6-m/nofp/crtbegin.o

.ARM.extab
 *(.ARM.extab* .gnu.linkonce.armextab.*)
                0x00000000100084f0                __exidx_start = .

.ARM.exidx
 *(.ARM.exidx* .gnu.linkonce.armexidx.*)
                0x00000000100084f0                __exidx_end = .
                0x00000000100084f0                . = ALIGN (0x4)
                0x00000000100084f0                __binary_info_start = .

.binary_info    0x00000000100084f0       0x24
 *(.binary_info.keep.*)
 .binary_info.keep.__bi_ptr22
                0x00000000100084f0        0x4 CMakeFiles/ProjectName.dir/home/simone/pico/pico-sdk/src/rp2_common/pico_standard_link/binary_info.c.obj
 .binary_info.keep.__bi_ptr30
                0x00000000100084f4        0x4 CMakeFiles/ProjectName.dir/home/simone/pico/pico-sdk/src/rp2_common/pico_standard_link/binary_info.c.obj
 .binary_info.keep.__bi_ptr38
                0x00000000100084f8        0x4 CMakeFiles/ProjectName.dir/home/simone/pico/pico-sdk/src/rp2_common/pico_standard_link/binary_info.c.obj
 .binary_info.keep.__bi_ptr44
                0x00000000100084fc        0x4 CMakeFiles/ProjectName.dir/home/simone/pico/pico-sdk/src/rp2_common/pico_standard_link/binary_info.c.obj
 .binary_info.keep.__bi_ptr50
                0x0000000010008500        0x4 CMakeFiles/ProjectName.dir/home/simone/pico/pico-sdk/src/rp2_common/pico_standard_link/binary_info.c.obj
 .binary_info.keep.__bi_ptr56
                0x0000000010008504        0x4 CMakeFiles/ProjectName.dir/home/simone/pico/pico-sdk/src/rp2_common/pico_standard_link/binary_info.c.obj
 .binary_info.keep.__bi_ptr75
                0x0000000010008508        0x4 CMakeFiles/ProjectName.dir/home/simone/pico/pico-sdk/src/rp2_common/pico_standard_link/binary_info.c.obj
 .binary_info.keep.__bi_ptr81
                0x000000001000850c        0x4 CMakeFiles/ProjectName.dir/home/simone/pico/pico-sdk/src/rp2_common/pico_standard_link/binary_info.c.obj
 *(.binary_info.*)
 .binary_info.__bi_ptr93
                0x0000000010008510        0x4 CMakeFiles/ProjectName.dir/home/simone/pico/pico-sdk/src/rp2_common/pico_stdio_usb/stdio_usb.c.obj
                0x0000000010008514                __binary_info_end = .
                0x0000000010008514                . = ALIGN (0x4)
                0x0000000010008514                __etext = .

.ram_vector_table
                0x0000000020000000       0xc0
 *(.ram_vector_table)
 .ram_vector_table
                0x0000000020000000       0xc0 CMakeFiles/ProjectName.dir/home/simone/pico/pico-sdk/src/rp2_common/pico_runtime/runtime.c.obj
                0x0000000020000000                ram_vector_table

.data           0x00000000200000c0      0x500 load address 0x0000000010008514
                0x00000000200000c0                __data_start__ = .
 *(vtable)
 *(.time_critical*)
 .time_critical.mutex_enter_blocking
                0x00000000200000c0       0x94 CMakeFiles/ProjectName.dir/home/simone/pico/pico-sdk/src/common/pico_sync/mutex.c.obj
                0x00000000200000c0                mutex_enter_blocking
 .time_critical.mutex_try_enter
                0x0000000020000154       0x5a CMakeFiles/ProjectName.dir/home/simone/pico/pico-sdk/src/common/pico_sync/mutex.c.obj
                0x0000000020000154                mutex_try_enter
 *fill*         0x00000000200001ae        0x2 
 .time_critical.mutex_enter_block_until
                0x00000000200001b0       0x8c CMakeFiles/ProjectName.dir/home/simone/pico/pico-sdk/src/common/pico_sync/mutex.c.obj
                0x00000000200001b0                mutex_enter_block_until
 .time_critical.mutex_enter_timeout_ms
                0x000000002000023c       0x78 CMakeFiles/ProjectName.dir/home/simone/pico/pico-sdk/src/common/pico_sync/mutex.c.obj
                0x000000002000023c                mutex_enter_timeout_ms
 .time_critical.mutex_exit
                0x00000000200002b4       0x94 CMakeFiles/ProjectName.dir/home/simone/pico/pico-sdk/src/common/pico_sync/mutex.c.obj
                0x00000000200002b4                mutex_exit
 .time_critical.flash_init_boot2_copyout
                0x0000000020000348       0x30 CMakeFiles/ProjectName.dir/home/simone/pico/pico-sdk/src/rp2_common/hardware_flash/flash.c.obj
 .time_critical.flash_enable_xip_via_boot2
                0x0000000020000378       0x10 CMakeFiles/ProjectName.dir/home/simone/pico/pico-sdk/src/rp2_common/hardware_flash/flash.c.obj
 .time_critical.flash_cs_force
                0x0000000020000388       0x28 CMakeFiles/ProjectName.dir/home/simone/pico/pico-sdk/src/rp2_common/hardware_flash/flash.c.obj
 .time_critical.flash_do_cmd
                0x00000000200003b0       0xc0 CMakeFiles/ProjectName.dir/home/simone/pico/pico-sdk/src/rp2_common/hardware_flash/flash.c.obj
                0x00000000200003b0                flash_do_cmd
 *(.text*)
 .text          0x0000000020000470        0x4 /usr/lib/gcc/arm-none-eabi/9.2.1/thumb/v6-m/nofp/libgcc.a(_dvmd_tls.o)
                0x0000000020000470                __aeabi_ldiv0
                0x0000000020000470                __aeabi_idiv0
 *fill*         0x0000000020000474        0x4 
 .text.__stub   0x0000000020000478       0x50 linker stubs
                0x00000000200004c8                . = ALIGN (0x4)
 *(.rodata*)
                0x00000000200004c8                . = ALIGN (0x4)
 *(.data*)
 .data.striped_spin_lock_num
                0x00000000200004c8        0x1 CMakeFiles/ProjectName.dir/home/simone/pico/pico-sdk/src/rp2_common/hardware_sync/sync.c.obj
 *fill*         0x00000000200004c9        0x3 
 .data.default_alarm_pool
                0x00000000200004cc       0x18 CMakeFiles/ProjectName.dir/home/simone/pico/pico-sdk/src/common/pico_time/time.c.obj
 .data.default_alarm_pool_heap
                0x00000000200004e4       0x10 CMakeFiles/ProjectName.dir/home/simone/pico/pico-sdk/src/common/pico_time/time.c.obj
 .data          0x00000000200004f4       0x48 CMakeFiles/ProjectName.dir/home/simone/pico/pico-sdk/src/rp2_common/hardware_irq/irq_handler_chain.S.obj
                0x00000000200004f4                irq_handler_chain_slots
                0x0000000020000524                irq_handler_chain_first_slot
                0x000000002000052e                irq_handler_chain_remove_tail
 *fill*         0x000000002000053c        0x4 
 .data.aeabi_bits_funcs
                0x0000000020000540       0x10 CMakeFiles/ProjectName.dir/home/simone/pico/pico-sdk/src/rp2_common/pico_bit_ops/bit_ops_aeabi.S.obj
                0x0000000020000540                aeabi_bits_funcs
                0x0000000020000550                aeabi_bits_funcs_end
 .data.aeabi_mem_funcs
                0x0000000020000550       0x10 CMakeFiles/ProjectName.dir/home/simone/pico/pico-sdk/src/rp2_common/pico_mem_ops/mem_ops_aeabi.S.obj
                0x0000000020000550                aeabi_mem_funcs
                0x0000000020000560                aeabi_mem_funcs_end
 .data.stdio_usb
                0x0000000020000560       0x14 CMakeFiles/ProjectName.dir/home/simone/pico/pico-sdk/src/rp2_common/pico_stdio_usb/stdio_usb.c.obj
                0x0000000020000560                stdio_usb
 .data.ep_dir_string
                0x0000000020000574        0x8 CMakeFiles/ProjectName.dir/home/simone/pico/pico-sdk/lib/tinyusb/src/portable/raspberrypi/rp2040/rp2040_usb.c.obj
                0x0000000020000574                ep_dir_string
 .data._usbd_qdef
                0x000000002000057c       0x24 CMakeFiles/ProjectName.dir/home/simone/pico/pico-sdk/lib/tinyusb/src/device/usbd.c.obj
                0x000000002000057c                _usbd_qdef
                0x00000000200005a0                . = ALIGN (0x4)
 *(.after_data.*)
                0x00000000200005a0                . = ALIGN (0x4)
                0x00000000200005a0                PROVIDE (__mutex_array_start = .)
 *(SORT_BY_NAME(.mutex_array.*))
 *(.mutex_array)
 .mutex_array   0x00000000200005a0        0x8 CMakeFiles/ProjectName.dir/home/simone/pico/pico-sdk/src/rp2_common/pico_stdio/stdio.c.obj